Archive member included to satisfy reference by file (symbol)

/opt/st/stm32cubeide_2.2.0/plugins/com.st.stm32cube.ide.mcu.externaltools.gnu-tools-for-stm32.14.3.rel1.linux64_1.0.100.202602081740/tools/bin/../lib/gcc/arm-none-eabi/14.3.1/../../../../arm-none-eabi/lib/thumb/v7e-m+dp/hard/libc_nano.a(libc_a-exit.o)
                              /opt/st/stm32cubeide_2.2.0/plugins/com.st.stm32cube.ide.mcu.externaltools.gnu-tools-for-stm32.14.3.rel1.linux64_1.0.100.202602081740/tools/bin/../lib/gcc/arm-none-eabi/14.3.1/../../../../arm-none-eabi/lib/thumb/v7e-m+dp/hard/crt0.o (exit)
/opt/st/stm32cubeide_2.2.0/plugins/com.st.stm32cube.ide.mcu.externaltools.gnu-tools-for-stm32.14.3.rel1.linux64_1.0.100.202602081740/tools/bin/../lib/gcc/arm-none-eabi/14.3.1/../../../../arm-none-eabi/lib/thumb/v7e-m+dp/hard/libc_nano.a(libc_a-nano-vfprintf_float.o)
                              (_printf_float)
/opt/st/stm32cubeide_2.2.0/plugins/com.st.stm32cube.ide.mcu.externaltools.gnu-tools-for-stm32.14.3.rel1.linux64_1.0.100.202602081740/tools/bin/../lib/gcc/arm-none-eabi/14.3.1/../../../../arm-none-eabi/lib/thumb/v7e-m+dp/hard/libc_nano.a(libc_a-nano-vfprintf_i.o)
                              /opt/st/stm32cubeide_2.2.0/plugins/com.st.stm32cube.ide.mcu.externaltools.gnu-tools-for-stm32.14.3.rel1.linux64_1.0.100.202602081740/tools/bin/../lib/gcc/arm-none-eabi/14.3.1/../../../../arm-none-eabi/lib/thumb/v7e-m+dp/hard/libc_nano.a(libc_a-nano-vfprintf_float.o) (_printf_common)
/opt/st/stm32cubeide_2.2.0/plugins/com.st.stm32cube.ide.mcu.externaltools.gnu-tools-for-stm32.14.3.rel1.linux64_1.0.100.202602081740/tools/bin/../lib/gcc/arm-none-eabi/14.3.1/../../../../arm-none-eabi/lib/thumb/v7e-m+dp/hard/libc_nano.a(libc_a-findfp.o)
                              /opt/st/stm32cubeide_2.2.0/plugins/com.st.stm32cube.ide.mcu.externaltools.gnu-tools-for-stm32.14.3.rel1.linux64_1.0.100.202602081740/tools/bin/../lib/gcc/arm-none-eabi/14.3.1/../../../../arm-none-eabi/lib/thumb/v7e-m+dp/hard/libc_nano.a(libc_a-exit.o) (__stdio_exit_handler)
/opt/st/stm32cubeide_2.2.0/plugins/com.st.stm32cube.ide.mcu.externaltools.gnu-tools-for-stm32.14.3.rel1.linux64_1.0.100.202602081740/tools/bin/../lib/gcc/arm-none-eabi/14.3.1/../../../../arm-none-eabi/lib/thumb/v7e-m+dp/hard/libc_nano.a(libc_a-fwalk.o)
                              /opt/st/stm32cubeide_2.2.0/plugins/com.st.stm32cube.ide.mcu.externaltools.gnu-tools-for-stm32.14.3.rel1.linux64_1.0.100.202602081740/tools/bin/../lib/gcc/arm-none-eabi/14.3.1/../../../../arm-none-eabi/lib/thumb/v7e-m+dp/hard/libc_nano.a(libc_a-findfp.o) (_fwalk_sglue)
/opt/st/stm32cubeide_2.2.0/plugins/com.st.stm32cube.ide.mcu.externaltools.gnu-tools-for-stm32.14.3.rel1.linux64_1.0.100.202602081740/tools/bin/../lib/gcc/arm-none-eabi/14.3.1/../../../../arm-none-eabi/lib/thumb/v7e-m+dp/hard/libc_nano.a(libc_a-printf.o)
                              ./Core/Src/bno055.o (printf)
/opt/st/stm32cubeide_2.2.0/plugins/com.st.stm32cube.ide.mcu.externaltools.gnu-tools-for-stm32.14.3.rel1.linux64_1.0.100.202602081740/tools/bin/../lib/gcc/arm-none-eabi/14.3.1/../../../../arm-none-eabi/lib/thumb/v7e-m+dp/hard/libc_nano.a(libc_a-puts.o)
                              ./Core/Src/main.o (puts)
/opt/st/stm32cubeide_2.2.0/plugins/com.st.stm32cube.ide.mcu.externaltools.gnu-tools-for-stm32.14.3.rel1.linux64_1.0.100.202602081740/tools/bin/../lib/gcc/arm-none-eabi/14.3.1/../../../../arm-none-eabi/lib/thumb/v7e-m+dp/hard/libc_nano.a(libc_a-sprintf.o)
                              ./Core/Src/lcd.o (sprintf)
/opt/st/stm32cubeide_2.2.0/plugins/com.st.stm32cube.ide.mcu.externaltools.gnu-tools-for-stm32.14.3.rel1.linux64_1.0.100.202602081740/tools/bin/../lib/gcc/arm-none-eabi/14.3.1/../../../../arm-none-eabi/lib/thumb/v7e-m+dp/hard/libc_nano.a(libc_a-stdio.o)
                              /opt/st/stm32cubeide_2.2.0/plugins/com.st.stm32cube.ide.mcu.externaltools.gnu-tools-for-stm32.14.3.rel1.linux64_1.0.100.202602081740/tools/bin/../lib/gcc/arm-none-eabi/14.3.1/../../../../arm-none-eabi/lib/thumb/v7e-m+dp/hard/libc_nano.a(libc_a-findfp.o) (__sread)
/opt/st/stm32cubeide_2.2.0/plugins/com.st.stm32cube.ide.mcu.externaltools.gnu-tools-for-stm32.14.3.rel1.linux64_1.0.100.202602081740/tools/bin/../lib/gcc/arm-none-eabi/14.3.1/../../../../arm-none-eabi/lib/thumb/v7e-m+dp/hard/libc_nano.a(libc_a-wbuf.o)
                              /opt/st/stm32cubeide_2.2.0/plugins/com.st.stm32cube.ide.mcu.externaltools.gnu-tools-for-stm32.14.3.rel1.linux64_1.0.100.202602081740/tools/bin/../lib/gcc/arm-none-eabi/14.3.1/../../../../arm-none-eabi/lib/thumb/v7e-m+dp/hard/libc_nano.a(libc_a-puts.o) (__swbuf_r)
/opt/st/stm32cubeide_2.2.0/plugins/com.st.stm32cube.ide.mcu.externaltools.gnu-tools-for-stm32.14.3.rel1.linux64_1.0.100.202602081740/tools/bin/../lib/gcc/arm-none-eabi/14.3.1/../../../../arm-none-eabi/lib/thumb/v7e-m+dp/hard/libc_nano.a(libc_a-wsetup.o)
[...]
Memory Configuration

Name             Origin             Length             Attributes
FLASH            0x08000000         0x00200000         xr
DTCMRAM          0x20000000         0x00020000         xrw
RAM_D1           0x24000000         0x00080000         xrw
RAM_D2           0x30000000         0x00048000         xrw
RAM_D3           0x38000000         0x00010000         xrw
ITCMRAM          0x00000000         0x00010000         xrw
*default*        0x00000000         0xffffffff

Linker script and memory map

LOAD /opt/st/stm32cubeide_2.2.0/plugins/com.st.stm32cube.ide.mcu.externaltools.gnu-tools-for-stm32.14.3.rel1.linux64_1.0.100.202602081740/tools/bin/../lib/gcc/arm-none-eabi/14.3.1/thumb/v7e-m+dp/hard/crti.o
LOAD /opt/st/stm32cubeide_2.2.0/plugins/com.st.stm32cube.ide.mcu.externaltools.gnu-tools-for-stm32.14.3.rel1.linux64_1.0.100.202602081740/tools/bin/../lib/gcc/arm-none-eabi/14.3.1/thumb/v7e-m+dp/hard/crtbegin.o
LOAD /opt/st/stm32cubeide_2.2.0/plugins/com.st.stm32cube.ide.mcu.externaltools.gnu-tools-for-stm32.14.3.rel1.linux64_1.0.100.202602081740/tools/bin/../lib/gcc/arm-none-eabi/14.3.1/../../../../arm-none-eabi/lib/thumb/v7e-m+dp/hard/crt0.o
LOAD ./Core/Src/adc.o
LOAD ./Core/Src/bno055.o
LOAD ./Core/Src/gpio.o
LOAD ./Core/Src/i2c.o
LOAD ./Core/Src/lcd.o
LOAD ./Core/Src/logo.o
LOAD ./Core/Src/logo_128_160.o
LOAD ./Core/Src/logo_160_80.o
LOAD ./Core/Src/main.o
LOAD ./Core/Src/spi.o
LOAD ./Core/Src/st7735.o
LOAD ./Core/Src/st7735_reg.o
LOAD ./Core/Src/stm32h7xx_hal_msp.o
LOAD ./Core/Src/stm32h7xx_it.o
LOAD ./Core/Src/syscalls.o
LOAD ./Core/Src/sysmem.o
LOAD ./Core/Src/system_stm32h7xx.o
LOAD ./Core/Src/tim.o
LOAD ./Core/Startup/startup_stm32h743vitx.o
LOAD ./Drivers/STM32H7xx_HAL_Driver/Src/stm32h7xx_hal.o
LOAD ./Drivers/STM32H7xx_HAL_Driver/Src/stm32h7xx_hal_adc.o
LOAD ./Drivers/STM32H7xx_HAL_Driver/Src/stm32h7xx_hal_adc_ex.o
LOAD ./Drivers/STM32H7xx_HAL_Driver/Src/stm32h7xx_hal_cortex.o
LOAD ./Drivers/STM32H7xx_HAL_Driver/Src/stm32h7xx_hal_dma.o
LOAD ./Drivers/STM32H7xx_HAL_Driver/Src/stm32h7xx_hal_dma_ex.o
LOAD ./Drivers/STM32H7xx_HAL_Driver/Src/stm32h7xx_hal_exti.o
LOAD ./Drivers/STM32H7xx_HAL_Driver/Src/stm32h7xx_hal_flash.o
LOAD ./Drivers/STM32H7xx_HAL_Driver/Src/stm32h7xx_hal_flash_ex.o
LOAD ./Drivers/STM32H7xx_HAL_Driver/Src/stm32h7xx_hal_gpio.o
LOAD ./Drivers/STM32H7xx_HAL_Driver/Src/stm32h7xx_hal_hsem.o
LOAD ./Drivers/STM32H7xx_HAL_Driver/Src/stm32h7xx_hal_i2c.o
LOAD ./Drivers/STM32H7xx_HAL_Driver/Src/stm32h7xx_hal_i2c_ex.o
LOAD ./Drivers/STM32H7xx_HAL_Driver/Src/stm32h7xx_hal_mdma.o
LOAD ./Drivers/STM32H7xx_HAL_Driver/Src/stm32h7xx_hal_pcd.o
LOAD ./Drivers/STM32H7xx_HAL_Driver/Src/stm32h7xx_hal_pcd_ex.o
LOAD ./Drivers/STM32H7xx_HAL_Driver/Src/stm32h7xx_hal_pwr.o
LOAD ./Drivers/STM32H7xx_HAL_Driver/Src/stm32h7xx_hal_pwr_ex.o
LOAD ./Drivers/STM32H7xx_HAL_Driver/Src/stm32h7xx_hal_rcc.o
LOAD ./Drivers/STM32H7xx_HAL_Driver/Src/stm32h7xx_hal_rcc_ex.o
LOAD ./Drivers/STM32H7xx_HAL_Driver/Src/stm32h7xx_hal_spi.o
LOAD ./Drivers/STM32H7xx_HAL_Driver/Src/stm32h7xx_hal_spi_ex.o
LOAD ./Drivers/STM32H7xx_HAL_Driver/Src/stm32h7xx_hal_tim.o
LOAD ./Drivers/STM32H7xx_HAL_Driver/Src/stm32h7xx_hal_tim_ex.o
LOAD ./Drivers/STM32H7xx_HAL_Driver/Src/stm32h7xx_ll_usb.o
LOAD ./Middlewares/ST/STM32_USB_Device_Library/Class/CDC/Src/usbd_cdc.o
LOAD ./Middlewares/ST/STM32_USB_Device_Library/Core/Src/usbd_core.o
LOAD ./Middlewares/ST/STM32_USB_Device_Library/Core/Src/usbd_ctlreq.o
LOAD ./Middlewares/ST/STM32_USB_Device_Library/Core/Src/usbd_ioreq.o
LOAD ./USB_DEVICE/App/usb_device.o
LOAD ./USB_DEVICE/App/usbd_cdc_if.o
LOAD ./USB_DEVICE/App/usbd_desc.o
LOAD ./USB_DEVICE/Target/usbd_conf.o
START GROUP
LOAD /opt/st/stm32cubeide_2.2.0/plugins/com.st.stm32cube.ide.mcu.externaltools.gnu-tools-for-stm32.14.3.rel1.linux64_1.0.100.202602081740/tools/bin/../lib/gcc/arm-none-eabi/14.3.1/../../../../arm-none-eabi/lib/thumb/v7e-m+dp/hard/libc_nano.a
LOAD /opt/st/stm32cubeide_2.2.0/plugins/com.st.stm32cube.ide.mcu.externaltools.gnu-tools-for-stm32.14.3.rel1.linux64_1.0.100.202602081740/tools/bin/../lib/gcc/arm-none-eabi/14.3.1/../../../../arm-none-eabi/lib/thumb/v7e-m+dp/hard/libm.a
END GROUP
START GROUP
LOAD /opt/st/stm32cubeide_2.2.0/plugins/com.st.stm32cube.ide.mcu.externaltools.gnu-tools-for-stm32.14.3.rel1.linux64_1.0.100.202602081740/tools/bin/../lib/gcc/arm-none-eabi/14.3.1/thumb/v7e-m+dp/hard/libgcc.a
LOAD /opt/st/stm32cubeide_2.2.0/plugins/com.st.stm32cube.ide.mcu.externaltools.gnu-tools-for-stm32.14.3.rel1.linux64_1.0.100.202602081740/tools/bin/../lib/gcc/arm-none-eabi/14.3.1/../../../../arm-none-eabi/lib/thumb/v7e-m+dp/hard/libc_nano.a
END GROUP
START GROUP
LOAD /opt/st/stm32cubeide_2.2.0/plugins/com.st.stm32cube.ide.mcu.externaltools.gnu-tools-for-stm32.14.3.rel1.linux64_1.0.100.202602081740/tools/bin/../lib/gcc/arm-none-eabi/14.3.1/thumb/v7e-m+dp/hard/libgcc.a
LOAD /opt/st/stm32cubeide_2.2.0/plugins/com.st.stm32cube.ide.mcu.externaltools.gnu-tools-for-stm32.14.3.rel1.linux64_1.0.100.202602081740/tools/bin/../lib/gcc/arm-none-eabi/14.3.1/../../../../arm-none-eabi/lib/thumb/v7e-m+dp/hard/libc_nano.a
LOAD /opt/st/stm32cubeide_2.2.0/plugins/com.st.stm32cube.ide.mcu.externaltools.gnu-tools-for-stm32.14.3.rel1.linux64_1.0.100.202602081740/tools/bin/../lib/gcc/arm-none-eabi/14.3.1/../../../../arm-none-eabi/lib/thumb/v7e-m+dp/hard/libnosys.a
END GROUP
START GROUP
LOAD /opt/st/stm32cubeide_2.2.0/plugins/com.st.stm32cube.ide.mcu.externaltools.gnu-tools-for-stm32.14.3.rel1.linux64_1.0.100.202602081740/tools/bin/../lib/gcc/arm-none-eabi/14.3.1/thumb/v7e-m+dp/hard/libgcc.a
LOAD /opt/st/stm32cubeide_2.2.0/plugins/com.st.stm32cube.ide.mcu.externaltools.gnu-tools-for-stm32.14.3.rel1.linux64_1.0.100.202602081740/tools/bin/../lib/gcc/arm-none-eabi/14.3.1/../../../../arm-none-eabi/lib/thumb/v7e-m+dp/hard/libc_nano.a
LOAD /opt/st/stm32cubeide_2.2.0/plugins/com.st.stm32cube.ide.mcu.externaltools.gnu-tools-for-stm32.14.3.rel1.linux64_1.0.100.202602081740/tools/bin/../lib/gcc/arm-none-eabi/14.3.1/../../../../arm-none-eabi/lib/thumb/v7e-m+dp/hard/libnosys.a
END GROUP
LOAD /opt/st/stm32cubeide_2.2.0/plugins/com.st.stm32cube.ide.mcu.externaltools.gnu-tools-for-stm32.14.3.rel1.linux64_1.0.100.202602081740/tools/bin/../lib/gcc/arm-none-eabi/14.3.1/thumb/v7e-m+dp/hard/crtend.o
LOAD /opt/st/stm32cubeide_2.2.0/plugins/com.st.stm32cube.ide.mcu.externaltools.gnu-tools-for-stm32.14.3.rel1.linux64_1.0.100.202602081740/tools/bin/../lib/gcc/arm-none-eabi/14.3.1/thumb/v7e-m+dp/hard/crtn.o
                0x24080000                        _estack = (ORIGIN (RAM_D1) + LENGTH (RAM_D1))
                0x00000200                        _Min_Heap_Size = 0x200
                0x00000400                        _Min_Stack_Size = 0x400

.isr_vector     0x08000000      0x298
                0x08000000                        . = ALIGN (0x4)
 *(.isr_vector)
 .isr_vector    0x08000000      0x298 ./Core/Startup/startup_stm32h743vitx.o
                0x08000000                g_pfnVectors
                0x08000298                        . = ALIGN (0x4)

.text           0x080002a0    0x16b88
                0x080002a0                        . = ALIGN (0x4)
 *(.text)
 .text          0x080002a0       0x40 /opt/st/stm32cubeide_2.2.0/plugins/com.st.stm32cube.ide.mcu.externaltools.gnu-tools-for-stm32.14.3.rel1.linux64_1.0.100.202602081740/tools/bin/../lib/gcc/arm-none-eabi/14.3.1/thumb/v7e-m+dp/hard/crtbegin.o
 .text          0x080002e0       0xa0 /opt/st/stm32cubeide_2.2.0/plugins/com.st.stm32cube.ide.mcu.externaltools.gnu-tools-for-stm32.14.3.rel1.linux64_1.0.100.202602081740/tools/bin/../lib/gcc/arm-none-eabi/14.3.1/../../../../arm-none-eabi/lib/thumb/v7e-m+dp/hard/libc_nano.a(libc_a-memchr.o)
                0x080002e0                memchr
 .text          0x08000380       0x10 /opt/st/stm32cubeide_2.2.0/plugins/com.st.stm32cube.ide.mcu.externaltools.gnu-tools-for-stm32.14.3.rel1.linux64_1.0.100.202602081740/tools/bin/../lib/gcc/arm-none-eabi/14.3.1/../../../../arm-none-eabi/lib/thumb/v7e-m+dp/hard/libc_nano.a(libc_a-strlen.o)
                0x08000380                strlen
 *(.text*)
 .text.MX_ADC3_Init
                0x08000390      0x144 ./Core/Src/adc.o
                0x08000390                MX_ADC3_Init
 .text.HAL_ADC_MspInit
                0x080004d4       0xc4 ./Core/Src/adc.o
                0x080004d4                HAL_ADC_MspInit
 .text.bno055_setPage
                0x08000598       0x1c ./Core/Src/bno055.o
                0x08000598                bno055_setPage
 .text.bno055_setOperationMode
                0x080005b4       0x30 ./Core/Src/bno055.o
                0x080005b4                bno055_setOperationMode
 .text.bno055_setOperationModeConfig
                0x080005e4        0xe ./Core/Src/bno055.o
                0x080005e4                bno055_setOperationModeConfig
 .text.bno055_setOperationModeNDOF
                0x080005f2        0xe ./Core/Src/bno055.o
                0x080005f2                bno055_setOperationModeNDOF
 .text.bno055_reset
                0x08000600       0x18 ./Core/Src/bno055.o
                0x08000600                bno055_reset
 .text.bno055_setup
                0x08000618       0x50 ./Core/Src/bno055.o
                0x08000618                bno055_setup
 .text.MX_GPIO_Init
                0x08000668      0x1a0 ./Core/Src/gpio.o
                0x08000668                MX_GPIO_Init
 .text.MX_I2C1_Init
                0x08000808       0x80 ./Core/Src/i2c.o
                0x08000808                MX_I2C1_Init
 .text.HAL_I2C_MspInit
                0x08000888       0xd0 ./Core/Src/i2c.o
                0x08000888                HAL_I2C_MspInit
 .text.LCD_Test
                0x08000958      0x1d8 ./Core/Src/lcd.o
                0x08000958                LCD_Test
 .text.LCD_SetBrightness
                0x08000b30       0x20 ./Core/Src/lcd.o
                0x08000b30                LCD_SetBrightness
 .text.LCD_GetBrightness
                0x08000b50       0x18 ./Core/Src/lcd.o
                0x08000b50                LCD_GetBrightness
 .text.LCD_Light
                0x08000b68       0xea ./Core/Src/lcd.o
                0x08000b68                LCD_Light
 *fill*         0x08000c52        0x2 
 .text.LCD_ShowChar
                0x08000c54      0x42c ./Core/Src/lcd.o
                0x08000c54                LCD_ShowChar
 .text.LCD_ShowString
                0x08001080       0x9a ./Core/Src/lcd.o
                0x08001080                LCD_ShowString
 *fill*         0x0800111a        0x2 
 .text.lcd_init
                0x0800111c       0x20 ./Core/Src/lcd.o
 .text.lcd_gettick
                0x0800113c        0xe ./Core/Src/lcd.o
 *fill*         0x0800114a        0x2 
 .text.lcd_writereg
                0x0800114c       0x94 ./Core/Src/lcd.o
 .text.lcd_readreg
                0x080011e0       0x88 ./Core/Src/lcd.o
 .text.lcd_senddata
                0x08001268       0x58 ./Core/Src/lcd.o
 .text.lcd_recvdata
                0x080012c0       0x5c ./Core/Src/lcd.o
 .text.bno055_assignI2C
                0x0800131c       0x20 ./Core/Src/main.o
                0x0800131c                bno055_assignI2C
 .text.bno055_delay
                0x0800133c       0x18 ./Core/Src/main.o
                0x0800133c                bno055_delay
 .text.bno055_writeData
                0x08001354      0x1b4 ./Core/Src/main.o
                0x08001354                bno055_writeData
 .text.bno055_readData
                0x08001508       0x44 ./Core/Src/main.o
                0x08001508                bno055_readData
 .text.MPU_Config
                0x0800154c       0x90 ./Core/Src/main.o
 .text.CPU_CACHE_Enable
                0x080015dc       0xdc ./Core/Src/main.o
 .text.LED_Pisca
                0x080016b8       0x34 ./Core/Src/main.o
                0x080016b8                LED_Pisca
 .text.calcular_PID
                0x080016ec      0x134 ./Core/Src/main.o
                0x080016ec                calcular_PID
 .text.OmegaSpeedLeft
                0x08001820       0x50 ./Core/Src/main.o
                0x08001820                OmegaSpeedLeft
 .text.OmegaSpeedRight
                0x08001870       0x50 ./Core/Src/main.o
                0x08001870                OmegaSpeedRight
 .text.CalcularVelAngularRodas
                0x080018c0       0xe8 ./Core/Src/main.o
                0x080018c0                CalcularVelAngularRodas
 .text.ControleReferenciaVariavelPosicao
                0x080019a8      0x254 ./Core/Src/main.o
                0x080019a8                ControleReferenciaVariavelPosicao
 *fill*         0x08001bfc        0x4 
 .text.main     0x08001c00      0x530 ./Core/Src/main.o
                0x08001c00                main
 .text.SystemClock_Config
                0x08002130       0xf8 ./Core/Src/main.o
                0x08002130                SystemClock_Config
 .text.Error_Handler
                0x08002228        0xe ./Core/Src/main.o
                0x08002228                Error_Handler
 *fill*         0x08002236        0x2 
 .text.MX_SPI4_Init
                0x08002238       0xb0 ./Core/Src/spi.o
                0x08002238                MX_SPI4_Init
 .text.HAL_SPI_MspInit
                0x080022e8       0xd0 ./Core/Src/spi.o
                0x080022e8                HAL_SPI_MspInit
 .text.ST7735_RegisterBusIO
                0x080023b8       0xa8 ./Core/Src/st7735.o
                0x080023b8                ST7735_RegisterBusIO
 .text.ST7735_Init
                0x08002460      0x77e ./Core/Src/st7735.o
                0x08002460                ST7735_Init
 .text.ST7735_DeInit
                0x08002bde       0x16 ./Core/Src/st7735.o
                0x08002bde                ST7735_DeInit
 .text.ST7735_ReadID
                0x08002bf4       0x8e ./Core/Src/st7735.o
                0x08002bf4                ST7735_ReadID
 *fill*         0x08002c82        0x2 
 .text.ST7735_DisplayOn
                0x08002c84       0xc8 ./Core/Src/st7735.o
                0x08002c84                ST7735_DisplayOn
 .text.ST7735_DisplayOff
                0x08002d4c       0xc8 ./Core/Src/st7735.o
                0x08002d4c                ST7735_DisplayOff
 .text.ST7735_SetBrightness
                0x08002e14       0x1a ./Core/Src/st7735.o
                0x08002e14                ST7735_SetBrightness
 .text.ST7735_GetBrightness
                0x08002e2e       0x1a ./Core/Src/st7735.o
                0x08002e2e                ST7735_GetBrightness
 .text.ST7735_SetOrientation
                0x08002e48      0x11c ./Core/Src/st7735.o
                0x08002e48                ST7735_SetOrientation
 .text.ST7735_GetOrientation
                0x08002f64       0x24 ./Core/Src/st7735.o
                0x08002f64                ST7735_GetOrientation
 .text.ST7735_SetCursor
                0x08002f88      0x178 ./Core/Src/st7735.o
                0x08002f88                ST7735_SetCursor
 .text.ST7735_DrawBitmap
                0x08003100      0x214 ./Core/Src/st7735.o
                0x08003100                ST7735_DrawBitmap
 .text.ST7735_FillRGBRect
                0x08003314       0xd0 ./Core/Src/st7735.o
                0x08003314                ST7735_FillRGBRect
 .text.ST7735_DrawHLine
                0x080033e4       0xa0 ./Core/Src/st7735.o
                0x080033e4                ST7735_DrawHLine
 .text.ST7735_DrawVLine
                0x08003484       0x68 ./Core/Src/st7735.o
                0x08003484                ST7735_DrawVLine
 .text.ST7735_FillRect
                0x080034ec       0x58 ./Core/Src/st7735.o
                0x080034ec                ST7735_FillRect
 .text.ST7735_SetPixel
                0x08003544       0x88 ./Core/Src/st7735.o
                0x08003544                ST7735_SetPixel
 .text.ST7735_GetPixel
                0x080035cc       0x9e ./Core/Src/st7735.o
                0x080035cc                ST7735_GetPixel
 *fill*         0x0800366a        0x2 
 .text.ST7735_GetXSize
                0x0800366c       0x24 ./Core/Src/st7735.o
                0x0800366c                ST7735_GetXSize
 .text.ST7735_GetYSize
                0x08003690       0x24 ./Core/Src/st7735.o
                0x08003690                ST7735_GetYSize
 .text.ST7735_SetDisplayWindow
                0x080036b4      0x208 ./Core/Src/st7735.o
 .text.ST7735_ReadRegWrap
                0x080038bc       0x28 ./Core/Src/st7735.o
 .text.ST7735_WriteRegWrap
                0x080038e4       0x2a ./Core/Src/st7735.o
 .text.ST7735_SendDataWrap
                0x0800390e       0x24 ./Core/Src/st7735.o
 .text.ST7735_RecvDataWrap
                0x08003932       0x24 ./Core/Src/st7735.o
 .text.ST7735_IO_Delay
                0x08003956       0x34 ./Core/Src/st7735.o
 .text.st7735_read_reg
                0x0800398a       0x26 ./Core/Src/st7735_reg.o
                0x0800398a                st7735_read_reg
 .text.st7735_write_reg
                0x080039b0       0x2a ./Core/Src/st7735_reg.o
                0x080039b0                st7735_write_reg
 .text.st7735_send_data
                0x080039da       0x24 ./Core/Src/st7735_reg.o
                0x080039da                st7735_send_data
 .text.st7735_recv_data
                0x080039fe       0x24 ./Core/Src/st7735_reg.o
                0x080039fe                st7735_recv_data
 *fill*         0x08003a22        0x2 
 .text.HAL_MspInit
                0x08003a24       0x58 ./Core/Src/stm32h7xx_hal_msp.o
                0x08003a24                HAL_MspInit
 .text.NMI_Handler
                0x08003a7c        0x8 ./Core/Src/stm32h7xx_it.o
                0x08003a7c                NMI_Handler
 .text.HardFault_Handler
                0x08003a84        0x8 ./Core/Src/stm32h7xx_it.o
                0x08003a84                HardFault_Handler
 .text.MemManage_Handler
                0x08003a8c        0x8 ./Core/Src/stm32h7xx_it.o
                0x08003a8c                MemManage_Handler
 .text.BusFault_Handler
                0x08003a94        0x8 ./Core/Src/stm32h7xx_it.o
                0x08003a94                BusFault_Handler
 .text.UsageFault_Handler
                0x08003a9c        0x8 ./Core/Src/stm32h7xx_it.o
                0x08003a9c                UsageFault_Handler
 .text.SVC_Handler
                0x08003aa4        0xe ./Core/Src/stm32h7xx_it.o
                0x08003aa4                SVC_Handler
 .text.DebugMon_Handler
                0x08003ab2        0xe ./Core/Src/stm32h7xx_it.o
                0x08003ab2                DebugMon_Handler
 .text.PendSV_Handler
                0x08003ac0        0xe ./Core/Src/stm32h7xx_it.o
                0x08003ac0                PendSV_Handler
 .text.SysTick_Handler
                0x08003ace        0xc ./Core/Src/stm32h7xx_it.o
                0x08003ace                SysTick_Handler
 *fill*         0x08003ada        0x2 
 .text.OTG_FS_IRQHandler
                0x08003adc       0x14 ./Core/Src/stm32h7xx_it.o
                0x08003adc                OTG_FS_IRQHandler
 .text._getpid  0x08003af0       0x10 ./Core/Src/syscalls.o
                0x08003af0                _getpid
 .text._kill    0x08003b00       0x20 ./Core/Src/syscalls.o
                0x08003b00                _kill
 .text._exit    0x08003b20       0x16 ./Core/Src/syscalls.o
                0x08003b20                _exit
 .text._read    0x08003b36       0x3a ./Core/Src/syscalls.o
                0x08003b36                _read
 .text._write   0x08003b70       0x38 ./Core/Src/syscalls.o
                0x08003b70                _write
 .text._close   0x08003ba8       0x18 ./Core/Src/syscalls.o
                0x08003ba8                _close
 .text._fstat   0x08003bc0       0x20 ./Core/Src/syscalls.o
                0x08003bc0                _fstat
 .text._isatty  0x08003be0       0x16 ./Core/Src/syscalls.o
                0x08003be0                _isatty
 .text._lseek   0x08003bf6       0x1a ./Core/Src/syscalls.o
                0x08003bf6                _lseek
 .text._sbrk    0x08003c10       0x6c ./Core/Src/sysmem.o
                0x08003c10                _sbrk
 .text.SystemInit
                0x08003c7c      0x110 ./Core/Src/system_stm32h7xx.o
                0x08003c7c                SystemInit
 .text.MX_TIM1_Init
                0x08003d8c      0x120 ./Core/Src/tim.o
                0x08003d8c                MX_TIM1_Init
 .text.MX_TIM2_Init
                0x08003eac       0xa8 ./Core/Src/tim.o
                0x08003eac                MX_TIM2_Init
 .text.MX_TIM3_Init
                0x08003f54       0xac ./Core/Src/tim.o
                0x08003f54                MX_TIM3_Init
 .text.MX_TIM4_Init
                0x08004000      0x104 ./Core/Src/tim.o
                0x08004000                MX_TIM4_Init
 .text.MX_TIM8_Init
                0x08004104       0xa4 ./Core/Src/tim.o
                0x08004104                MX_TIM8_Init
 .text.HAL_TIM_PWM_MspInit
                0x080041a8       0x44 ./Core/Src/tim.o
                0x080041a8                HAL_TIM_PWM_MspInit
 .text.HAL_TIM_Encoder_MspInit
                0x080041ec       0xfc ./Core/Src/tim.o
                0x080041ec                HAL_TIM_Encoder_MspInit
 .text.HAL_TIM_Base_MspInit
                0x080042e8       0x74 ./Core/Src/tim.o
                0x080042e8                HAL_TIM_Base_MspInit
 .text.HAL_TIM_MspPostInit
                0x0800435c       0xcc ./Core/Src/tim.o
                0x0800435c                HAL_TIM_MspPostInit
 .text.Reset_Handler
                0x08004428       0x50 ./Core/Startup/startup_stm32h743vitx.o
                0x08004428                Reset_Handler
 .text.Default_Handler
                0x08004478        0x2 ./Core/Startup/startup_stm32h743vitx.o
                0x08004478                RTC_Alarm_IRQHandler
                0x08004478                EXTI2_IRQHandler
                0x08004478                TIM8_CC_IRQHandler
                0x08004478                HRTIM1_Master_IRQHandler
                0x08004478                UART8_IRQHandler
                0x08004478                SPI4_IRQHandler
                0x08004478                TIM1_CC_IRQHandler
                0x08004478                BDMA_Channel6_IRQHandler
                0x08004478                DMA2_Stream5_IRQHandler
                0x08004478                HRTIM1_FLT_IRQHandler
                0x08004478                JPEG_IRQHandler
                0x08004478                DMA1_Stream5_IRQHandler
                0x08004478                BDMA_Channel1_IRQHandler
                0x08004478                HRTIM1_TIMD_IRQHandler
                0x08004478                TAMP_STAMP_IRQHandler
                0x08004478                EXTI3_IRQHandler
                0x08004478                LPTIM4_IRQHandler
                0x08004478                TIM8_TRG_COM_TIM14_IRQHandler
                0x08004478                LPTIM2_IRQHandler
                0x08004478                DFSDM1_FLT1_IRQHandler
                0x08004478                DMAMUX2_OVR_IRQHandler
                0x08004478                TIM8_UP_TIM13_IRQHandler
                0x08004478                I2C3_ER_IRQHandler
                0x08004478                DFSDM1_FLT2_IRQHandler
                0x08004478                MDMA_IRQHandler
                0x08004478                LPTIM3_IRQHandler
                0x08004478                HSEM1_IRQHandler
                0x08004478                EXTI0_IRQHandler
                0x08004478                I2C2_EV_IRQHandler
                0x08004478                DMA1_Stream2_IRQHandler
                0x08004478                FPU_IRQHandler
                0x08004478                OTG_HS_WKUP_IRQHandler
                0x08004478                FDCAN1_IT1_IRQHandler
                0x08004478                LTDC_ER_IRQHandler
                0x08004478                DMA2_Stream2_IRQHandler
                0x08004478                HRTIM1_TIME_IRQHandler
                0x08004478                SPI1_IRQHandler
                0x08004478                TIM6_DAC_IRQHandler
                0x08004478                DCMI_IRQHandler
                0x08004478                HRTIM1_TIMC_IRQHandler
                0x08004478                DMA2_Stream3_IRQHandler
                0x08004478                SAI2_IRQHandler
                0x08004478                DFSDM1_FLT3_IRQHandler
                0x08004478                USART6_IRQHandler
                0x08004478                TIM17_IRQHandler
                0x08004478                USART3_IRQHandler
                0x08004478                BDMA_Channel7_IRQHandler
                0x08004478                LPTIM5_IRQHandler
                0x08004478                UART5_IRQHandler
                0x08004478                ADC3_IRQHandler
                0x08004478                DMA2_Stream0_IRQHandler
                0x08004478                TIM4_IRQHandler
                0x08004478                BDMA_Channel2_IRQHandler
                0x08004478                QUADSPI_IRQHandler
                0x08004478                I2C1_EV_IRQHandler
                0x08004478                DMA1_Stream6_IRQHandler
                0x08004478                DMAMUX1_OVR_IRQHandler
                0x08004478                DMA1_Stream1_IRQHandler
                0x08004478                TIM16_IRQHandler
                0x08004478                UART4_IRQHandler
                0x08004478                BDMA_Channel5_IRQHandler
                0x08004478                TIM3_IRQHandler
                0x08004478                RCC_IRQHandler
                0x08004478                TIM8_BRK_TIM12_IRQHandler
                0x08004478                TIM1_TRG_COM_IRQHandler
                0x08004478                Default_Handler
                0x08004478                ECC_IRQHandler
                0x08004478                CEC_IRQHandler
                0x08004478                EXTI15_10_IRQHandler
                0x08004478                BDMA_Channel0_IRQHandler
                0x08004478                ADC_IRQHandler
                0x08004478                DMA1_Stream7_IRQHandler
                0x08004478                HRTIM1_TIMA_IRQHandler
                0x08004478                SPI5_IRQHandler
                0x08004478                TIM7_IRQHandler
                0x08004478                SDMMC1_IRQHandler
                0x08004478                TIM5_IRQHandler
                0x08004478                DMA2_Stream7_IRQHandler
                0x08004478                TIM15_IRQHandler
                0x08004478                PVD_AVD_IRQHandler
                0x08004478                I2C3_EV_IRQHandler
                0x08004478                EXTI9_5_IRQHandler
                0x08004478                RTC_WKUP_IRQHandler
                0x08004478                LTDC_IRQHandler
                0x08004478                SAI3_IRQHandler
                0x08004478                ETH_WKUP_IRQHandler
                0x08004478                SPDIF_RX_IRQHandler
                0x08004478                SPI2_IRQHandler
                0x08004478                OTG_HS_EP1_IN_IRQHandler
                0x08004478                DMA1_Stream0_IRQHandler
                0x08004478                CRS_IRQHandler
                0x08004478                EXTI4_IRQHandler
                0x08004478                RNG_IRQHandler
                0x08004478                HRTIM1_TIMB_IRQHandler
                0x08004478                FDCAN2_IT1_IRQHandler
                0x08004478                ETH_IRQHandler
                0x08004478                TIM1_UP_IRQHandler
                0x08004478                BDMA_Channel4_IRQHandler
                0x08004478                OTG_HS_EP1_OUT_IRQHandler
                0x08004478                WWDG_IRQHandler
                0x08004478                SPI6_IRQHandler
                0x08004478                MDIOS_IRQHandler
                0x08004478                I2C4_EV_IRQHandler
                0x08004478                FDCAN2_IT0_IRQHandler
                0x08004478                LPUART1_IRQHandler
                0x08004478                FDCAN1_IT0_IRQHandler
                0x08004478                TIM2_IRQHandler
                0x08004478                OTG_FS_WKUP_IRQHandler
                0x08004478                OTG_HS_IRQHandler
                0x08004478                DMA2D_IRQHandler
                0x08004478                TIM1_BRK_IRQHandler
                0x08004478                EXTI1_IRQHandler
                0x08004478                SDMMC2_IRQHandler
                0x08004478                OTG_FS_EP1_OUT_IRQHandler
                0x08004478                BDMA_Channel3_IRQHandler
                0x08004478                UART7_IRQHandler
                0x08004478                MDIOS_WKUP_IRQHandler
                0x08004478                USART2_IRQHandler
                0x08004478                DFSDM1_FLT0_IRQHandler
                0x08004478                SAI4_IRQHandler
                0x08004478                I2C2_ER_IRQHandler
                0x08004478                DMA2_Stream1_IRQHandler
                0x08004478                FLASH_IRQHandler
                0x08004478                DMA2_Stream4_IRQHandler
                0x08004478                USART1_IRQHandler
                0x08004478                SPI3_IRQHandler
                0x08004478                WAKEUP_PIN_IRQHandler
                0x08004478                DMA1_Stream4_IRQHandler
                0x08004478                OTG_FS_EP1_IN_IRQHandler
                0x08004478                I2C1_ER_IRQHandler
                0x08004478                FMC_IRQHandler
                0x08004478                FDCAN_CAL_IRQHandler
                0x08004478                SWPMI1_IRQHandler
                0x08004478                COMP1_IRQHandler
                0x08004478                LPTIM1_IRQHandler
                0x08004478                I2C4_ER_IRQHandler
                0x08004478                DMA2_Stream6_IRQHandler
                0x08004478                SAI1_IRQHandler
                0x08004478                DMA1_Stream3_IRQHandler
 *fill*         0x0800447a        0x2 
 .text.HAL_Init
                0x0800447c       0x78 ./Drivers/STM32H7xx_HAL_Driver/Src/stm32h7xx_hal.o
                0x0800447c                HAL_Init
 .text.HAL_InitTick
                0x080044f4       0x6c ./Drivers/STM32H7xx_HAL_Driver/Src/stm32h7xx_hal.o
                0x080044f4                HAL_InitTick
 .text.HAL_IncTick
                0x08004560       0x28 ./Drivers/STM32H7xx_HAL_Driver/Src/stm32h7xx_hal.o
                0x08004560                HAL_IncTick
 .text.HAL_GetTick
                0x08004588       0x18 ./Drivers/STM32H7xx_HAL_Driver/Src/stm32h7xx_hal.o
                0x08004588                HAL_GetTick
 .text.HAL_Delay
                0x080045a0       0x48 ./Drivers/STM32H7xx_HAL_Driver/Src/stm32h7xx_hal.o
                0x080045a0                HAL_Delay
 .text.HAL_GetREVID
                0x080045e8       0x18 ./Drivers/STM32H7xx_HAL_Driver/Src/stm32h7xx_hal.o
                0x080045e8                HAL_GetREVID
 .text.HAL_SYSCFG_VREFBUF_HighImpedanceConfig
                0x08004600       0x28 ./Drivers/STM32H7xx_HAL_Driver/Src/stm32h7xx_hal.o
                0x08004600                HAL_SYSCFG_VREFBUF_HighImpedanceConfig
 .text.HAL_SYSCFG_DisableVREFBUF
                0x08004628       0x20 ./Drivers/STM32H7xx_HAL_Driver/Src/stm32h7xx_hal.o
                0x08004628                HAL_SYSCFG_DisableVREFBUF
 .text.HAL_SYSCFG_AnalogSwitchConfig
                0x08004648       0x2c ./Drivers/STM32H7xx_HAL_Driver/Src/stm32h7xx_hal.o
                0x08004648                HAL_SYSCFG_AnalogSwitchConfig
 .text.LL_ADC_SetCommonClock
                0x08004674       0x26 ./Drivers/STM32H7xx_HAL_Driver/Src/stm32h7xx_hal_adc.o
 .text.LL_ADC_SetCommonPathInternalCh
                0x0800469a       0x26 ./Drivers/STM32H7xx_HAL_Driver/Src/stm32h7xx_hal_adc.o
 .text.LL_ADC_GetCommonPathInternalCh
                0x080046c0       0x1c ./Drivers/STM32H7xx_HAL_Driver/Src/stm32h7xx_hal_adc.o
 .text.LL_ADC_SetChannelPreselection
                0x080046dc       0x66 ./Drivers/STM32H7xx_HAL_Driver/Src/stm32h7xx_hal_adc.o
 .text.LL_ADC_SetOffset
                0x08004742       0x40 ./Drivers/STM32H7xx_HAL_Driver/Src/stm32h7xx_hal_adc.o
 .text.LL_ADC_SetDataRightShift
                0x08004782       0x32 ./Drivers/STM32H7xx_HAL_Driver/Src/stm32h7xx_hal_adc.o
 .text.LL_ADC_SetOffsetSignedSaturation
                0x080047b4       0x36 ./Drivers/STM32H7xx_HAL_Driver/Src/stm32h7xx_hal_adc.o
 .text.LL_ADC_REG_IsTriggerSourceSWStart
                0x080047ea       0x26 ./Drivers/STM32H7xx_HAL_Driver/Src/stm32h7xx_hal_adc.o
 .text.LL_ADC_REG_SetSequencerRanks
                0x08004810       0x58 ./Drivers/STM32H7xx_HAL_Driver/Src/stm32h7xx_hal_adc.o
 .text.LL_ADC_SetChannelSamplingTime
                0x08004868       0x56 ./Drivers/STM32H7xx_HAL_Driver/Src/stm32h7xx_hal_adc.o
 *fill*         0x080048be        0x2 
 .text.LL_ADC_SetChannelSingleDiff
                0x080048c0       0x48 ./Drivers/STM32H7xx_HAL_Driver/Src/stm32h7xx_hal_adc.o
 .text.LL_ADC_GetMultimode
                0x08004908       0x1c ./Drivers/STM32H7xx_HAL_Driver/Src/stm32h7xx_hal_adc.o
 .text.LL_ADC_GetMultiDMATransfer
                0x08004924       0x1c ./Drivers/STM32H7xx_HAL_Driver/Src/stm32h7xx_hal_adc.o
 .text.LL_ADC_DisableDeepPowerDown
                0x08004940       0x24 ./Drivers/STM32H7xx_HAL_Driver/Src/stm32h7xx_hal_adc.o
 .text.LL_ADC_IsDeepPowerDownEnabled
                0x08004964       0x28 ./Drivers/STM32H7xx_HAL_Driver/Src/stm32h7xx_hal_adc.o
 .text.LL_ADC_EnableInternalRegulator
                0x0800498c       0x28 ./Drivers/STM32H7xx_HAL_Driver/Src/stm32h7xx_hal_adc.o
 .text.LL_ADC_IsInternalRegulatorEnabled
                0x080049b4       0x28 ./Drivers/STM32H7xx_HAL_Driver/Src/stm32h7xx_hal_adc.o
 .text.LL_ADC_Enable
                0x080049dc       0x28 ./Drivers/STM32H7xx_HAL_Driver/Src/stm32h7xx_hal_adc.o
 .text.LL_ADC_Disable
                0x08004a04       0x28 ./Drivers/STM32H7xx_HAL_Driver/Src/stm32h7xx_hal_adc.o
 .text.LL_ADC_IsEnabled
                0x08004a2c       0x26 ./Drivers/STM32H7xx_HAL_Driver/Src/stm32h7xx_hal_adc.o
 .text.LL_ADC_IsDisableOngoing
                0x08004a52       0x26 ./Drivers/STM32H7xx_HAL_Driver/Src/stm32h7xx_hal_adc.o
 .text.LL_ADC_REG_StartConversion
                0x08004a78       0x28 ./Drivers/STM32H7xx_HAL_Driver/Src/stm32h7xx_hal_adc.o
 .text.LL_ADC_REG_StopConversion
                0x08004aa0       0x28 ./Drivers/STM32H7xx_HAL_Driver/Src/stm32h7xx_hal_adc.o
 .text.LL_ADC_REG_IsConversionOngoing
                0x08004ac8       0x26 ./Drivers/STM32H7xx_HAL_Driver/Src/stm32h7xx_hal_adc.o
 *fill*         0x08004aee        0x2 
 .text.LL_ADC_INJ_StopConversion
                0x08004af0       0x28 ./Drivers/STM32H7xx_HAL_Driver/Src/stm32h7xx_hal_adc.o
 .text.LL_ADC_INJ_IsConversionOngoing
                0x08004b18       0x26 ./Drivers/STM32H7xx_HAL_Driver/Src/stm32h7xx_hal_adc.o
 *fill*         0x08004b3e        0x2 
 .text.HAL_ADC_Init
                0x08004b40      0x344 ./Drivers/STM32H7xx_HAL_Driver/Src/stm32h7xx_hal_adc.o
                0x08004b40                HAL_ADC_Init
 .text.HAL_ADC_Start
                0x08004e84      0x194 ./Drivers/STM32H7xx_HAL_Driver/Src/stm32h7xx_hal_adc.o
                0x08004e84                HAL_ADC_Start
 .text.HAL_ADC_Stop
                0x08005018       0x68 ./Drivers/STM32H7xx_HAL_Driver/Src/stm32h7xx_hal_adc.o
                0x08005018                HAL_ADC_Stop
 .text.HAL_ADC_PollForConversion
                0x08005080      0x1e8 ./Drivers/STM32H7xx_HAL_Driver/Src/stm32h7xx_hal_adc.o
                0x08005080                HAL_ADC_PollForConversion
 .text.HAL_ADC_GetValue
                0x08005268       0x1a ./Drivers/STM32H7xx_HAL_Driver/Src/stm32h7xx_hal_adc.o
                0x08005268                HAL_ADC_GetValue
 *fill*         0x08005282        0x2 
 .text.HAL_ADC_ConfigChannel
                0x08005284      0x5e0 ./Drivers/STM32H7xx_HAL_Driver/Src/stm32h7xx_hal_adc.o
                0x08005284                HAL_ADC_ConfigChannel
 .text.ADC_ConversionStop
                0x08005864      0x178 ./Drivers/STM32H7xx_HAL_Driver/Src/stm32h7xx_hal_adc.o
                0x08005864                ADC_ConversionStop
 .text.ADC_Enable
                0x080059dc      0x114 ./Drivers/STM32H7xx_HAL_Driver/Src/stm32h7xx_hal_adc.o
                0x080059dc                ADC_Enable
 .text.ADC_Disable
                0x08005af0       0xbe ./Drivers/STM32H7xx_HAL_Driver/Src/stm32h7xx_hal_adc.o
                0x08005af0                ADC_Disable
 *fill*         0x08005bae        0x2 
 .text.ADC_ConfigureBoostMode
                0x08005bb0      0x218 ./Drivers/STM32H7xx_HAL_Driver/Src/stm32h7xx_hal_adc.o
                0x08005bb0                ADC_ConfigureBoostMode
 .text.LL_ADC_StartCalibration
                0x08005dc8       0x3c ./Drivers/STM32H7xx_HAL_Driver/Src/stm32h7xx_hal_adc_ex.o
 .text.LL_ADC_IsCalibrationOnGoing
                0x08005e04       0x28 ./Drivers/STM32H7xx_HAL_Driver/Src/stm32h7xx_hal_adc_ex.o
 .text.HAL_ADCEx_Calibration_Start
                0x08005e2c       0xc8 ./Drivers/STM32H7xx_HAL_Driver/Src/stm32h7xx_hal_adc_ex.o
                0x08005e2c                HAL_ADCEx_Calibration_Start
 .text.__NVIC_SetPriorityGrouping
                0x08005ef4       0x48 ./Drivers/STM32H7xx_HAL_Driver/Src/stm32h7xx_hal_cortex.o
 .text.__NVIC_GetPriorityGrouping
                0x08005f3c       0x1c ./Drivers/STM32H7xx_HAL_Driver/Src/stm32h7xx_hal_cortex.o
 .text.__NVIC_EnableIRQ
                0x08005f58       0x3c ./Drivers/STM32H7xx_HAL_Driver/Src/stm32h7xx_hal_cortex.o
 .text.__NVIC_SetPriority
                0x08005f94       0x54 ./Drivers/STM32H7xx_HAL_Driver/Src/stm32h7xx_hal_cortex.o
 .text.NVIC_EncodePriority
                0x08005fe8       0x66 ./Drivers/STM32H7xx_HAL_Driver/Src/stm32h7xx_hal_cortex.o
 *fill*         0x0800604e        0x2 
 .text.SysTick_Config
                0x08006050       0x44 ./Drivers/STM32H7xx_HAL_Driver/Src/stm32h7xx_hal_cortex.o
 .text.HAL_NVIC_SetPriorityGrouping
                0x08006094       0x16 ./Drivers/STM32H7xx_HAL_Driver/Src/stm32h7xx_hal_cortex.o
                0x08006094                HAL_NVIC_SetPriorityGrouping
 .text.HAL_NVIC_SetPriority
                0x080060aa       0x34 ./Drivers/STM32H7xx_HAL_Driver/Src/stm32h7xx_hal_cortex.o
                0x080060aa                HAL_NVIC_SetPriority
 .text.HAL_NVIC_EnableIRQ
                0x080060de       0x1c ./Drivers/STM32H7xx_HAL_Driver/Src/stm32h7xx_hal_cortex.o
                0x080060de                HAL_NVIC_EnableIRQ
 .text.HAL_SYSTICK_Config
                0x080060fa       0x18 ./Drivers/STM32H7xx_HAL_Driver/Src/stm32h7xx_hal_cortex.o
                0x080060fa                HAL_SYSTICK_Config
 *fill*         0x08006112        0x2 
 .text.HAL_MPU_Disable
                0x08006114       0x30 ./Drivers/STM32H7xx_HAL_Driver/Src/stm32h7xx_hal_cortex.o
                0x08006114                HAL_MPU_Disable
 .text.HAL_MPU_Enable
                0x08006144       0x40 ./Drivers/STM32H7xx_HAL_Driver/Src/stm32h7xx_hal_cortex.o
                0x08006144                HAL_MPU_Enable
 .text.HAL_MPU_ConfigRegion
                0x08006184       0x80 ./Drivers/STM32H7xx_HAL_Driver/Src/stm32h7xx_hal_cortex.o
                0x08006184                HAL_MPU_ConfigRegion
 .text.HAL_GPIO_Init
                0x08006204      0x374 ./Drivers/STM32H7xx_HAL_Driver/Src/stm32h7xx_hal_gpio.o
                0x08006204                HAL_GPIO_Init
 .text.HAL_GPIO_ReadPin
                0x08006578       0x30 ./Drivers/STM32H7xx_HAL_Driver/Src/stm32h7xx_hal_gpio.o
                0x08006578                HAL_GPIO_ReadPin
 .text.HAL_GPIO_WritePin
                0x080065a8       0x32 ./Drivers/STM32H7xx_HAL_Driver/Src/stm32h7xx_hal_gpio.o
                0x080065a8                HAL_GPIO_WritePin
 *fill*         0x080065da        0x2 
 .text.HAL_I2C_Init
                0x080065dc      0x138 ./Drivers/STM32H7xx_HAL_Driver/Src/stm32h7xx_hal_i2c.o
                0x080065dc                HAL_I2C_Init
 .text.HAL_I2C_Master_Transmit
                0x08006714      0x230 ./Drivers/STM32H7xx_HAL_Driver/Src/stm32h7xx_hal_i2c.o
                0x08006714                HAL_I2C_Master_Transmit
 .text.HAL_I2C_Master_Receive
                0x08006944      0x1ec ./Drivers/STM32H7xx_HAL_Driver/Src/stm32h7xx_hal_i2c.o
                0x08006944                HAL_I2C_Master_Receive
 .text.HAL_I2C_GetState
                0x08006b30       0x1c ./Drivers/STM32H7xx_HAL_Driver/Src/stm32h7xx_hal_i2c.o
                0x08006b30                HAL_I2C_GetState
 .text.HAL_I2C_GetError
                0x08006b4c       0x18 ./Drivers/STM32H7xx_HAL_Driver/Src/stm32h7xx_hal_i2c.o
                0x08006b4c                HAL_I2C_GetError
 .text.I2C_Flush_TXDR
                0x08006b64       0x48 ./Drivers/STM32H7xx_HAL_Driver/Src/stm32h7xx_hal_i2c.o
 .text.I2C_WaitOnFlagUntilTimeout
                0x08006bac       0xb2 ./Drivers/STM32H7xx_HAL_Driver/Src/stm32h7xx_hal_i2c.o
 .text.I2C_WaitOnTXISFlagUntilTimeout
                0x08006c5e       0x8e ./Drivers/STM32H7xx_HAL_Driver/Src/stm32h7xx_hal_i2c.o
 .text.I2C_WaitOnSTOPFlagUntilTimeout
                0x08006cec       0x86 ./Drivers/STM32H7xx_HAL_Driver/Src/stm32h7xx_hal_i2c.o
 *fill*         0x08006d72        0x2 
 .text.I2C_WaitOnRXNEFlagUntilTimeout
                0x08006d74      0x118 ./Drivers/STM32H7xx_HAL_Driver/Src/stm32h7xx_hal_i2c.o
 .text.I2C_IsErrorOccurred
                0x08006e8c      0x1c0 ./Drivers/STM32H7xx_HAL_Driver/Src/stm32h7xx_hal_i2c.o
 .text.I2C_TransferConfig
                0x0800704c       0x64 ./Drivers/STM32H7xx_HAL_Driver/Src/stm32h7xx_hal_i2c.o
 .text.HAL_I2CEx_ConfigAnalogFilter
                0x080070b0       0x96 ./Drivers/STM32H7xx_HAL_Driver/Src/stm32h7xx_hal_i2c_ex.o
                0x080070b0                HAL_I2CEx_ConfigAnalogFilter
 .text.HAL_I2CEx_ConfigDigitalFilter
                0x08007146       0x98 ./Drivers/STM32H7xx_HAL_Driver/Src/stm32h7xx_hal_i2c_ex.o
                0x08007146                HAL_I2CEx_ConfigDigitalFilter
 .text.HAL_PCD_Init
                0x080071de      0x218 ./Drivers/STM32H7xx_HAL_Driver/Src/stm32h7xx_hal_pcd.o
                0x080071de                HAL_PCD_Init
 .text.HAL_PCD_Start
                0x080073f6       0x6a ./Drivers/STM32H7xx_HAL_Driver/Src/stm32h7xx_hal_pcd.o
                0x080073f6                HAL_PCD_Start
 .text.HAL_PCD_IRQHandler
                0x08007460      0x9d0 ./Drivers/STM32H7xx_HAL_Driver/Src/stm32h7xx_hal_pcd.o
                0x08007460                HAL_PCD_IRQHandler
 .text.HAL_PCD_SetAddress
                0x08007e30       0x48 ./Drivers/STM32H7xx_HAL_Driver/Src/stm32h7xx_hal_pcd.o
                0x08007e30                HAL_PCD_SetAddress
 .text.HAL_PCD_EP_Open
                0x08007e78       0xd4 ./Drivers/STM32H7xx_HAL_Driver/Src/stm32h7xx_hal_pcd.o
                0x08007e78                HAL_PCD_EP_Open
 .text.HAL_PCD_EP_Close
                0x08007f4c       0x94 ./Drivers/STM32H7xx_HAL_Driver/Src/stm32h7xx_hal_pcd.o
                0x08007f4c                HAL_PCD_EP_Close
 .text.HAL_PCD_EP_Receive
                0x08007fe0       0x76 ./Drivers/STM32H7xx_HAL_Driver/Src/stm32h7xx_hal_pcd.o
                0x08007fe0                HAL_PCD_EP_Receive
 .text.HAL_PCD_EP_GetRxCount
                0x08008056       0x30 ./Drivers/STM32H7xx_HAL_Driver/Src/stm32h7xx_hal_pcd.o
                0x08008056                HAL_PCD_EP_GetRxCount
 .text.HAL_PCD_EP_Transmit
                0x08008086       0x74 ./Drivers/STM32H7xx_HAL_Driver/Src/stm32h7xx_hal_pcd.o
                0x08008086                HAL_PCD_EP_Transmit
 .text.HAL_PCD_EP_SetStall
                0x080080fa       0xc6 ./Drivers/STM32H7xx_HAL_Driver/Src/stm32h7xx_hal_pcd.o
                0x080080fa                HAL_PCD_EP_SetStall
 .text.HAL_PCD_EP_ClrStall
                0x080081c0       0xac ./Drivers/STM32H7xx_HAL_Driver/Src/stm32h7xx_hal_pcd.o
                0x080081c0                HAL_PCD_EP_ClrStall
 .text.HAL_PCD_EP_Abort
                0x0800826c       0x62 ./Drivers/STM32H7xx_HAL_Driver/Src/stm32h7xx_hal_pcd.o
                0x0800826c                HAL_PCD_EP_Abort
 .text.PCD_WriteEmptyTxFifo
                0x080082ce      0x118 ./Drivers/STM32H7xx_HAL_Driver/Src/stm32h7xx_hal_pcd.o
 *fill*         0x080083e6        0x2 
 .text.PCD_EP_OutXfrComplete_int
                0x080083e8      0x1d0 ./Drivers/STM32H7xx_HAL_Driver/Src/stm32h7xx_hal_pcd.o
 .text.PCD_EP_OutSetupPacket_int
                0x080085b8       0x8c ./Drivers/STM32H7xx_HAL_Driver/Src/stm32h7xx_hal_pcd.o
 .text.HAL_PCDEx_SetTxFiFo
                0x08008644       0x8e ./Drivers/STM32H7xx_HAL_Driver/Src/stm32h7xx_hal_pcd_ex.o
                0x08008644                HAL_PCDEx_SetTxFiFo
 .text.HAL_PCDEx_SetRxFiFo
                0x080086d2       0x22 ./Drivers/STM32H7xx_HAL_Driver/Src/stm32h7xx_hal_pcd_ex.o
                0x080086d2                HAL_PCDEx_SetRxFiFo
 .text.HAL_PCDEx_ActivateLPM
                0x080086f4       0x48 ./Drivers/STM32H7xx_HAL_Driver/Src/stm32h7xx_hal_pcd_ex.o
                0x080086f4                HAL_PCDEx_ActivateLPM
 .text.HAL_PCDEx_LPM_Callback
                0x0800873c       0x18 ./Drivers/STM32H7xx_HAL_Driver/Src/stm32h7xx_hal_pcd_ex.o
                0x0800873c                HAL_PCDEx_LPM_Callback
 .text.HAL_PWREx_ConfigSupply
                0x08008754       0x74 ./Drivers/STM32H7xx_HAL_Driver/Src/stm32h7xx_hal_pwr_ex.o
                0x08008754                HAL_PWREx_ConfigSupply
 .text.HAL_PWREx_EnableUSBVoltageDetector
                0x080087c8       0x20 ./Drivers/STM32H7xx_HAL_Driver/Src/stm32h7xx_hal_pwr_ex.o
                0x080087c8                HAL_PWREx_EnableUSBVoltageDetector
 .text.HAL_RCC_OscConfig
                0x080087e8      0x8b4 ./Drivers/STM32H7xx_HAL_Driver/Src/stm32h7xx_hal_rcc.o
                0x080087e8                HAL_RCC_OscConfig
 .text.HAL_RCC_ClockConfig
                0x0800909c      0x36c ./Drivers/STM32H7xx_HAL_Driver/Src/stm32h7xx_hal_rcc.o
                0x0800909c                HAL_RCC_ClockConfig
 .text.HAL_RCC_GetSysClockFreq
                0x08009408      0x2f4 ./Drivers/STM32H7xx_HAL_Driver/Src/stm32h7xx_hal_rcc.o
                0x08009408                HAL_RCC_GetSysClockFreq
 .text.HAL_RCC_GetHCLKFreq
                0x080096fc       0x60 ./Drivers/STM32H7xx_HAL_Driver/Src/stm32h7xx_hal_rcc.o
                0x080096fc                HAL_RCC_GetHCLKFreq
 .text.HAL_RCC_GetPCLK1Freq
                0x0800975c       0x2c ./Drivers/STM32H7xx_HAL_Driver/Src/stm32h7xx_hal_rcc.o
                0x0800975c                HAL_RCC_GetPCLK1Freq
 .text.HAL_RCCEx_PeriphCLKConfig
                0x08009788     0x1414 ./Drivers/STM32H7xx_HAL_Driver/Src/stm32h7xx_hal_rcc_ex.o
                0x08009788                HAL_RCCEx_PeriphCLKConfig
 .text.HAL_RCCEx_GetPeriphCLKFreq
                0x0800ab9c      0xb00 ./Drivers/STM32H7xx_HAL_Driver/Src/stm32h7xx_hal_rcc_ex.o
                0x0800ab9c                HAL_RCCEx_GetPeriphCLKFreq
 .text.HAL_RCCEx_GetD3PCLK1Freq
                0x0800b69c       0x2c ./Drivers/STM32H7xx_HAL_Driver/Src/stm32h7xx_hal_rcc_ex.o
                0x0800b69c                HAL_RCCEx_GetD3PCLK1Freq
 .text.HAL_RCCEx_GetPLL2ClockFreq
                0x0800b6c8      0x2a8 ./Drivers/STM32H7xx_HAL_Driver/Src/stm32h7xx_hal_rcc_ex.o
                0x0800b6c8                HAL_RCCEx_GetPLL2ClockFreq
 .text.HAL_RCCEx_GetPLL3ClockFreq
                0x0800b970      0x2a8 ./Drivers/STM32H7xx_HAL_Driver/Src/stm32h7xx_hal_rcc_ex.o
                0x0800b970                HAL_RCCEx_GetPLL3ClockFreq
 .text.HAL_RCCEx_GetPLL1ClockFreq
                0x0800bc18      0x2a4 ./Drivers/STM32H7xx_HAL_Driver/Src/stm32h7xx_hal_rcc_ex.o
                0x0800bc18                HAL_RCCEx_GetPLL1ClockFreq
 .text.RCCEx_PLL2_Config
                0x0800bebc      0x164 ./Drivers/STM32H7xx_HAL_Driver/Src/stm32h7xx_hal_rcc_ex.o
 .text.RCCEx_PLL3_Config
                0x0800c020      0x164 ./Drivers/STM32H7xx_HAL_Driver/Src/stm32h7xx_hal_rcc_ex.o
 .text.HAL_SPI_Init
                0x0800c184      0x248 ./Drivers/STM32H7xx_HAL_Driver/Src/stm32h7xx_hal_spi.o
                0x0800c184                HAL_SPI_Init
 .text.HAL_SPI_Transmit
                0x0800c3cc      0x3dc ./Drivers/STM32H7xx_HAL_Driver/Src/stm32h7xx_hal_spi.o
                0x0800c3cc                HAL_SPI_Transmit
 .text.HAL_SPI_Receive
                0x0800c7a8      0x56c ./Drivers/STM32H7xx_HAL_Driver/Src/stm32h7xx_hal_spi.o
                0x0800c7a8                HAL_SPI_Receive
 .text.SPI_CloseTransfer
                0x0800cd14      0x140 ./Drivers/STM32H7xx_HAL_Driver/Src/stm32h7xx_hal_spi.o
 .text.SPI_WaitOnFlagUntilTimeout
                0x0800ce54       0x5c ./Drivers/STM32H7xx_HAL_Driver/Src/stm32h7xx_hal_spi.o
 .text.SPI_GetPacketSize
                0x0800ceb0       0x36 ./Drivers/STM32H7xx_HAL_Driver/Src/stm32h7xx_hal_spi.o
 .text.HAL_TIM_Base_Init
                0x0800cee6       0xae ./Drivers/STM32H7xx_HAL_Driver/Src/stm32h7xx_hal_tim.o
                0x0800cee6                HAL_TIM_Base_Init
 .text.HAL_TIM_Base_Start
                0x0800cf94       0xe0 ./Drivers/STM32H7xx_HAL_Driver/Src/stm32h7xx_hal_tim.o
                0x0800cf94                HAL_TIM_Base_Start
 .text.HAL_TIM_PWM_Init
                0x0800d074       0xae ./Drivers/STM32H7xx_HAL_Driver/Src/stm32h7xx_hal_tim.o
                0x0800d074                HAL_TIM_PWM_Init
 *fill*         0x0800d122        0x2 
 .text.HAL_TIM_PWM_Start
                0x0800d124      0x21c ./Drivers/STM32H7xx_HAL_Driver/Src/stm32h7xx_hal_tim.o
                0x0800d124                HAL_TIM_PWM_Start
 .text.HAL_TIM_Encoder_Init
                0x0800d340      0x14c ./Drivers/STM32H7xx_HAL_Driver/Src/stm32h7xx_hal_tim.o
                0x0800d340                HAL_TIM_Encoder_Init
 .text.HAL_TIM_Encoder_Start
                0x0800d48c      0x11c ./Drivers/STM32H7xx_HAL_Driver/Src/stm32h7xx_hal_tim.o
                0x0800d48c                HAL_TIM_Encoder_Start
 .text.HAL_TIM_PWM_ConfigChannel
                0x0800d5a8      0x228 ./Drivers/STM32H7xx_HAL_Driver/Src/stm32h7xx_hal_tim.o
                0x0800d5a8                HAL_TIM_PWM_ConfigChannel
 .text.HAL_TIM_ConfigClockSource
                0x0800d7d0      0x1f0 ./Drivers/STM32H7xx_HAL_Driver/Src/stm32h7xx_hal_tim.o
                0x0800d7d0                HAL_TIM_ConfigClockSource
 .text.TIM_Base_SetConfig
                0x0800d9c0      0x140 ./Drivers/STM32H7xx_HAL_Driver/Src/stm32h7xx_hal_tim.o
                0x0800d9c0                TIM_Base_SetConfig
 .text.TIM_OC1_SetConfig
                0x0800db00      0x124 ./Drivers/STM32H7xx_HAL_Driver/Src/stm32h7xx_hal_tim.o
 .text.TIM_OC2_SetConfig
                0x0800dc24      0x118 ./Drivers/STM32H7xx_HAL_Driver/Src/stm32h7xx_hal_tim.o
                0x0800dc24                TIM_OC2_SetConfig
 .text.TIM_OC3_SetConfig
                0x0800dd3c      0x114 ./Drivers/STM32H7xx_HAL_Driver/Src/stm32h7xx_hal_tim.o
 .text.TIM_OC4_SetConfig
                0x0800de50       0xd4 ./Drivers/STM32H7xx_HAL_Driver/Src/stm32h7xx_hal_tim.o
 .text.TIM_OC5_SetConfig
                0x0800df24       0xc8 ./Drivers/STM32H7xx_HAL_Driver/Src/stm32h7xx_hal_tim.o
 .text.TIM_OC6_SetConfig
                0x0800dfec       0xcc ./Drivers/STM32H7xx_HAL_Driver/Src/stm32h7xx_hal_tim.o
 .text.TIM_TI1_ConfigInputStage
                0x0800e0b8       0xa8 ./Drivers/STM32H7xx_HAL_Driver/Src/stm32h7xx_hal_tim.o
 .text.TIM_TI2_ConfigInputStage
                0x0800e160       0x84 ./Drivers/STM32H7xx_HAL_Driver/Src/stm32h7xx_hal_tim.o
 .text.TIM_ITRx_SetConfig
                0x0800e1e4       0x3c ./Drivers/STM32H7xx_HAL_Driver/Src/stm32h7xx_hal_tim.o
 .text.TIM_ETR_SetConfig
                0x0800e220       0x40 ./Drivers/STM32H7xx_HAL_Driver/Src/stm32h7xx_hal_tim.o
                0x0800e220                TIM_ETR_SetConfig
 .text.TIM_CCxChannelCmd
                0x0800e260       0x4a ./Drivers/STM32H7xx_HAL_Driver/Src/stm32h7xx_hal_tim.o
                0x0800e260                TIM_CCxChannelCmd
 *fill*         0x0800e2aa        0x2 
 .text.HAL_TIMEx_PWMN_Start
                0x0800e2ac      0x184 ./Drivers/STM32H7xx_HAL_Driver/Src/stm32h7xx_hal_tim_ex.o
                0x0800e2ac                HAL_TIMEx_PWMN_Start
 .text.HAL_TIMEx_MasterConfigSynchronization
                0x0800e430      0x11c ./Drivers/STM32H7xx_HAL_Driver/Src/stm32h7xx_hal_tim_ex.o
                0x0800e430                HAL_TIMEx_MasterConfigSynchronization
 .text.HAL_TIMEx_ConfigBreakDeadTime
                0x0800e54c       0xfc ./Drivers/STM32H7xx_HAL_Driver/Src/stm32h7xx_hal_tim_ex.o
                0x0800e54c                HAL_TIMEx_ConfigBreakDeadTime
 .text.TIM_CCxNChannelCmd
                0x0800e648       0x4a ./Drivers/STM32H7xx_HAL_Driver/Src/stm32h7xx_hal_tim_ex.o
 *fill*         0x0800e692        0x2 
 .text.USB_CoreInit
                0x0800e694       0xf0 ./Drivers/STM32H7xx_HAL_Driver/Src/stm32h7xx_ll_usb.o
                0x0800e694                USB_CoreInit
 .text.USB_SetTurnaroundTime
                0x0800e784      0x144 ./Drivers/STM32H7xx_HAL_Driver/Src/stm32h7xx_ll_usb.o
                0x0800e784                USB_SetTurnaroundTime
 .text.USB_EnableGlobalInt
                0x0800e8c8       0x22 ./Drivers/STM32H7xx_HAL_Driver/Src/stm32h7xx_ll_usb.o
                0x0800e8c8                USB_EnableGlobalInt
 .text.USB_DisableGlobalInt
                0x0800e8ea       0x22 ./Drivers/STM32H7xx_HAL_Driver/Src/stm32h7xx_ll_usb.o
                0x0800e8ea                USB_DisableGlobalInt
 .text.USB_SetCurrentMode
                0x0800e90c       0x98 ./Drivers/STM32H7xx_HAL_Driver/Src/stm32h7xx_ll_usb.o
                0x0800e90c                USB_SetCurrentMode
 .text.USB_DevInit
                0x0800e9a4      0x2bc ./Drivers/STM32H7xx_HAL_Driver/Src/stm32h7xx_ll_usb.o
                0x0800e9a4                USB_DevInit
 .text.USB_FlushTxFifo
                0x0800ec60       0x64 ./Drivers/STM32H7xx_HAL_Driver/Src/stm32h7xx_ll_usb.o
                0x0800ec60                USB_FlushTxFifo
 .text.USB_FlushRxFifo
                0x0800ecc4       0x5c ./Drivers/STM32H7xx_HAL_Driver/Src/stm32h7xx_ll_usb.o
                0x0800ecc4                USB_FlushRxFifo
 .text.USB_SetDevSpeed
                0x0800ed20       0x32 ./Drivers/STM32H7xx_HAL_Driver/Src/stm32h7xx_ll_usb.o
                0x0800ed20                USB_SetDevSpeed
 .text.USB_GetDevSpeed
                0x0800ed52       0x4a ./Drivers/STM32H7xx_HAL_Driver/Src/stm32h7xx_ll_usb.o
                0x0800ed52                USB_GetDevSpeed
 .text.USB_ActivateEndpoint
                0x0800ed9c      0x110 ./Drivers/STM32H7xx_HAL_Driver/Src/stm32h7xx_ll_usb.o
                0x0800ed9c                USB_ActivateEndpoint
 .text.USB_DeactivateEndpoint
                0x0800eeac      0x1b8 ./Drivers/STM32H7xx_HAL_Driver/Src/stm32h7xx_ll_usb.o
                0x0800eeac                USB_DeactivateEndpoint
 .text.USB_EPStartXfer
                0x0800f064      0x548 ./Drivers/STM32H7xx_HAL_Driver/Src/stm32h7xx_ll_usb.o
                0x0800f064                USB_EPStartXfer
 .text.USB_EPStopXfer
                0x0800f5ac      0x1fa ./Drivers/STM32H7xx_HAL_Driver/Src/stm32h7xx_ll_usb.o
                0x0800f5ac                USB_EPStopXfer
 .text.USB_EPSetStall
                0x0800f7a6       0xdc ./Drivers/STM32H7xx_HAL_Driver/Src/stm32h7xx_ll_usb.o
                0x0800f7a6                USB_EPSetStall
 .text.USB_EPClearStall
                0x0800f882       0xcc ./Drivers/STM32H7xx_HAL_Driver/Src/stm32h7xx_ll_usb.o
                0x0800f882                USB_EPClearStall
 .text.USB_WritePacket
                0x0800f94e       0x7c ./Drivers/STM32H7xx_HAL_Driver/Src/stm32h7xx_ll_usb.o
                0x0800f94e                USB_WritePacket
 .text.USB_ReadPacket
                0x0800f9ca       0xb0 ./Drivers/STM32H7xx_HAL_Driver/Src/stm32h7xx_ll_usb.o
                0x0800f9ca                USB_ReadPacket
 .text.USB_SetDevAddress
                0x0800fa7a       0x4c ./Drivers/STM32H7xx_HAL_Driver/Src/stm32h7xx_ll_usb.o
                0x0800fa7a                USB_SetDevAddress
 .text.USB_DevConnect
                0x0800fac6       0x42 ./Drivers/STM32H7xx_HAL_Driver/Src/stm32h7xx_ll_usb.o
                0x0800fac6                USB_DevConnect
 .text.USB_DevDisconnect
                0x0800fb08       0x42 ./Drivers/STM32H7xx_HAL_Driver/Src/stm32h7xx_ll_usb.o
                0x0800fb08                USB_DevDisconnect
 .text.USB_ReadInterrupts
                0x0800fb4a       0x26 ./Drivers/STM32H7xx_HAL_Driver/Src/stm32h7xx_ll_usb.o
                0x0800fb4a                USB_ReadInterrupts
 .text.USB_ReadDevAllOutEpInterrupt
                0x0800fb70       0x34 ./Drivers/STM32H7xx_HAL_Driver/Src/stm32h7xx_ll_usb.o
                0x0800fb70                USB_ReadDevAllOutEpInterrupt
 .text.USB_ReadDevAllInEpInterrupt
                0x0800fba4       0x34 ./Drivers/STM32H7xx_HAL_Driver/Src/stm32h7xx_ll_usb.o
                0x0800fba4                USB_ReadDevAllInEpInterrupt
 .text.USB_ReadDevOutEPInterrupt
                0x0800fbd8       0x3c ./Drivers/STM32H7xx_HAL_Driver/Src/stm32h7xx_ll_usb.o
                0x0800fbd8                USB_ReadDevOutEPInterrupt
 .text.USB_ReadDevInEPInterrupt
                0x0800fc14       0x5c ./Drivers/STM32H7xx_HAL_Driver/Src/stm32h7xx_ll_usb.o
                0x0800fc14                USB_ReadDevInEPInterrupt
 .text.USB_GetMode
                0x0800fc70       0x1c ./Drivers/STM32H7xx_HAL_Driver/Src/stm32h7xx_ll_usb.o
                0x0800fc70                USB_GetMode
 .text.USB_ActivateSetup
                0x0800fc8c       0x48 ./Drivers/STM32H7xx_HAL_Driver/Src/stm32h7xx_ll_usb.o
                0x0800fc8c                USB_ActivateSetup
 .text.USB_EP0_OutStart
                0x0800fcd4       0xbc ./Drivers/STM32H7xx_HAL_Driver/Src/stm32h7xx_ll_usb.o
                0x0800fcd4                USB_EP0_OutStart
 .text.USB_CoreReset
                0x0800fd90       0x70 ./Drivers/STM32H7xx_HAL_Driver/Src/stm32h7xx_ll_usb.o
 .text.USBD_CDC_Init
                0x0800fe00      0x1f0 ./Middlewares/ST/STM32_USB_Device_Library/Class/CDC/Src/usbd_cdc.o
 .text.USBD_CDC_DeInit
                0x0800fff0      0x104 ./Middlewares/ST/STM32_USB_Device_Library/Class/CDC/Src/usbd_cdc.o
 .text.USBD_CDC_Setup
                0x080100f4      0x1b8 ./Middlewares/ST/STM32_USB_Device_Library/Class/CDC/Src/usbd_cdc.o
 .text.USBD_CDC_DataIn
                0x080102ac       0xfe ./Middlewares/ST/STM32_USB_Device_Library/Class/CDC/Src/usbd_cdc.o
 .text.USBD_CDC_DataOut
                0x080103aa       0x70 ./Middlewares/ST/STM32_USB_Device_Library/Class/CDC/Src/usbd_cdc.o
 .text.USBD_CDC_EP0_RxReady
                0x0801041a       0x74 ./Middlewares/ST/STM32_USB_Device_Library/Class/CDC/Src/usbd_cdc.o
 *fill*         0x0801048e        0x2 
 .text.USBD_CDC_GetFSCfgDesc
                0x08010490       0x70 ./Middlewares/ST/STM32_USB_Device_Library/Class/CDC/Src/usbd_cdc.o
 .text.USBD_CDC_GetHSCfgDesc
                0x08010500       0x70 ./Middlewares/ST/STM32_USB_Device_Library/Class/CDC/Src/usbd_cdc.o
 .text.USBD_CDC_GetOtherSpeedCfgDesc
                0x08010570       0x70 ./Middlewares/ST/STM32_USB_Device_Library/Class/CDC/Src/usbd_cdc.o
 .text.USBD_CDC_GetDeviceQualifierDescriptor
                0x080105e0       0x20 ./Middlewares/ST/STM32_USB_Device_Library/Class/CDC/Src/usbd_cdc.o
                0x080105e0                USBD_CDC_GetDeviceQualifierDescriptor
 .text.USBD_CDC_RegisterInterface
                0x08010600       0x34 ./Middlewares/ST/STM32_USB_Device_Library/Class/CDC/Src/usbd_cdc.o
                0x08010600                USBD_CDC_RegisterInterface
 .text.USBD_CDC_SetTxBuffer
                0x08010634       0x44 ./Middlewares/ST/STM32_USB_Device_Library/Class/CDC/Src/usbd_cdc.o
                0x08010634                USBD_CDC_SetTxBuffer
 .text.USBD_CDC_SetRxBuffer
                0x08010678       0x3a ./Middlewares/ST/STM32_USB_Device_Library/Class/CDC/Src/usbd_cdc.o
                0x08010678                USBD_CDC_SetRxBuffer
 *fill*         0x080106b2        0x2 
 .text.USBD_CDC_TransmitPacket
                0x080106b4       0x80 ./Middlewares/ST/STM32_USB_Device_Library/Class/CDC/Src/usbd_cdc.o
                0x080106b4                USBD_CDC_TransmitPacket
 .text.USBD_CDC_ReceivePacket
                0x08010734       0x6c ./Middlewares/ST/STM32_USB_Device_Library/Class/CDC/Src/usbd_cdc.o
                0x08010734                USBD_CDC_ReceivePacket
 .text.USBD_Init
                0x080107a0       0x60 ./Middlewares/ST/STM32_USB_Device_Library/Core/Src/usbd_core.o
                0x080107a0                USBD_Init
 .text.USBD_RegisterClass
                0x08010800       0x6c ./Middlewares/ST/STM32_USB_Device_Library/Core/Src/usbd_core.o
                0x08010800                USBD_RegisterClass
 .text.USBD_Start
                0x0801086c       0x18 ./Middlewares/ST/STM32_USB_Device_Library/Core/Src/usbd_core.o
                0x0801086c                USBD_Start
 .text.USBD_RunTestMode
                0x08010884       0x16 ./Middlewares/ST/STM32_USB_Device_Library/Core/Src/usbd_core.o
                0x08010884                USBD_RunTestMode
 .text.USBD_SetClassConfig
                0x0801089a       0x38 ./Middlewares/ST/STM32_USB_Device_Library/Core/Src/usbd_core.o
                0x0801089a                USBD_SetClassConfig
 .text.USBD_ClrClassConfig
                0x080108d2       0x34 ./Middlewares/ST/STM32_USB_Device_Library/Core/Src/usbd_core.o
                0x080108d2                USBD_ClrClassConfig
 .text.USBD_LL_SetupStage
                0x08010906       0xaa ./Middlewares/ST/STM32_USB_Device_Library/Core/Src/usbd_core.o
                0x08010906                USBD_LL_SetupStage
 .text.USBD_LL_DataOutStage
                0x080109b0      0x178 ./Middlewares/ST/STM32_USB_Device_Library/Core/Src/usbd_core.o
                0x080109b0                USBD_LL_DataOutStage
 .text.USBD_LL_DataInStage
                0x08010b28      0x176 ./Middlewares/ST/STM32_USB_Device_Library/Core/Src/usbd_core.o
                0x08010b28                USBD_LL_DataInStage
 .text.USBD_LL_Reset
                0x08010c9e       0xa6 ./Middlewares/ST/STM32_USB_Device_Library/Core/Src/usbd_core.o
                0x08010c9e                USBD_LL_Reset
 .text.USBD_LL_SetSpeed
                0x08010d44       0x20 ./Middlewares/ST/STM32_USB_Device_Library/Core/Src/usbd_core.o
                0x08010d44                USBD_LL_SetSpeed
 .text.USBD_LL_Suspend
                0x08010d64       0x38 ./Middlewares/ST/STM32_USB_Device_Library/Core/Src/usbd_core.o
                0x08010d64                USBD_LL_Suspend
 .text.USBD_LL_Resume
                0x08010d9c       0x30 ./Middlewares/ST/STM32_USB_Device_Library/Core/Src/usbd_core.o
                0x08010d9c                USBD_LL_Resume
 .text.USBD_LL_SOF
                0x08010dcc       0x40 ./Middlewares/ST/STM32_USB_Device_Library/Core/Src/usbd_core.o
                0x08010dcc                USBD_LL_SOF
 .text.USBD_LL_IsoINIncomplete
                0x08010e0c       0x64 ./Middlewares/ST/STM32_USB_Device_Library/Core/Src/usbd_core.o
                0x08010e0c                USBD_LL_IsoINIncomplete
 .text.USBD_LL_IsoOUTIncomplete
                0x08010e70       0x64 ./Middlewares/ST/STM32_USB_Device_Library/Core/Src/usbd_core.o
                0x08010e70                USBD_LL_IsoOUTIncomplete
 .text.USBD_LL_DevConnected
                0x08010ed4       0x16 ./Middlewares/ST/STM32_USB_Device_Library/Core/Src/usbd_core.o
                0x08010ed4                USBD_LL_DevConnected
 .text.USBD_LL_DevDisconnected
                0x08010eea       0x46 ./Middlewares/ST/STM32_USB_Device_Library/Core/Src/usbd_core.o
                0x08010eea                USBD_LL_DevDisconnected
 .text.USBD_CoreFindIF
                0x08010f30       0x1a ./Middlewares/ST/STM32_USB_Device_Library/Core/Src/usbd_core.o
                0x08010f30                USBD_CoreFindIF
 .text.USBD_CoreFindEP
                0x08010f4a       0x1a ./Middlewares/ST/STM32_USB_Device_Library/Core/Src/usbd_core.o
                0x08010f4a                USBD_CoreFindEP
 .text.USBD_GetEpDesc
                0x08010f64       0x70 ./Middlewares/ST/STM32_USB_Device_Library/Core/Src/usbd_core.o
                0x08010f64                USBD_GetEpDesc
 .text.USBD_GetNextDesc
                0x08010fd4       0x38 ./Middlewares/ST/STM32_USB_Device_Library/Core/Src/usbd_core.o
                0x08010fd4                USBD_GetNextDesc
 .text.SWAPBYTE
                0x0801100c       0x3e ./Middlewares/ST/STM32_USB_Device_Library/Core/Src/usbd_ctlreq.o
 *fill*         0x0801104a        0x2 
 .text.USBD_StdDevReq
                0x0801104c       0xe4 ./Middlewares/ST/STM32_USB_Device_Library/Core/Src/usbd_ctlreq.o
                0x0801104c                USBD_StdDevReq
 .text.USBD_StdItfReq
                0x08011130       0xd8 ./Middlewares/ST/STM32_USB_Device_Library/Core/Src/usbd_ctlreq.o
                0x08011130                USBD_StdItfReq
 .text.USBD_StdEPReq
                0x08011208      0x33e ./Middlewares/ST/STM32_USB_Device_Library/Core/Src/usbd_ctlreq.o
                0x08011208                USBD_StdEPReq
 *fill*         0x08011546        0x2 
 .text.USBD_GetDescriptor
                0x08011548      0x328 ./Middlewares/ST/STM32_USB_Device_Library/Core/Src/usbd_ctlreq.o
 .text.USBD_SetAddress
                0x08011870       0x88 ./Middlewares/ST/STM32_USB_Device_Library/Core/Src/usbd_ctlreq.o
 .text.USBD_SetConfig
                0x080118f8      0x154 ./Middlewares/ST/STM32_USB_Device_Library/Core/Src/usbd_ctlreq.o
 .text.USBD_GetConfig
                0x08011a4c       0x6c ./Middlewares/ST/STM32_USB_Device_Library/Core/Src/usbd_ctlreq.o
 .text.USBD_GetStatus
                0x08011ab8       0x68 ./Middlewares/ST/STM32_USB_Device_Library/Core/Src/usbd_ctlreq.o
 .text.USBD_SetFeature
                0x08011b20       0x52 ./Middlewares/ST/STM32_USB_Device_Library/Core/Src/usbd_ctlreq.o
 .text.USBD_ClrFeature
                0x08011b72       0x44 ./Middlewares/ST/STM32_USB_Device_Library/Core/Src/usbd_ctlreq.o
 .text.USBD_ParseSetupRequest
                0x08011bb6       0x74 ./Middlewares/ST/STM32_USB_Device_Library/Core/Src/usbd_ctlreq.o
                0x08011bb6                USBD_ParseSetupRequest
 .text.USBD_CtlError
                0x08011c2a       0x22 ./Middlewares/ST/STM32_USB_Device_Library/Core/Src/usbd_ctlreq.o
                0x08011c2a                USBD_CtlError
 .text.USBD_GetString
                0x08011c4c       0xa4 ./Middlewares/ST/STM32_USB_Device_Library/Core/Src/usbd_ctlreq.o
                0x08011c4c                USBD_GetString
 .text.USBD_GetLen
                0x08011cf0       0x34 ./Middlewares/ST/STM32_USB_Device_Library/Core/Src/usbd_ctlreq.o
 .text.USBD_CtlSendData
                0x08011d24       0x3c ./Middlewares/ST/STM32_USB_Device_Library/Core/Src/usbd_ioreq.o
                0x08011d24                USBD_CtlSendData
 .text.USBD_CtlContinueSendData
                0x08011d60       0x22 ./Middlewares/ST/STM32_USB_Device_Library/Core/Src/usbd_ioreq.o
                0x08011d60                USBD_CtlContinueSendData
 .text.USBD_CtlPrepareRx
                0x08011d82       0x42 ./Middlewares/ST/STM32_USB_Device_Library/Core/Src/usbd_ioreq.o
                0x08011d82                USBD_CtlPrepareRx
 .text.USBD_CtlContinueRx
                0x08011dc4       0x22 ./Middlewares/ST/STM32_USB_Device_Library/Core/Src/usbd_ioreq.o
                0x08011dc4                USBD_CtlContinueRx
 .text.USBD_CtlSendStatus
                0x08011de6       0x26 ./Middlewares/ST/STM32_USB_Device_Library/Core/Src/usbd_ioreq.o
                0x08011de6                USBD_CtlSendStatus
 .text.USBD_CtlReceiveStatus
                0x08011e0c       0x26 ./Middlewares/ST/STM32_USB_Device_Library/Core/Src/usbd_ioreq.o
                0x08011e0c                USBD_CtlReceiveStatus
 *fill*         0x08011e32        0x2 
 .text.MX_USB_DEVICE_Init
                0x08011e34       0x64 ./USB_DEVICE/App/usb_device.o
                0x08011e34                MX_USB_DEVICE_Init
 .text.CDC_Init_FS
                0x08011e98       0x28 ./USB_DEVICE/App/usbd_cdc_if.o
 .text.CDC_DeInit_FS
                0x08011ec0       0x10 ./USB_DEVICE/App/usbd_cdc_if.o
 .text.CDC_Control_FS
                0x08011ed0       0xbc ./USB_DEVICE/App/usbd_cdc_if.o
 .text.CDC_Receive_FS
                0x08011f8c       0x28 ./USB_DEVICE/App/usbd_cdc_if.o
 .text.CDC_Transmit_FS
                0x08011fb4       0x4c ./USB_DEVICE/App/usbd_cdc_if.o
                0x08011fb4                CDC_Transmit_FS
 .text.CDC_TransmitCplt_FS
                0x08012000       0x22 ./USB_DEVICE/App/usbd_cdc_if.o
 *fill*         0x08012022        0x2 
 .text.USBD_FS_DeviceDescriptor
                0x08012024       0x24 ./USB_DEVICE/App/usbd_desc.o
                0x08012024                USBD_FS_DeviceDescriptor
 .text.USBD_FS_LangIDStrDescriptor
                0x08012048       0x24 ./USB_DEVICE/App/usbd_desc.o
                0x08012048                USBD_FS_LangIDStrDescriptor
 .text.USBD_FS_ProductStrDescriptor
                0x0801206c       0x3c ./USB_DEVICE/App/usbd_desc.o
                0x0801206c                USBD_FS_ProductStrDescriptor
 .text.USBD_FS_ManufacturerStrDescriptor
                0x080120a8       0x28 ./USB_DEVICE/App/usbd_desc.o
                0x080120a8                USBD_FS_ManufacturerStrDescriptor
 .text.USBD_FS_SerialStrDescriptor
                0x080120d0       0x24 ./USB_DEVICE/App/usbd_desc.o
                0x080120d0                USBD_FS_SerialStrDescriptor
 .text.USBD_FS_ConfigStrDescriptor
                0x080120f4       0x3c ./USB_DEVICE/App/usbd_desc.o
                0x080120f4                USBD_FS_ConfigStrDescriptor
 .text.USBD_FS_InterfaceStrDescriptor
                0x08012130       0x3c ./USB_DEVICE/App/usbd_desc.o
                0x08012130                USBD_FS_InterfaceStrDescriptor
 .text.Get_SerialNum
                0x0801216c       0x58 ./USB_DEVICE/App/usbd_desc.o
 .text.IntToUnicode
                0x080121c4       0x7e ./USB_DEVICE/App/usbd_desc.o
 *fill*         0x08012242        0x2 
 .text.HAL_PCD_MspInit
                0x08012244       0xe8 ./USB_DEVICE/Target/usbd_conf.o
                0x08012244                HAL_PCD_MspInit
 .text.HAL_PCD_SetupStageCallback
                0x0801232c       0x24 ./USB_DEVICE/Target/usbd_conf.o
                0x0801232c                HAL_PCD_SetupStageCallback
 .text.HAL_PCD_DataOutStageCallback
                0x08012350       0x36 ./USB_DEVICE/Target/usbd_conf.o
                0x08012350                HAL_PCD_DataOutStageCallback
 .text.HAL_PCD_DataInStageCallback
                0x08012386       0x34 ./USB_DEVICE/Target/usbd_conf.o
                0x08012386                HAL_PCD_DataInStageCallback
 .text.HAL_PCD_SOFCallback
                0x080123ba       0x1c ./USB_DEVICE/Target/usbd_conf.o
                0x080123ba                HAL_PCD_SOFCallback
 .text.HAL_PCD_ResetCallback
                0x080123d6       0x50 ./USB_DEVICE/Target/usbd_conf.o
                0x080123d6                HAL_PCD_ResetCallback
 *fill*         0x08012426        0x2 
 .text.HAL_PCD_SuspendCallback
                0x08012428       0x4c ./USB_DEVICE/Target/usbd_conf.o
                0x08012428                HAL_PCD_SuspendCallback
 .text.HAL_PCD_ResumeCallback
                0x08012474       0x1c ./USB_DEVICE/Target/usbd_conf.o
                0x08012474                HAL_PCD_ResumeCallback
 .text.HAL_PCD_ISOOUTIncompleteCallback
                0x08012490       0x24 ./USB_DEVICE/Target/usbd_conf.o
                0x08012490                HAL_PCD_ISOOUTIncompleteCallback
 .text.HAL_PCD_ISOINIncompleteCallback
                0x080124b4       0x24 ./USB_DEVICE/Target/usbd_conf.o
                0x080124b4                HAL_PCD_ISOINIncompleteCallback
 .text.HAL_PCD_ConnectCallback
                0x080124d8       0x1c ./USB_DEVICE/Target/usbd_conf.o
                0x080124d8                HAL_PCD_ConnectCallback
 .text.HAL_PCD_DisconnectCallback
                0x080124f4       0x1c ./USB_DEVICE/Target/usbd_conf.o
                0x080124f4                HAL_PCD_DisconnectCallback
 .text.USBD_LL_Init
                0x08012510       0xa0 ./USB_DEVICE/Target/usbd_conf.o
                0x08012510                USBD_LL_Init
 .text.USBD_LL_Start
                0x080125b0       0x36 ./USB_DEVICE/Target/usbd_conf.o
                0x080125b0                USBD_LL_Start
 .text.USBD_LL_OpenEP
                0x080125e6       0x4c ./USB_DEVICE/Target/usbd_conf.o
                0x080125e6                USBD_LL_OpenEP
 .text.USBD_LL_CloseEP
                0x08012632       0x3e ./USB_DEVICE/Target/usbd_conf.o
                0x08012632                USBD_LL_CloseEP
 .text.USBD_LL_StallEP
                0x08012670       0x3e ./USB_DEVICE/Target/usbd_conf.o
                0x08012670                USBD_LL_StallEP
 .text.USBD_LL_ClearStallEP
                0x080126ae       0x3e ./USB_DEVICE/Target/usbd_conf.o
                0x080126ae                USBD_LL_ClearStallEP
 .text.USBD_LL_IsStallEP
                0x080126ec       0x58 ./USB_DEVICE/Target/usbd_conf.o
                0x080126ec                USBD_LL_IsStallEP
 .text.USBD_LL_SetUSBAddress
                0x08012744       0x3e ./USB_DEVICE/Target/usbd_conf.o
                0x08012744                USBD_LL_SetUSBAddress
 .text.USBD_LL_Transmit
                0x08012782       0x42 ./USB_DEVICE/Target/usbd_conf.o
                0x08012782                USBD_LL_Transmit
 .text.USBD_LL_PrepareReceive
                0x080127c4       0x42 ./USB_DEVICE/Target/usbd_conf.o
                0x080127c4                USBD_LL_PrepareReceive
 .text.USBD_LL_GetRxDataSize
                0x08012806       0x26 ./USB_DEVICE/Target/usbd_conf.o
                0x08012806                USBD_LL_GetRxDataSize
 .text.USBD_static_malloc
                0x0801282c       0x1c ./USB_DEVICE/Target/usbd_conf.o
                0x0801282c                USBD_static_malloc
 .text.USBD_static_free
                0x08012848       0x14 ./USB_DEVICE/Target/usbd_conf.o
                0x08012848                USBD_static_free
 .text.USBD_Get_USB_Status
                0x0801285c       0x58 ./USB_DEVICE/Target/usbd_conf.o
                0x0801285c                USBD_Get_USB_Status
 .text.__cvt    0x080128b4       0xa8 /opt/st/stm32cubeide_2.2.0/plugins/com.st.stm32cube.ide.mcu.externaltools.gnu-tools-for-stm32.14.3.rel1.linux64_1.0.100.202602081740/tools/bin/../lib/gcc/arm-none-eabi/14.3.1/../../../../arm-none-eabi/lib/thumb/v7e-m+dp/hard/libc_nano.a(libc_a-nano-vfprintf_float.o)
                0x080128b4                __cvt
 .text.__exponent
                0x0801295c       0x74 /opt/st/stm32cubeide_2.2.0/plugins/com.st.stm32cube.ide.mcu.externaltools.gnu-tools-for-stm32.14.3.rel1.linux64_1.0.100.202602081740/tools/bin/../lib/gcc/arm-none-eabi/14.3.1/../../../../arm-none-eabi/lib/thumb/v7e-m+dp/hard/libc_nano.a(libc_a-nano-vfprintf_float.o)
                0x0801295c                __exponent
 .text._printf_float
                0x080129d0      0x434 /opt/st/stm32cubeide_2.2.0/plugins/com.st.stm32cube.ide.mcu.externaltools.gnu-tools-for-stm32.14.3.rel1.linux64_1.0.100.202602081740/tools/bin/../lib/gcc/arm-none-eabi/14.3.1/../../../../arm-none-eabi/lib/thumb/v7e-m+dp/hard/libc_nano.a(libc_a-nano-vfprintf_float.o)
                0x080129d0                _printf_float
 .text._printf_common
                0x08012e04       0xda /opt/st/stm32cubeide_2.2.0/plugins/com.st.stm32cube.ide.mcu.externaltools.gnu-tools-for-stm32.14.3.rel1.linux64_1.0.100.202602081740/tools/bin/../lib/gcc/arm-none-eabi/14.3.1/../../../../arm-none-eabi/lib/thumb/v7e-m+dp/hard/libc_nano.a(libc_a-nano-vfprintf_i.o)
                0x08012e04                _printf_common
 *fill*         0x08012ede        0x2 
 .text._printf_i
                0x08012ee0      0x24c /opt/st/stm32cubeide_2.2.0/plugins/com.st.stm32cube.ide.mcu.externaltools.gnu-tools-for-stm32.14.3.rel1.linux64_1.0.100.202602081740/tools/bin/../lib/gcc/arm-none-eabi/14.3.1/../../../../arm-none-eabi/lib/thumb/v7e-m+dp/hard/libc_nano.a(libc_a-nano-vfprintf_i.o)
                0x08012ee0                _printf_i
 .text.std      0x0801312c       0x6c /opt/st/stm32cubeide_2.2.0/plugins/com.st.stm32cube.ide.mcu.externaltools.gnu-tools-for-stm32.14.3.rel1.linux64_1.0.100.202602081740/tools/bin/../lib/gcc/arm-none-eabi/14.3.1/../../../../arm-none-eabi/lib/thumb/v7e-m+dp/hard/libc_nano.a(libc_a-findfp.o)
 .text.stdio_exit_handler
                0x08013198       0x18 /opt/st/stm32cubeide_2.2.0/plugins/com.st.stm32cube.ide.mcu.externaltools.gnu-tools-for-stm32.14.3.rel1.linux64_1.0.100.202602081740/tools/bin/../lib/gcc/arm-none-eabi/14.3.1/../../../../arm-none-eabi/lib/thumb/v7e-m+dp/hard/libc_nano.a(libc_a-findfp.o)
 .text.cleanup_stdio
                0x080131b0       0x40 /opt/st/stm32cubeide_2.2.0/plugins/com.st.stm32cube.ide.mcu.externaltools.gnu-tools-for-stm32.14.3.rel1.linux64_1.0.100.202602081740/tools/bin/../lib/gcc/arm-none-eabi/14.3.1/../../../../arm-none-eabi/lib/thumb/v7e-m+dp/hard/libc_nano.a(libc_a-findfp.o)
 .text.global_stdio_init.part.0
                0x080131f0       0x40 /opt/st/stm32cubeide_2.2.0/plugins/com.st.stm32cube.ide.mcu.externaltools.gnu-tools-for-stm32.14.3.rel1.linux64_1.0.100.202602081740/tools/bin/../lib/gcc/arm-none-eabi/14.3.1/../../../../arm-none-eabi/lib/thumb/v7e-m+dp/hard/libc_nano.a(libc_a-findfp.o)
 .text.__sfp_lock_acquire
                0x08013230        0xc /opt/st/stm32cubeide_2.2.0/plugins/com.st.stm32cube.ide.mcu.externaltools.gnu-tools-for-stm32.14.3.rel1.linux64_1.0.100.202602081740/tools/bin/../lib/gcc/arm-none-eabi/14.3.1/../../../../arm-none-eabi/lib/thumb/v7e-m+dp/hard/libc_nano.a(libc_a-findfp.o)
                0x08013230                __sfp_lock_acquire
 .text.__sfp_lock_release
                0x0801323c        0xc /opt/st/stm32cubeide_2.2.0/plugins/com.st.stm32cube.ide.mcu.externaltools.gnu-tools-for-stm32.14.3.rel1.linux64_1.0.100.202602081740/tools/bin/../lib/gcc/arm-none-eabi/14.3.1/../../../../arm-none-eabi/lib/thumb/v7e-m+dp/hard/libc_nano.a(libc_a-findfp.o)
                0x0801323c                __sfp_lock_release
 .text.__sinit  0x08013248       0x30 /opt/st/stm32cubeide_2.2.0/plugins/com.st.stm32cube.ide.mcu.externaltools.gnu-tools-for-stm32.14.3.rel1.linux64_1.0.100.202602081740/tools/bin/../lib/gcc/arm-none-eabi/14.3.1/../../../../arm-none-eabi/lib/thumb/v7e-m+dp/hard/libc_nano.a(libc_a-findfp.o)
                0x08013248                __sinit
 .text._fwalk_sglue
                0x08013278       0x3c /opt/st/stm32cubeide_2.2.0/plugins/com.st.stm32cube.ide.mcu.externaltools.gnu-tools-for-stm32.14.3.rel1.linux64_1.0.100.202602081740/tools/bin/../lib/gcc/arm-none-eabi/14.3.1/../../../../arm-none-eabi/lib/thumb/v7e-m+dp/hard/libc_nano.a(libc_a-fwalk.o)
                0x08013278                _fwalk_sglue
 .text.printf   0x080132b4       0x24 /opt/st/stm32cubeide_2.2.0/plugins/com.st.stm32cube.ide.mcu.externaltools.gnu-tools-for-stm32.14.3.rel1.linux64_1.0.100.202602081740/tools/bin/../lib/gcc/arm-none-eabi/14.3.1/../../../../arm-none-eabi/lib/thumb/v7e-m+dp/hard/libc_nano.a(libc_a-printf.o)
                0x080132b4                printf
                0x080132b4                iprintf
 .text._puts_r  0x080132d8       0xaa /opt/st/stm32cubeide_2.2.0/plugins/com.st.stm32cube.ide.mcu.externaltools.gnu-tools-for-stm32.14.3.rel1.linux64_1.0.100.202602081740/tools/bin/../lib/gcc/arm-none-eabi/14.3.1/../../../../arm-none-eabi/lib/thumb/v7e-m+dp/hard/libc_nano.a(libc_a-puts.o)
                0x080132d8                _puts_r
 *fill*         0x08013382        0x2 
 .text.puts     0x08013384       0x10 /opt/st/stm32cubeide_2.2.0/plugins/com.st.stm32cube.ide.mcu.externaltools.gnu-tools-for-stm32.14.3.rel1.linux64_1.0.100.202602081740/tools/bin/../lib/gcc/arm-none-eabi/14.3.1/../../../../arm-none-eabi/lib/thumb/v7e-m+dp/hard/libc_nano.a(libc_a-puts.o)
                0x08013384                puts
 .text.sprintf  0x08013394       0x44 /opt/st/stm32cubeide_2.2.0/plugins/com.st.stm32cube.ide.mcu.externaltools.gnu-tools-for-stm32.14.3.rel1.linux64_1.0.100.202602081740/tools/bin/../lib/gcc/arm-none-eabi/14.3.1/../../../../arm-none-eabi/lib/thumb/v7e-m+dp/hard/libc_nano.a(libc_a-sprintf.o)
                0x08013394                sprintf
                0x08013394                siprintf
 .text.__sread  0x080133d8       0x22 /opt/st/stm32cubeide_2.2.0/plugins/com.st.stm32cube.ide.mcu.externaltools.gnu-tools-for-stm32.14.3.rel1.linux64_1.0.100.202602081740/tools/bin/../lib/gcc/arm-none-eabi/14.3.1/../../../../arm-none-eabi/lib/thumb/v7e-m+dp/hard/libc_nano.a(libc_a-stdio.o)
                0x080133d8                __sread
 .text.__swrite
                0x080133fa       0x38 /opt/st/stm32cubeide_2.2.0/plugins/com.st.stm32cube.ide.mcu.externaltools.gnu-tools-for-stm32.14.3.rel1.linux64_1.0.100.202602081740/tools/bin/../lib/gcc/arm-none-eabi/14.3.1/../../../../arm-none-eabi/lib/thumb/v7e-m+dp/hard/libc_nano.a(libc_a-stdio.o)
                0x080133fa                __swrite
 .text.__sseek  0x08013432       0x26 /opt/st/stm32cubeide_2.2.0/plugins/com.st.stm32cube.ide.mcu.externaltools.gnu-tools-for-stm32.14.3.rel1.linux64_1.0.100.202602081740/tools/bin/../lib/gcc/arm-none-eabi/14.3.1/../../../../arm-none-eabi/lib/thumb/v7e-m+dp/hard/libc_nano.a(libc_a-stdio.o)
                0x08013432                __sseek
 .text.__sclose
                0x08013458        0x8 /opt/st/stm32cubeide_2.2.0/plugins/com.st.stm32cube.ide.mcu.externaltools.gnu-tools-for-stm32.14.3.rel1.linux64_1.0.100.202602081740/tools/bin/../lib/gcc/arm-none-eabi/14.3.1/../../../../arm-none-eabi/lib/thumb/v7e-m+dp/hard/libc_nano.a(libc_a-stdio.o)
                0x08013458                __sclose
 .text.__swbuf_r
                0x08013460       0x7c /opt/st/stm32cubeide_2.2.0/plugins/com.st.stm32cube.ide.mcu.externaltools.gnu-tools-for-stm32.14.3.rel1.linux64_1.0.100.202602081740/tools/bin/../lib/gcc/arm-none-eabi/14.3.1/../../../../arm-none-eabi/lib/thumb/v7e-m+dp/hard/libc_nano.a(libc_a-wbuf.o)
                0x08013460                __swbuf_r
 .text.__swsetup_r
                0x080134dc       0xa8 /opt/st/stm32cubeide_2.2.0/plugins/com.st.stm32cube.ide.mcu.externaltools.gnu-tools-for-stm32.14.3.rel1.linux64_1.0.100.202602081740/tools/bin/../lib/gcc/arm-none-eabi/14.3.1/../../../../arm-none-eabi/lib/thumb/v7e-m+dp/hard/libc_nano.a(libc_a-wsetup.o)
                0x080134dc                __swsetup_r
 .text.memset   0x08013584       0x10 /opt/st/stm32cubeide_2.2.0/plugins/com.st.stm32cube.ide.mcu.externaltools.gnu-tools-for-stm32.14.3.rel1.linux64_1.0.100.202602081740/tools/bin/../lib/gcc/arm-none-eabi/14.3.1/../../../../arm-none-eabi/lib/thumb/v7e-m+dp/hard/libc_nano.a(libc_a-memset.o)
                0x08013584                memset
 .text._localeconv_r
                0x08013594        0x8 /opt/st/stm32cubeide_2.2.0/plugins/com.st.stm32cube.ide.mcu.externaltools.gnu-tools-for-stm32.14.3.rel1.linux64_1.0.100.202602081740/tools/bin/../lib/gcc/arm-none-eabi/14.3.1/../../../../arm-none-eabi/lib/thumb/v7e-m+dp/hard/libc_nano.a(libc_a-localeconv.o)
                0x08013594                _localeconv_r
 .text._close_r
                0x0801359c       0x20 /opt/st/stm32cubeide_2.2.0/plugins/com.st.stm32cube.ide.mcu.externaltools.gnu-tools-for-stm32.14.3.rel1.linux64_1.0.100.202602081740/tools/bin/../lib/gcc/arm-none-eabi/14.3.1/../../../../arm-none-eabi/lib/thumb/v7e-m+dp/hard/libc_nano.a(libc_a-closer.o)
                0x0801359c                _close_r
 .text._lseek_r
                0x080135bc       0x24 /opt/st/stm32cubeide_2.2.0/plugins/com.st.stm32cube.ide.mcu.externaltools.gnu-tools-for-stm32.14.3.rel1.linux64_1.0.100.202602081740/tools/bin/../lib/gcc/arm-none-eabi/14.3.1/../../../../arm-none-eabi/lib/thumb/v7e-m+dp/hard/libc_nano.a(libc_a-lseekr.o)
                0x080135bc                _lseek_r
 .text._read_r  0x080135e0       0x24 /opt/st/stm32cubeide_2.2.0/plugins/com.st.stm32cube.ide.mcu.externaltools.gnu-tools-for-stm32.14.3.rel1.linux64_1.0.100.202602081740/tools/bin/../lib/gcc/arm-none-eabi/14.3.1/../../../../arm-none-eabi/lib/thumb/v7e-m+dp/hard/libc_nano.a(libc_a-readr.o)
                0x080135e0                _read_r
 .text._write_r
                0x08013604       0x24 /opt/st/stm32cubeide_2.2.0/plugins/com.st.stm32cube.ide.mcu.externaltools.gnu-tools-for-stm32.14.3.rel1.linux64_1.0.100.202602081740/tools/bin/../lib/gcc/arm-none-eabi/14.3.1/../../../../arm-none-eabi/lib/thumb/v7e-m+dp/hard/libc_nano.a(libc_a-writer.o)
                0x08013604                _write_r
 .text.__errno  0x08013628        0xc /opt/st/stm32cubeide_2.2.0/plugins/com.st.stm32cube.ide.mcu.externaltools.gnu-tools-for-stm32.14.3.rel1.linux64_1.0.100.202602081740/tools/bin/../lib/gcc/arm-none-eabi/14.3.1/../../../../arm-none-eabi/lib/thumb/v7e-m+dp/hard/libc_nano.a(libc_a-errno.o)
                0x08013628                __errno
 .text.__libc_init_array
                0x08013634       0x48 /opt/st/stm32cubeide_2.2.0/plugins/com.st.stm32cube.ide.mcu.externaltools.gnu-tools-for-stm32.14.3.rel1.linux64_1.0.100.202602081740/tools/bin/../lib/gcc/arm-none-eabi/14.3.1/../../../../arm-none-eabi/lib/thumb/v7e-m+dp/hard/libc_nano.a(libc_a-init.o)
                0x08013634                __libc_init_array
 .text.__retarget_lock_init_recursive
                0x0801367c        0x2 /opt/st/stm32cubeide_2.2.0/plugins/com.st.stm32cube.ide.mcu.externaltools.gnu-tools-for-stm32.14.3.rel1.linux64_1.0.100.202602081740/tools/bin/../lib/gcc/arm-none-eabi/14.3.1/../../../../arm-none-eabi/lib/thumb/v7e-m+dp/hard/libc_nano.a(libc_a-lock.o)
                0x0801367c                __retarget_lock_init_recursive
 .text.__retarget_lock_acquire_recursive
                0x0801367e        0x2 /opt/st/stm32cubeide_2.2.0/plugins/com.st.stm32cube.ide.mcu.externaltools.gnu-tools-for-stm32.14.3.rel1.linux64_1.0.100.202602081740/tools/bin/../lib/gcc/arm-none-eabi/14.3.1/../../../../arm-none-eabi/lib/thumb/v7e-m+dp/hard/libc_nano.a(libc_a-lock.o)
                0x0801367e                __retarget_lock_acquire_recursive
 .text.__retarget_lock_release_recursive
                0x08013680        0x2 /opt/st/stm32cubeide_2.2.0/plugins/com.st.stm32cube.ide.mcu.externaltools.gnu-tools-for-stm32.14.3.rel1.linux64_1.0.100.202602081740/tools/bin/../lib/gcc/arm-none-eabi/14.3.1/../../../../arm-none-eabi/lib/thumb/v7e-m+dp/hard/libc_nano.a(libc_a-lock.o)
                0x08013680                __retarget_lock_release_recursive
 .text.memcpy   0x08013682       0x1c /opt/st/stm32cubeide_2.2.0/plugins/com.st.stm32cube.ide.mcu.externaltools.gnu-tools-for-stm32.14.3.rel1.linux64_1.0.100.202602081740/tools/bin/../lib/gcc/arm-none-eabi/14.3.1/../../../../arm-none-eabi/lib/thumb/v7e-m+dp/hard/libc_nano.a(libc_a-memcpy-stub.o)
                0x08013682                memcpy
 .text.quorem   0x0801369e      0x110 /opt/st/stm32cubeide_2.2.0/plugins/com.st.stm32cube.ide.mcu.externaltools.gnu-tools-for-stm32.14.3.rel1.linux64_1.0.100.202602081740/tools/bin/../lib/gcc/arm-none-eabi/14.3.1/../../../../arm-none-eabi/lib/thumb/v7e-m+dp/hard/libc_nano.a(libc_a-dtoa.o)
 *fill*         0x080137ae        0x2 
 .text._dtoa_r  0x080137b0      0xa94 /opt/st/stm32cubeide_2.2.0/plugins/com.st.stm32cube.ide.mcu.externaltools.gnu-tools-for-stm32.14.3.rel1.linux64_1.0.100.202602081740/tools/bin/../lib/gcc/arm-none-eabi/14.3.1/../../../../arm-none-eabi/lib/thumb/v7e-m+dp/hard/libc_nano.a(libc_a-dtoa.o)
                0x080137b0                _dtoa_r
 .text._free_r  0x08014244       0x94 /opt/st/stm32cubeide_2.2.0/plugins/com.st.stm32cube.ide.mcu.externaltools.gnu-tools-for-stm32.14.3.rel1.linux64_1.0.100.202602081740/tools/bin/../lib/gcc/arm-none-eabi/14.3.1/../../../../arm-none-eabi/lib/thumb/v7e-m+dp/hard/libc_nano.a(libc_a-freer.o)
                0x08014244                _free_r
 .text.malloc   0x080142d8       0x10 /opt/st/stm32cubeide_2.2.0/plugins/com.st.stm32cube.ide.mcu.externaltools.gnu-tools-for-stm32.14.3.rel1.linux64_1.0.100.202602081740/tools/bin/../lib/gcc/arm-none-eabi/14.3.1/../../../../arm-none-eabi/lib/thumb/v7e-m+dp/hard/libc_nano.a(libc_a-malloc.o)
                0x080142d8                malloc
 .text.sbrk_aligned
                0x080142e8       0x44 /opt/st/stm32cubeide_2.2.0/plugins/com.st.stm32cube.ide.mcu.externaltools.gnu-tools-for-stm32.14.3.rel1.linux64_1.0.100.202602081740/tools/bin/../lib/gcc/arm-none-eabi/14.3.1/../../../../arm-none-eabi/lib/thumb/v7e-m+dp/hard/libc_nano.a(libc_a-mallocr.o)
 .text._malloc_r
                0x0801432c      0x100 /opt/st/stm32cubeide_2.2.0/plugins/com.st.stm32cube.ide.mcu.externaltools.gnu-tools-for-stm32.14.3.rel1.linux64_1.0.100.202602081740/tools/bin/../lib/gcc/arm-none-eabi/14.3.1/../../../../arm-none-eabi/lib/thumb/v7e-m+dp/hard/libc_nano.a(libc_a-mallocr.o)
                0x0801432c                _malloc_r
 .text.__malloc_lock
                0x0801442c        0xc /opt/st/stm32cubeide_2.2.0/plugins/com.st.stm32cube.ide.mcu.externaltools.gnu-tools-for-stm32.14.3.rel1.linux64_1.0.100.202602081740/tools/bin/../lib/gcc/arm-none-eabi/14.3.1/../../../../arm-none-eabi/lib/thumb/v7e-m+dp/hard/libc_nano.a(libc_a-mlock.o)
                0x0801442c                __malloc_lock
 .text.__malloc_unlock
                0x08014438        0xc /opt/st/stm32cubeide_2.2.0/plugins/com.st.stm32cube.ide.mcu.externaltools.gnu-tools-for-stm32.14.3.rel1.linux64_1.0.100.202602081740/tools/bin/../lib/gcc/arm-none-eabi/14.3.1/../../../../arm-none-eabi/lib/thumb/v7e-m+dp/hard/libc_nano.a(libc_a-mlock.o)
                0x08014438                __malloc_unlock
 .text._Balloc  0x08014444       0x7c /opt/st/stm32cubeide_2.2.0/plugins/com.st.stm32cube.ide.mcu.externaltools.gnu-tools-for-stm32.14.3.rel1.linux64_1.0.100.202602081740/tools/bin/../lib/gcc/arm-none-eabi/14.3.1/../../../../arm-none-eabi/lib/thumb/v7e-m+dp/hard/libc_nano.a(libc_a-mprec.o)
                0x08014444                _Balloc
 .text._Bfree   0x080144c0       0x44 /opt/st/stm32cubeide_2.2.0/plugins/com.st.stm32cube.ide.mcu.externaltools.gnu-tools-for-stm32.14.3.rel1.linux64_1.0.100.202602081740/tools/bin/../lib/gcc/arm-none-eabi/14.3.1/../../../../arm-none-eabi/lib/thumb/v7e-m+dp/hard/libc_nano.a(libc_a-mprec.o)
                0x080144c0                _Bfree
 .text.__multadd
                0x08014504       0x8c /opt/st/stm32cubeide_2.2.0/plugins/com.st.stm32cube.ide.mcu.externaltools.gnu-tools-for-stm32.14.3.rel1.linux64_1.0.100.202602081740/tools/bin/../lib/gcc/arm-none-eabi/14.3.1/../../../../arm-none-eabi/lib/thumb/v7e-m+dp/hard/libc_nano.a(libc_a-mprec.o)
                0x08014504                __multadd
 .text.__hi0bits
                0x08014590       0x3e /opt/st/stm32cubeide_2.2.0/plugins/com.st.stm32cube.ide.mcu.externaltools.gnu-tools-for-stm32.14.3.rel1.linux64_1.0.100.202602081740/tools/bin/../lib/gcc/arm-none-eabi/14.3.1/../../../../arm-none-eabi/lib/thumb/v7e-m+dp/hard/libc_nano.a(libc_a-mprec.o)
                0x08014590                __hi0bits
 .text.__lo0bits
                0x080145ce       0x5a /opt/st/stm32cubeide_2.2.0/plugins/com.st.stm32cube.ide.mcu.externaltools.gnu-tools-for-stm32.14.3.rel1.linux64_1.0.100.202602081740/tools/bin/../lib/gcc/arm-none-eabi/14.3.1/../../../../arm-none-eabi/lib/thumb/v7e-m+dp/hard/libc_nano.a(libc_a-mprec.o)
                0x080145ce                __lo0bits
 .text.__i2b    0x08014628       0x2c /opt/st/stm32cubeide_2.2.0/plugins/com.st.stm32cube.ide.mcu.externaltools.gnu-tools-for-stm32.14.3.rel1.linux64_1.0.100.202602081740/tools/bin/../lib/gcc/arm-none-eabi/14.3.1/../../../../arm-none-eabi/lib/thumb/v7e-m+dp/hard/libc_nano.a(libc_a-mprec.o)
                0x08014628                __i2b
 .text.__multiply
                0x08014654      0x154 /opt/st/stm32cubeide_2.2.0/plugins/com.st.stm32cube.ide.mcu.externaltools.gnu-tools-for-stm32.14.3.rel1.linux64_1.0.100.202602081740/tools/bin/../lib/gcc/arm-none-eabi/14.3.1/../../../../arm-none-eabi/lib/thumb/v7e-m+dp/hard/libc_nano.a(libc_a-mprec.o)
                0x08014654                __multiply
 .text.__pow5mult
                0x080147a8       0xb8 /opt/st/stm32cubeide_2.2.0/plugins/com.st.stm32cube.ide.mcu.externaltools.gnu-tools-for-stm32.14.3.rel1.linux64_1.0.100.202602081740/tools/bin/../lib/gcc/arm-none-eabi/14.3.1/../../../../arm-none-eabi/lib/thumb/v7e-m+dp/hard/libc_nano.a(libc_a-mprec.o)
                0x080147a8                __pow5mult
 .text.__lshift
                0x08014860       0xdc /opt/st/stm32cubeide_2.2.0/plugins/com.st.stm32cube.ide.mcu.externaltools.gnu-tools-for-stm32.14.3.rel1.linux64_1.0.100.202602081740/tools/bin/../lib/gcc/arm-none-eabi/14.3.1/../../../../arm-none-eabi/lib/thumb/v7e-m+dp/hard/libc_nano.a(libc_a-mprec.o)
                0x08014860                __lshift
 .text.__mcmp   0x0801493c       0x36 /opt/st/stm32cubeide_2.2.0/plugins/com.st.stm32cube.ide.mcu.externaltools.gnu-tools-for-stm32.14.3.rel1.linux64_1.0.100.202602081740/tools/bin/../lib/gcc/arm-none-eabi/14.3.1/../../../../arm-none-eabi/lib/thumb/v7e-m+dp/hard/libc_nano.a(libc_a-mprec.o)
                0x0801493c                __mcmp
 *fill*         0x08014972        0x2 
 .text.__mdiff  0x08014974      0x130 /opt/st/stm32cubeide_2.2.0/plugins/com.st.stm32cube.ide.mcu.externaltools.gnu-tools-for-stm32.14.3.rel1.linux64_1.0.100.202602081740/tools/bin/../lib/gcc/arm-none-eabi/14.3.1/../../../../arm-none-eabi/lib/thumb/v7e-m+dp/hard/libc_nano.a(libc_a-mprec.o)
                0x08014974                __mdiff
 .text.__d2b    0x08014aa4       0xb0 /opt/st/stm32cubeide_2.2.0/plugins/com.st.stm32cube.ide.mcu.externaltools.gnu-tools-for-stm32.14.3.rel1.linux64_1.0.100.202602081740/tools/bin/../lib/gcc/arm-none-eabi/14.3.1/../../../../arm-none-eabi/lib/thumb/v7e-m+dp/hard/libc_nano.a(libc_a-mprec.o)
                0x08014aa4                __d2b
 .text.__ssputs_r