Archive member included to satisfy reference by file (symbol)

/opt/st/stm32cubeide_2.2.0/plugins/com.st.stm32cube.ide.mcu.externaltools.gnu-tools-for-stm32.14.3.rel1.linux64_1.0.100.202602081740/tools/bin/../lib/gcc/arm-none-eabi/14.3.1/../../../../arm-none-eabi/lib/thumb/v7e-m+dp/hard/libc_nano.a(libc_a-exit.o)
                              /opt/st/stm32cubeide_2.2.0/plugins/com.st.stm32cube.ide.mcu.externaltools.gnu-tools-for-stm32.14.3.rel1.linux64_1.0.100.202602081740/tools/bin/../lib/gcc/arm-none-eabi/14.3.1/../../../../arm-none-eabi/lib/thumb/v7e-m+dp/hard/crt0.o (exit)
/opt/st/stm32cubeide_2.2.0/plugins/com.st.stm32cube.ide.mcu.externaltools.gnu-tools-for-stm32.14.3.rel1.linux64_1.0.100.202602081740/tools/bin/../lib/gcc/arm-none-eabi/14.3.1/../../../../arm-none-eabi/lib/thumb/v7e-m+dp/hard/libc_nano.a(libc_a-nano-vfprintf_float.o)
                              (_printf_float)
/opt/st/stm32cubeide_2.2.0/plugins/com.st.stm32cube.ide.mcu.externaltools.gnu-tools-for-stm32.14.3.rel1.linux64_1.0.100.202602081740/tools/bin/../lib/gcc/arm-none-eabi/14.3.1/../../../../arm-none-eabi/lib/thumb/v7e-m+dp/hard/libc_nano.a(libc_a-nano-vfprintf_i.o)
                              /opt/st/stm32cubeide_2.2.0/plugins/com.st.stm32cube.ide.mcu.externaltools.gnu-tools-for-stm32.14.3.rel1.linux64_1.0.100.202602081740/tools/bin/../lib/gcc/arm-none-eabi/14.3.1/../../../../arm-none-eabi/lib/thumb/v7e-m+dp/hard/libc_nano.a(libc_a-nano-vfprintf_float.o) (_printf_common)
/opt/st/stm32cubeide_2.2.0/plugins/com.st.stm32cube.ide.mcu.externaltools.gnu-tools-for-stm32.14.3.rel1.linux64_1.0.100.202602081740/tools/bin/../lib/gcc/arm-none-eabi/14.3.1/../../../../arm-none-eabi/lib/thumb/v7e-m+dp/hard/libc_nano.a(libc_a-findfp.o)
                              /opt/st/stm32cubeide_2.2.0/plugins/com.st.stm32cube.ide.mcu.externaltools.gnu-tools-for-stm32.14.3.rel1.linux64_1.0.100.202602081740/tools/bin/../lib/gcc/arm-none-eabi/14.3.1/../../../../arm-none-eabi/lib/thumb/v7e-m+dp/hard/libc_nano.a(libc_a-exit.o) (__stdio_exit_handler)
/opt/st/stm32cubeide_2.2.0/plugins/com.st.stm32cube.ide.mcu.externaltools.gnu-tools-for-stm32.14.3.rel1.linux64_1.0.100.202602081740/tools/bin/../lib/gcc/arm-none-eabi/14.3.1/../../../../arm-none-eabi/lib/thumb/v7e-m+dp/hard/libc_nano.a(libc_a-fwalk.o)
                              /opt/st/stm32cubeide_2.2.0/plugins/com.st.stm32cube.ide.mcu.externaltools.gnu-tools-for-stm32.14.3.rel1.linux64_1.0.100.202602081740/tools/bin/../lib/gcc/arm-none-eabi/14.3.1/../../../../arm-none-eabi/lib/thumb/v7e-m+dp/hard/libc_nano.a(libc_a-findfp.o) (_fwalk_sglue)
/opt/st/stm32cubeide_2.2.0/plugins/com.st.stm32cube.ide.mcu.externaltools.gnu-tools-for-stm32.14.3.rel1.linux64_1.0.100.202602081740/tools/bin/../lib/gcc/arm-none-eabi/14.3.1/../../../../arm-none-eabi/lib/thumb/v7e-m+dp/hard/libc_nano.a(libc_a-printf.o)
                              ./Core/Src/bno055.o (printf)
/opt/st/stm32cubeide_2.2.0/plugins/com.st.stm32cube.ide.mcu.externaltools.gnu-tools-for-stm32.14.3.rel1.linux64_1.0.100.202602081740/tools/bin/../lib/gcc/arm-none-eabi/14.3.1/../../../../arm-none-eabi/lib/thumb/v7e-m+dp/hard/libc_nano.a(libc_a-puts.o)
                              ./Core/Src/main.o (puts)
/opt/st/stm32cubeide_2.2.0/plugins/com.st.stm32cube.ide.mcu.externaltools.gnu-tools-for-stm32.14.3.rel1.linux64_1.0.100.202602081740/tools/bin/../lib/gcc/arm-none-eabi/14.3.1/../../../../arm-none-eabi/lib/thumb/v7e-m+dp/hard/libc_nano.a(libc_a-sprintf.o)
                              ./Core/Src/lcd.o (sprintf)
/opt/st/stm32cubeide_2.2.0/plugins/com.st.stm32cube.ide.mcu.externaltools.gnu-tools-for-stm32.14.3.rel1.linux64_1.0.100.202602081740/tools/bin/../lib/gcc/arm-none-eabi/14.3.1/../../../../arm-none-eabi/lib/thumb/v7e-m+dp/hard/libc_nano.a(libc_a-stdio.o)
                              /opt/st/stm32cubeide_2.2.0/plugins/com.st.stm32cube.ide.mcu.externaltools.gnu-tools-for-stm32.14.3.rel1.linux64_1.0.100.202602081740/tools/bin/../lib/gcc/arm-none-eabi/14.3.1/../../../../arm-none-eabi/lib/thumb/v7e-m+dp/hard/libc_nano.a(libc_a-findfp.o) (__sread)
/opt/st/stm32cubeide_2.2.0/plugins/com.st.stm32cube.ide.mcu.externaltools.gnu-tools-for-stm32.14.3.rel1.linux64_1.0.100.202602081740/tools/bin/../lib/gcc/arm-none-eabi/14.3.1/../../../../arm-none-eabi/lib/thumb/v7e-m+dp/hard/libc_nano.a(libc_a-wbuf.o)
                              /opt/st/stm32cubeide_2.2.0/plugins/com.st.stm32cube.ide.mcu.externaltools.gnu-tools-for-stm32.14.3.rel1.linux64_1.0.100.202602081740/tools/bin/../lib/gcc/arm-none-eabi/14.3.1/../../../../arm-none-eabi/lib/thumb/v7e-m+dp/hard/libc_nano.a(libc_a-puts.o) (__swbuf_r)
/opt/st/stm32cubeide_2.2.0/plugins/com.st.stm32cube.ide.mcu.externaltools.gnu-tools-for-stm32.14.3.rel1.linux64_1.0.100.202602081740/tools/bin/../lib/gcc/arm-none-eabi/14.3.1/../../../../arm-none-eabi/lib/thumb/v7e-m+dp/hard/libc_nano.a(libc_a-wsetup.o)
[...]
Memory Configuration

Name             Origin             Length             Attributes
FLASH            0x08000000         0x00200000         xr
DTCMRAM          0x20000000         0x00020000         xrw
RAM_D1           0x24000000         0x00080000         xrw
RAM_D2           0x30000000         0x00048000         xrw
RAM_D3           0x38000000         0x00010000         xrw
ITCMRAM          0x00000000         0x00010000         xrw
*default*        0x00000000         0xffffffff

Linker script and memory map

LOAD /opt/st/stm32cubeide_2.2.0/plugins/com.st.stm32cube.ide.mcu.externaltools.gnu-tools-for-stm32.14.3.rel1.linux64_1.0.100.202602081740/tools/bin/../lib/gcc/arm-none-eabi/14.3.1/thumb/v7e-m+dp/hard/crti.o
LOAD /opt/st/stm32cubeide_2.2.0/plugins/com.st.stm32cube.ide.mcu.externaltools.gnu-tools-for-stm32.14.3.rel1.linux64_1.0.100.202602081740/tools/bin/../lib/gcc/arm-none-eabi/14.3.1/thumb/v7e-m+dp/hard/crtbegin.o
LOAD /opt/st/stm32cubeide_2.2.0/plugins/com.st.stm32cube.ide.mcu.externaltools.gnu-tools-for-stm32.14.3.rel1.linux64_1.0.100.202602081740/tools/bin/../lib/gcc/arm-none-eabi/14.3.1/../../../../arm-none-eabi/lib/thumb/v7e-m+dp/hard/crt0.o
LOAD ./Core/Src/adc.o
LOAD ./Core/Src/bno055.o
LOAD ./Core/Src/gpio.o
LOAD ./Core/Src/i2c.o
LOAD ./Core/Src/lcd.o
LOAD ./Core/Src/logo.o
LOAD ./Core/Src/logo_128_160.o
LOAD ./Core/Src/logo_160_80.o
LOAD ./Core/Src/main.o
LOAD ./Core/Src/spi.o
LOAD ./Core/Src/st7735.o
LOAD ./Core/Src/st7735_reg.o
LOAD ./Core/Src/stm32h7xx_hal_msp.o
LOAD ./Core/Src/stm32h7xx_it.o
LOAD ./Core/Src/syscalls.o
LOAD ./Core/Src/sysmem.o
LOAD ./Core/Src/system_stm32h7xx.o
LOAD ./Core/Src/tim.o
LOAD ./Core/Startup/startup_stm32h743vitx.o
LOAD ./Drivers/STM32H7xx_HAL_Driver/Src/stm32h7xx_hal.o
LOAD ./Drivers/STM32H7xx_HAL_Driver/Src/stm32h7xx_hal_adc.o
LOAD ./Drivers/STM32H7xx_HAL_Driver/Src/stm32h7xx_hal_adc_ex.o
LOAD ./Drivers/STM32H7xx_HAL_Driver/Src/stm32h7xx_hal_cortex.o
LOAD ./Drivers/STM32H7xx_HAL_Driver/Src/stm32h7xx_hal_dma.o
LOAD ./Drivers/STM32H7xx_HAL_Driver/Src/stm32h7xx_hal_dma_ex.o
LOAD ./Drivers/STM32H7xx_HAL_Driver/Src/stm32h7xx_hal_exti.o
LOAD ./Drivers/STM32H7xx_HAL_Driver/Src/stm32h7xx_hal_flash.o
LOAD ./Drivers/STM32H7xx_HAL_Driver/Src/stm32h7xx_hal_flash_ex.o
LOAD ./Drivers/STM32H7xx_HAL_Driver/Src/stm32h7xx_hal_gpio.o
LOAD ./Drivers/STM32H7xx_HAL_Driver/Src/stm32h7xx_hal_hsem.o
LOAD ./Drivers/STM32H7xx_HAL_Driver/Src/stm32h7xx_hal_i2c.o
LOAD ./Drivers/STM32H7xx_HAL_Driver/Src/stm32h7xx_hal_i2c_ex.o
LOAD ./Drivers/STM32H7xx_HAL_Driver/Src/stm32h7xx_hal_mdma.o
LOAD ./Drivers/STM32H7xx_HAL_Driver/Src/stm32h7xx_hal_pcd.o
LOAD ./Drivers/STM32H7xx_HAL_Driver/Src/stm32h7xx_hal_pcd_ex.o
LOAD ./Drivers/STM32H7xx_HAL_Driver/Src/stm32h7xx_hal_pwr.o
LOAD ./Drivers/STM32H7xx_HAL_Driver/Src/stm32h7xx_hal_pwr_ex.o
LOAD ./Drivers/STM32H7xx_HAL_Driver/Src/stm32h7xx_hal_rcc.o
LOAD ./Drivers/STM32H7xx_HAL_Driver/Src/stm32h7xx_hal_rcc_ex.o
LOAD ./Drivers/STM32H7xx_HAL_Driver/Src/stm32h7xx_hal_spi.o
LOAD ./Drivers/STM32H7xx_HAL_Driver/Src/stm32h7xx_hal_spi_ex.o
LOAD ./Drivers/STM32H7xx_HAL_Driver/Src/stm32h7xx_hal_tim.o
LOAD ./Drivers/STM32H7xx_HAL_Driver/Src/stm32h7xx_hal_tim_ex.o
LOAD ./Drivers/STM32H7xx_HAL_Driver/Src/stm32h7xx_ll_usb.o
LOAD ./Middlewares/ST/STM32_USB_Device_Library/Class/CDC/Src/usbd_cdc.o
LOAD ./Middlewares/ST/STM32_USB_Device_Library/Core/Src/usbd_core.o
LOAD ./Middlewares/ST/STM32_USB_Device_Library/Core/Src/usbd_ctlreq.o
LOAD ./Middlewares/ST/STM32_USB_Device_Library/Core/Src/usbd_ioreq.o
LOAD ./USB_DEVICE/App/usb_device.o
LOAD ./USB_DEVICE/App/usbd_cdc_if.o
LOAD ./USB_DEVICE/App/usbd_desc.o
LOAD ./USB_DEVICE/Target/usbd_conf.o
START GROUP
LOAD /opt/st/stm32cubeide_2.2.0/plugins/com.st.stm32cube.ide.mcu.externaltools.gnu-tools-for-stm32.14.3.rel1.linux64_1.0.100.202602081740/tools/bin/../lib/gcc/arm-none-eabi/14.3.1/../../../../arm-none-eabi/lib/thumb/v7e-m+dp/hard/libc_nano.a
LOAD /opt/st/stm32cubeide_2.2.0/plugins/com.st.stm32cube.ide.mcu.externaltools.gnu-tools-for-stm32.14.3.rel1.linux64_1.0.100.202602081740/tools/bin/../lib/gcc/arm-none-eabi/14.3.1/../../../../arm-none-eabi/lib/thumb/v7e-m+dp/hard/libm.a
END GROUP
START GROUP
LOAD /opt/st/stm32cubeide_2.2.0/plugins/com.st.stm32cube.ide.mcu.externaltools.gnu-tools-for-stm32.14.3.rel1.linux64_1.0.100.202602081740/tools/bin/../lib/gcc/arm-none-eabi/14.3.1/thumb/v7e-m+dp/hard/libgcc.a
LOAD /opt/st/stm32cubeide_2.2.0/plugins/com.st.stm32cube.ide.mcu.externaltools.gnu-tools-for-stm32.14.3.rel1.linux64_1.0.100.202602081740/tools/bin/../lib/gcc/arm-none-eabi/14.3.1/../../../../arm-none-eabi/lib/thumb/v7e-m+dp/hard/libc_nano.a
END GROUP
START GROUP
LOAD /opt/st/stm32cubeide_2.2.0/plugins/com.st.stm32cube.ide.mcu.externaltools.gnu-tools-for-stm32.14.3.rel1.linux64_1.0.100.202602081740/tools/bin/../lib/gcc/arm-none-eabi/14.3.1/thumb/v7e-m+dp/hard/libgcc.a
LOAD /opt/st/stm32cubeide_2.2.0/plugins/com.st.stm32cube.ide.mcu.externaltools.gnu-tools-for-stm32.14.3.rel1.linux64_1.0.100.202602081740/tools/bin/../lib/gcc/arm-none-eabi/14.3.1/../../../../arm-none-eabi/lib/thumb/v7e-m+dp/hard/libc_nano.a
LOAD /opt/st/stm32cubeide_2.2.0/plugins/com.st.stm32cube.ide.mcu.externaltools.gnu-tools-for-stm32.14.3.rel1.linux64_1.0.100.202602081740/tools/bin/../lib/gcc/arm-none-eabi/14.3.1/../../../../arm-none-eabi/lib/thumb/v7e-m+dp/hard/libnosys.a
END GROUP
START GROUP
LOAD /opt/st/stm32cubeide_2.2.0/plugins/com.st.stm32cube.ide.mcu.externaltools.gnu-tools-for-stm32.14.3.rel1.linux64_1.0.100.202602081740/tools/bin/../lib/gcc/arm-none-eabi/14.3.1/thumb/v7e-m+dp/hard/libgcc.a
LOAD /opt/st/stm32cubeide_2.2.0/plugins/com.st.stm32cube.ide.mcu.externaltools.gnu-tools-for-stm32.14.3.rel1.linux64_1.0.100.202602081740/tools/bin/../lib/gcc/arm-none-eabi/14.3.1/../../../../arm-none-eabi/lib/thumb/v7e-m+dp/hard/libc_nano.a
LOAD /opt/st/stm32cubeide_2.2.0/plugins/com.st.stm32cube.ide.mcu.externaltools.gnu-tools-for-stm32.14.3.rel1.linux64_1.0.100.202602081740/tools/bin/../lib/gcc/arm-none-eabi/14.3.1/../../../../arm-none-eabi/lib/thumb/v7e-m+dp/hard/libnosys.a
END GROUP
LOAD /opt/st/stm32cubeide_2.2.0/plugins/com.st.stm32cube.ide.mcu.externaltools.gnu-tools-for-stm32.14.3.rel1.linux64_1.0.100.202602081740/tools/bin/../lib/gcc/arm-none-eabi/14.3.1/thumb/v7e-m+dp/hard/crtend.o
LOAD /opt/st/stm32cubeide_2.2.0/plugins/com.st.stm32cube.ide.mcu.externaltools.gnu-tools-for-stm32.14.3.rel1.linux64_1.0.100.202602081740/tools/bin/../lib/gcc/arm-none-eabi/14.3.1/thumb/v7e-m+dp/hard/crtn.o
                0x24080000                        _estack = (ORIGIN (RAM_D1) + LENGTH (RAM_D1))
                0x00000200                        _Min_Heap_Size = 0x200
                0x00000400                        _Min_Stack_Size = 0x400

.isr_vector     0x08000000      0x298
                0x08000000                        . = ALIGN (0x4)
 *(.isr_vector)
 .isr_vector    0x08000000      0x298 ./Core/Startup/startup_stm32h743vitx.o
                0x08000000                g_pfnVectors
                0x08000298                        . = ALIGN (0x4)

.text           0x080002a0    0x16d20
                0x080002a0                        . = ALIGN (0x4)
 *(.text)
 .text          0x080002a0       0x40 /opt/st/stm32cubeide_2.2.0/plugins/com.st.stm32cube.ide.mcu.externaltools.gnu-tools-for-stm32.14.3.rel1.linux64_1.0.100.202602081740/tools/bin/../lib/gcc/arm-none-eabi/14.3.1/thumb/v7e-m+dp/hard/crtbegin.o
 .text          0x080002e0       0xa0 /opt/st/stm32cubeide_2.2.0/plugins/com.st.stm32cube.ide.mcu.externaltools.gnu-tools-for-stm32.14.3.rel1.linux64_1.0.100.202602081740/tools/bin/../lib/gcc/arm-none-eabi/14.3.1/../../../../arm-none-eabi/lib/thumb/v7e-m+dp/hard/libc_nano.a(libc_a-memchr.o)
                0x080002e0                memchr
 .text          0x08000380       0x10 /opt/st/stm32cubeide_2.2.0/plugins/com.st.stm32cube.ide.mcu.externaltools.gnu-tools-for-stm32.14.3.rel1.linux64_1.0.100.202602081740/tools/bin/../lib/gcc/arm-none-eabi/14.3.1/../../../../arm-none-eabi/lib/thumb/v7e-m+dp/hard/libc_nano.a(libc_a-strlen.o)
                0x08000380                strlen
 *(.text*)
 .text.MX_ADC3_Init
                0x08000390      0x144 ./Core/Src/adc.o
                0x08000390                MX_ADC3_Init
 .text.HAL_ADC_MspInit
                0x080004d4       0xc4 ./Core/Src/adc.o
                0x080004d4                HAL_ADC_MspInit
 .text.bno055_setPage
                0x08000598       0x1c ./Core/Src/bno055.o
                0x08000598                bno055_setPage
 .text.bno055_setOperationMode
                0x080005b4       0x30 ./Core/Src/bno055.o
                0x080005b4                bno055_setOperationMode
 .text.bno055_setOperationModeConfig
                0x080005e4        0xe ./Core/Src/bno055.o
                0x080005e4                bno055_setOperationModeConfig
 .text.bno055_setOperationModeNDOF
                0x080005f2        0xe ./Core/Src/bno055.o
                0x080005f2                bno055_setOperationModeNDOF
 .text.bno055_reset
                0x08000600       0x18 ./Core/Src/bno055.o
                0x08000600                bno055_reset
 .text.bno055_setup
                0x08000618       0x50 ./Core/Src/bno055.o
                0x08000618                bno055_setup
 .text.MX_GPIO_Init
                0x08000668      0x1a0 ./Core/Src/gpio.o
                0x08000668                MX_GPIO_Init
 .text.MX_I2C1_Init
                0x08000808       0x80 ./Core/Src/i2c.o
                0x08000808                MX_I2C1_Init
 .text.HAL_I2C_MspInit
                0x08000888       0xd0 ./Core/Src/i2c.o
                0x08000888                HAL_I2C_MspInit
 .text.LCD_Test
                0x08000958      0x1d8 ./Core/Src/lcd.o
                0x08000958                LCD_Test
 .text.LCD_SetBrightness
                0x08000b30       0x20 ./Core/Src/lcd.o
                0x08000b30                LCD_SetBrightness
 .text.LCD_GetBrightness
                0x08000b50       0x18 ./Core/Src/lcd.o
                0x08000b50                LCD_GetBrightness
 .text.LCD_Light
                0x08000b68       0xea ./Core/Src/lcd.o
                0x08000b68                LCD_Light
 *fill*         0x08000c52        0x2 
 .text.LCD_ShowChar
                0x08000c54      0x42c ./Core/Src/lcd.o
                0x08000c54                LCD_ShowChar
 .text.LCD_ShowString
                0x08001080       0x9a ./Core/Src/lcd.o
                0x08001080                LCD_ShowString
 *fill*         0x0800111a        0x2 
 .text.lcd_init
                0x0800111c       0x20 ./Core/Src/lcd.o
 .text.lcd_gettick
                0x0800113c        0xe ./Core/Src/lcd.o
 *fill*         0x0800114a        0x2 
 .text.lcd_writereg
                0x0800114c       0x94 ./Core/Src/lcd.o
 .text.lcd_readreg
                0x080011e0       0x88 ./Core/Src/lcd.o
 .text.lcd_senddata
                0x08001268       0x58 ./Core/Src/lcd.o
 .text.lcd_recvdata
                0x080012c0       0x5c ./Core/Src/lcd.o
 .text.bno055_assignI2C
                0x0800131c       0x20 ./Core/Src/main.o
                0x0800131c                bno055_assignI2C
 .text.bno055_delay
                0x0800133c       0x18 ./Core/Src/main.o
                0x0800133c                bno055_delay
 .text.bno055_writeData
                0x08001354      0x1b4 ./Core/Src/main.o
                0x08001354                bno055_writeData
 .text.bno055_readData
                0x08001508       0x44 ./Core/Src/main.o
                0x08001508                bno055_readData
 .text.MPU_Config
                0x0800154c       0x90 ./Core/Src/main.o
 .text.CPU_CACHE_Enable
                0x080015dc       0xdc ./Core/Src/main.o
 .text.LED_Pisca
                0x080016b8       0x34 ./Core/Src/main.o
                0x080016b8                LED_Pisca
 .text.calcular_PID
                0x080016ec      0x184 ./Core/Src/main.o
                0x080016ec                calcular_PID
 .text.OmegaSpeedLeft
                0x08001870       0x50 ./Core/Src/main.o
                0x08001870                OmegaSpeedLeft
 .text.OmegaSpeedRight
                0x080018c0       0x50 ./Core/Src/main.o
                0x080018c0                OmegaSpeedRight
 .text.CalcularVelAngularRodas
                0x08001910       0xe8 ./Core/Src/main.o
                0x08001910                CalcularVelAngularRodas
 .text.ControleReferenciaVariavelPosicao
                0x080019f8      0x384 ./Core/Src/main.o
                0x080019f8                ControleReferenciaVariavelPosicao
 *fill*         0x08001d7c        0x4 
 .text.main     0x08001d80      0x548 ./Core/Src/main.o
                0x08001d80                main
 .text.SystemClock_Config
                0x080022c8       0xf8 ./Core/Src/main.o
                0x080022c8                SystemClock_Config
 .text.Error_Handler
                0x080023c0        0xe ./Core/Src/main.o
                0x080023c0                Error_Handler
 *fill*         0x080023ce        0x2 
 .text.MX_SPI4_Init
                0x080023d0       0xb0 ./Core/Src/spi.o
                0x080023d0                MX_SPI4_Init
 .text.HAL_SPI_MspInit
                0x08002480       0xd0 ./Core/Src/spi.o
                0x08002480                HAL_SPI_MspInit
 .text.ST7735_RegisterBusIO
                0x08002550       0xa8 ./Core/Src/st7735.o
                0x08002550                ST7735_RegisterBusIO
 .text.ST7735_Init
                0x080025f8      0x77e ./Core/Src/st7735.o
                0x080025f8                ST7735_Init
 .text.ST7735_DeInit
                0x08002d76       0x16 ./Core/Src/st7735.o
                0x08002d76                ST7735_DeInit
 .text.ST7735_ReadID
                0x08002d8c       0x8e ./Core/Src/st7735.o
                0x08002d8c                ST7735_ReadID
 *fill*         0x08002e1a        0x2 
 .text.ST7735_DisplayOn
                0x08002e1c       0xc8 ./Core/Src/st7735.o
                0x08002e1c                ST7735_DisplayOn
 .text.ST7735_DisplayOff
                0x08002ee4       0xc8 ./Core/Src/st7735.o
                0x08002ee4                ST7735_DisplayOff
 .text.ST7735_SetBrightness
                0x08002fac       0x1a ./Core/Src/st7735.o
                0x08002fac                ST7735_SetBrightness
 .text.ST7735_GetBrightness
                0x08002fc6       0x1a ./Core/Src/st7735.o
                0x08002fc6                ST7735_GetBrightness
 .text.ST7735_SetOrientation
                0x08002fe0      0x11c ./Core/Src/st7735.o
                0x08002fe0                ST7735_SetOrientation
 .text.ST7735_GetOrientation
                0x080030fc       0x24 ./Core/Src/st7735.o
                0x080030fc                ST7735_GetOrientation
 .text.ST7735_SetCursor
                0x08003120      0x178 ./Core/Src/st7735.o
                0x08003120                ST7735_SetCursor
 .text.ST7735_DrawBitmap
                0x08003298      0x214 ./Core/Src/st7735.o
                0x08003298                ST7735_DrawBitmap
 .text.ST7735_FillRGBRect
                0x080034ac       0xd0 ./Core/Src/st7735.o
                0x080034ac                ST7735_FillRGBRect
 .text.ST7735_DrawHLine
                0x0800357c       0xa0 ./Core/Src/st7735.o
                0x0800357c                ST7735_DrawHLine
 .text.ST7735_DrawVLine
                0x0800361c       0x68 ./Core/Src/st7735.o
                0x0800361c                ST7735_DrawVLine
 .text.ST7735_FillRect
                0x08003684       0x58 ./Core/Src/st7735.o
                0x08003684                ST7735_FillRect
 .text.ST7735_SetPixel
                0x080036dc       0x88 ./Core/Src/st7735.o
                0x080036dc                ST7735_SetPixel
 .text.ST7735_GetPixel
                0x08003764       0x9e ./Core/Src/st7735.o
                0x08003764                ST7735_GetPixel
 *fill*         0x08003802        0x2 
 .text.ST7735_GetXSize
                0x08003804       0x24 ./Core/Src/st7735.o
                0x08003804                ST7735_GetXSize
 .text.ST7735_GetYSize
                0x08003828       0x24 ./Core/Src/st7735.o
                0x08003828                ST7735_GetYSize
 .text.ST7735_SetDisplayWindow
                0x0800384c      0x208 ./Core/Src/st7735.o
 .text.ST7735_ReadRegWrap
                0x08003a54       0x28 ./Core/Src/st7735.o
 .text.ST7735_WriteRegWrap
                0x08003a7c       0x2a ./Core/Src/st7735.o
 .text.ST7735_SendDataWrap
                0x08003aa6       0x24 ./Core/Src/st7735.o
 .text.ST7735_RecvDataWrap
                0x08003aca       0x24 ./Core/Src/st7735.o
 .text.ST7735_IO_Delay
                0x08003aee       0x34 ./Core/Src/st7735.o
 .text.st7735_read_reg
                0x08003b22       0x26 ./Core/Src/st7735_reg.o
                0x08003b22                st7735_read_reg
 .text.st7735_write_reg
                0x08003b48       0x2a ./Core/Src/st7735_reg.o
                0x08003b48                st7735_write_reg
 .text.st7735_send_data
                0x08003b72       0x24 ./Core/Src/st7735_reg.o
                0x08003b72                st7735_send_data
 .text.st7735_recv_data
                0x08003b96       0x24 ./Core/Src/st7735_reg.o
                0x08003b96                st7735_recv_data
 *fill*         0x08003bba        0x2 
 .text.HAL_MspInit
                0x08003bbc       0x58 ./Core/Src/stm32h7xx_hal_msp.o
                0x08003bbc                HAL_MspInit
 .text.NMI_Handler
                0x08003c14        0x8 ./Core/Src/stm32h7xx_it.o
                0x08003c14                NMI_Handler
 .text.HardFault_Handler
                0x08003c1c        0x8 ./Core/Src/stm32h7xx_it.o
                0x08003c1c                HardFault_Handler
 .text.MemManage_Handler
                0x08003c24        0x8 ./Core/Src/stm32h7xx_it.o
                0x08003c24                MemManage_Handler
 .text.BusFault_Handler
                0x08003c2c        0x8 ./Core/Src/stm32h7xx_it.o
                0x08003c2c                BusFault_Handler
 .text.UsageFault_Handler
                0x08003c34        0x8 ./Core/Src/stm32h7xx_it.o
                0x08003c34                UsageFault_Handler
 .text.SVC_Handler
                0x08003c3c        0xe ./Core/Src/stm32h7xx_it.o
                0x08003c3c                SVC_Handler
 .text.DebugMon_Handler
                0x08003c4a        0xe ./Core/Src/stm32h7xx_it.o
                0x08003c4a                DebugMon_Handler
 .text.PendSV_Handler
                0x08003c58        0xe ./Core/Src/stm32h7xx_it.o
                0x08003c58                PendSV_Handler
 .text.SysTick_Handler
                0x08003c66        0xc ./Core/Src/stm32h7xx_it.o
                0x08003c66                SysTick_Handler
 *fill*         0x08003c72        0x2 
 .text.OTG_FS_IRQHandler
                0x08003c74       0x14 ./Core/Src/stm32h7xx_it.o
                0x08003c74                OTG_FS_IRQHandler
 .text._getpid  0x08003c88       0x10 ./Core/Src/syscalls.o
                0x08003c88                _getpid
 .text._kill    0x08003c98       0x20 ./Core/Src/syscalls.o
                0x08003c98                _kill
 .text._exit    0x08003cb8       0x16 ./Core/Src/syscalls.o
                0x08003cb8                _exit
 .text._read    0x08003cce       0x3a ./Core/Src/syscalls.o
                0x08003cce                _read
 .text._write   0x08003d08       0x38 ./Core/Src/syscalls.o
                0x08003d08                _write
 .text._close   0x08003d40       0x18 ./Core/Src/syscalls.o
                0x08003d40                _close
 .text._fstat   0x08003d58       0x20 ./Core/Src/syscalls.o
                0x08003d58                _fstat
 .text._isatty  0x08003d78       0x16 ./Core/Src/syscalls.o
                0x08003d78                _isatty
 .text._lseek   0x08003d8e       0x1a ./Core/Src/syscalls.o
                0x08003d8e                _lseek
 .text._sbrk    0x08003da8       0x6c ./Core/Src/sysmem.o
                0x08003da8                _sbrk
 .text.SystemInit
                0x08003e14      0x110 ./Core/Src/system_stm32h7xx.o
                0x08003e14                SystemInit
 .text.MX_TIM1_Init
                0x08003f24      0x120 ./Core/Src/tim.o
                0x08003f24                MX_TIM1_Init
 .text.MX_TIM2_Init
                0x08004044       0xa8 ./Core/Src/tim.o
                0x08004044                MX_TIM2_Init
 .text.MX_TIM3_Init
                0x080040ec       0xac ./Core/Src/tim.o
                0x080040ec                MX_TIM3_Init
 .text.MX_TIM4_Init
                0x08004198      0x104 ./Core/Src/tim.o
                0x08004198                MX_TIM4_Init
 .text.MX_TIM8_Init
                0x0800429c       0xa4 ./Core/Src/tim.o
                0x0800429c                MX_TIM8_Init
 .text.HAL_TIM_PWM_MspInit
                0x08004340       0x44 ./Core/Src/tim.o
                0x08004340                HAL_TIM_PWM_MspInit
 .text.HAL_TIM_Encoder_MspInit
                0x08004384       0xfc ./Core/Src/tim.o
                0x08004384                HAL_TIM_Encoder_MspInit
 .text.HAL_TIM_Base_MspInit
                0x08004480       0x74 ./Core/Src/tim.o
                0x08004480                HAL_TIM_Base_MspInit
 .text.HAL_TIM_MspPostInit
                0x080044f4       0xcc ./Core/Src/tim.o
                0x080044f4                HAL_TIM_MspPostInit
 .text.Reset_Handler
                0x080045c0       0x50 ./Core/Startup/startup_stm32h743vitx.o
                0x080045c0                Reset_Handler
 .text.Default_Handler
                0x08004610        0x2 ./Core/Startup/startup_stm32h743vitx.o
                0x08004610                RTC_Alarm_IRQHandler
                0x08004610                EXTI2_IRQHandler
                0x08004610                TIM8_CC_IRQHandler
                0x08004610                HRTIM1_Master_IRQHandler
                0x08004610                UART8_IRQHandler
                0x08004610                SPI4_IRQHandler
                0x08004610                TIM1_CC_IRQHandler
                0x08004610                BDMA_Channel6_IRQHandler
                0x08004610                DMA2_Stream5_IRQHandler
                0x08004610                HRTIM1_FLT_IRQHandler
                0x08004610                JPEG_IRQHandler
                0x08004610                DMA1_Stream5_IRQHandler
                0x08004610                BDMA_Channel1_IRQHandler
                0x08004610                HRTIM1_TIMD_IRQHandler
                0x08004610                TAMP_STAMP_IRQHandler
                0x08004610                EXTI3_IRQHandler
                0x08004610                LPTIM4_IRQHandler
                0x08004610                TIM8_TRG_COM_TIM14_IRQHandler
                0x08004610                LPTIM2_IRQHandler
                0x08004610                DFSDM1_FLT1_IRQHandler
                0x08004610                DMAMUX2_OVR_IRQHandler
                0x08004610                TIM8_UP_TIM13_IRQHandler
                0x08004610                I2C3_ER_IRQHandler
                0x08004610                DFSDM1_FLT2_IRQHandler
                0x08004610                MDMA_IRQHandler
                0x08004610                LPTIM3_IRQHandler
                0x08004610                HSEM1_IRQHandler
                0x08004610                EXTI0_IRQHandler
                0x08004610                I2C2_EV_IRQHandler
                0x08004610                DMA1_Stream2_IRQHandler
                0x08004610                FPU_IRQHandler
                0x08004610                OTG_HS_WKUP_IRQHandler
                0x08004610                FDCAN1_IT1_IRQHandler
                0x08004610                LTDC_ER_IRQHandler
                0x08004610                DMA2_Stream2_IRQHandler
                0x08004610                HRTIM1_TIME_IRQHandler
                0x08004610                SPI1_IRQHandler
                0x08004610                TIM6_DAC_IRQHandler
                0x08004610                DCMI_IRQHandler
                0x08004610                HRTIM1_TIMC_IRQHandler
                0x08004610                DMA2_Stream3_IRQHandler
                0x08004610                SAI2_IRQHandler
                0x08004610                DFSDM1_FLT3_IRQHandler
                0x08004610                USART6_IRQHandler
                0x08004610                TIM17_IRQHandler
                0x08004610                USART3_IRQHandler
                0x08004610                BDMA_Channel7_IRQHandler
                0x08004610                LPTIM5_IRQHandler
                0x08004610                UART5_IRQHandler
                0x08004610                ADC3_IRQHandler
                0x08004610                DMA2_Stream0_IRQHandler
                0x08004610                TIM4_IRQHandler
                0x08004610                BDMA_Channel2_IRQHandler
                0x08004610                QUADSPI_IRQHandler
                0x08004610                I2C1_EV_IRQHandler
                0x08004610                DMA1_Stream6_IRQHandler
                0x08004610                DMAMUX1_OVR_IRQHandler
                0x08004610                DMA1_Stream1_IRQHandler
                0x08004610                TIM16_IRQHandler
                0x08004610                UART4_IRQHandler
                0x08004610                BDMA_Channel5_IRQHandler
                0x08004610                TIM3_IRQHandler
                0x08004610                RCC_IRQHandler
                0x08004610                TIM8_BRK_TIM12_IRQHandler
                0x08004610                TIM1_TRG_COM_IRQHandler
                0x08004610                Default_Handler
                0x08004610                ECC_IRQHandler
                0x08004610                CEC_IRQHandler
                0x08004610                EXTI15_10_IRQHandler
                0x08004610                BDMA_Channel0_IRQHandler
                0x08004610                ADC_IRQHandler
                0x08004610                DMA1_Stream7_IRQHandler
                0x08004610                HRTIM1_TIMA_IRQHandler
                0x08004610                SPI5_IRQHandler
                0x08004610                TIM7_IRQHandler
                0x08004610                SDMMC1_IRQHandler
                0x08004610                TIM5_IRQHandler
                0x08004610                DMA2_Stream7_IRQHandler
                0x08004610                TIM15_IRQHandler
                0x08004610                PVD_AVD_IRQHandler
                0x08004610                I2C3_EV_IRQHandler
                0x08004610                EXTI9_5_IRQHandler
                0x08004610                RTC_WKUP_IRQHandler
                0x08004610                LTDC_IRQHandler
                0x08004610                SAI3_IRQHandler
                0x08004610                ETH_WKUP_IRQHandler
                0x08004610                SPDIF_RX_IRQHandler
                0x08004610                SPI2_IRQHandler
                0x08004610                OTG_HS_EP1_IN_IRQHandler
                0x08004610                DMA1_Stream0_IRQHandler
                0x08004610                CRS_IRQHandler
                0x08004610                EXTI4_IRQHandler
                0x08004610                RNG_IRQHandler
                0x08004610                HRTIM1_TIMB_IRQHandler
                0x08004610                FDCAN2_IT1_IRQHandler
                0x08004610                ETH_IRQHandler
                0x08004610                TIM1_UP_IRQHandler
                0x08004610                BDMA_Channel4_IRQHandler
                0x08004610                OTG_HS_EP1_OUT_IRQHandler
                0x08004610                WWDG_IRQHandler
                0x08004610                SPI6_IRQHandler
                0x08004610                MDIOS_IRQHandler
                0x08004610                I2C4_EV_IRQHandler
                0x08004610                FDCAN2_IT0_IRQHandler
                0x08004610                LPUART1_IRQHandler
                0x08004610                FDCAN1_IT0_IRQHandler
                0x08004610                TIM2_IRQHandler
                0x08004610                OTG_FS_WKUP_IRQHandler
                0x08004610                OTG_HS_IRQHandler
                0x08004610                DMA2D_IRQHandler
                0x08004610                TIM1_BRK_IRQHandler
                0x08004610                EXTI1_IRQHandler
                0x08004610                SDMMC2_IRQHandler
                0x08004610                OTG_FS_EP1_OUT_IRQHandler
                0x08004610                BDMA_Channel3_IRQHandler
                0x08004610                UART7_IRQHandler
                0x08004610                MDIOS_WKUP_IRQHandler
                0x08004610                USART2_IRQHandler
                0x08004610                DFSDM1_FLT0_IRQHandler
                0x08004610                SAI4_IRQHandler
                0x08004610                I2C2_ER_IRQHandler
                0x08004610                DMA2_Stream1_IRQHandler
                0x08004610                FLASH_IRQHandler
                0x08004610                DMA2_Stream4_IRQHandler
                0x08004610                USART1_IRQHandler
                0x08004610                SPI3_IRQHandler
                0x08004610                WAKEUP_PIN_IRQHandler
                0x08004610                DMA1_Stream4_IRQHandler
                0x08004610                OTG_FS_EP1_IN_IRQHandler
                0x08004610                I2C1_ER_IRQHandler
                0x08004610                FMC_IRQHandler
                0x08004610                FDCAN_CAL_IRQHandler
                0x08004610                SWPMI1_IRQHandler
                0x08004610                COMP1_IRQHandler
                0x08004610                LPTIM1_IRQHandler
                0x08004610                I2C4_ER_IRQHandler
                0x08004610                DMA2_Stream6_IRQHandler
                0x08004610                SAI1_IRQHandler
                0x08004610                DMA1_Stream3_IRQHandler
 *fill*         0x08004612        0x2 
 .text.HAL_Init
                0x08004614       0x78 ./Drivers/STM32H7xx_HAL_Driver/Src/stm32h7xx_hal.o
                0x08004614                HAL_Init
 .text.HAL_InitTick
                0x0800468c       0x6c ./Drivers/STM32H7xx_HAL_Driver/Src/stm32h7xx_hal.o
                0x0800468c                HAL_InitTick
 .text.HAL_IncTick
                0x080046f8       0x28 ./Drivers/STM32H7xx_HAL_Driver/Src/stm32h7xx_hal.o
                0x080046f8                HAL_IncTick
 .text.HAL_GetTick
                0x08004720       0x18 ./Drivers/STM32H7xx_HAL_Driver/Src/stm32h7xx_hal.o
                0x08004720                HAL_GetTick
 .text.HAL_Delay
                0x08004738       0x48 ./Drivers/STM32H7xx_HAL_Driver/Src/stm32h7xx_hal.o
                0x08004738                HAL_Delay
 .text.HAL_GetREVID
                0x08004780       0x18 ./Drivers/STM32H7xx_HAL_Driver/Src/stm32h7xx_hal.o
                0x08004780                HAL_GetREVID
 .text.HAL_SYSCFG_VREFBUF_HighImpedanceConfig
                0x08004798       0x28 ./Drivers/STM32H7xx_HAL_Driver/Src/stm32h7xx_hal.o
                0x08004798                HAL_SYSCFG_VREFBUF_HighImpedanceConfig
 .text.HAL_SYSCFG_DisableVREFBUF
                0x080047c0       0x20 ./Drivers/STM32H7xx_HAL_Driver/Src/stm32h7xx_hal.o
                0x080047c0                HAL_SYSCFG_DisableVREFBUF
 .text.HAL_SYSCFG_AnalogSwitchConfig
                0x080047e0       0x2c ./Drivers/STM32H7xx_HAL_Driver/Src/stm32h7xx_hal.o
                0x080047e0                HAL_SYSCFG_AnalogSwitchConfig
 .text.LL_ADC_SetCommonClock
                0x0800480c       0x26 ./Drivers/STM32H7xx_HAL_Driver/Src/stm32h7xx_hal_adc.o
 .text.LL_ADC_SetCommonPathInternalCh
                0x08004832       0x26 ./Drivers/STM32H7xx_HAL_Driver/Src/stm32h7xx_hal_adc.o
 .text.LL_ADC_GetCommonPathInternalCh
                0x08004858       0x1c ./Drivers/STM32H7xx_HAL_Driver/Src/stm32h7xx_hal_adc.o
 .text.LL_ADC_SetChannelPreselection
                0x08004874       0x66 ./Drivers/STM32H7xx_HAL_Driver/Src/stm32h7xx_hal_adc.o
 .text.LL_ADC_SetOffset
                0x080048da       0x40 ./Drivers/STM32H7xx_HAL_Driver/Src/stm32h7xx_hal_adc.o
 .text.LL_ADC_SetDataRightShift
                0x0800491a       0x32 ./Drivers/STM32H7xx_HAL_Driver/Src/stm32h7xx_hal_adc.o
 .text.LL_ADC_SetOffsetSignedSaturation
                0x0800494c       0x36 ./Drivers/STM32H7xx_HAL_Driver/Src/stm32h7xx_hal_adc.o
 .text.LL_ADC_REG_IsTriggerSourceSWStart
                0x08004982       0x26 ./Drivers/STM32H7xx_HAL_Driver/Src/stm32h7xx_hal_adc.o
 .text.LL_ADC_REG_SetSequencerRanks
                0x080049a8       0x58 ./Drivers/STM32H7xx_HAL_Driver/Src/stm32h7xx_hal_adc.o
 .text.LL_ADC_SetChannelSamplingTime
                0x08004a00       0x56 ./Drivers/STM32H7xx_HAL_Driver/Src/stm32h7xx_hal_adc.o
 *fill*         0x08004a56        0x2 
 .text.LL_ADC_SetChannelSingleDiff
                0x08004a58       0x48 ./Drivers/STM32H7xx_HAL_Driver/Src/stm32h7xx_hal_adc.o
 .text.LL_ADC_GetMultimode
                0x08004aa0       0x1c ./Drivers/STM32H7xx_HAL_Driver/Src/stm32h7xx_hal_adc.o
 .text.LL_ADC_GetMultiDMATransfer
                0x08004abc       0x1c ./Drivers/STM32H7xx_HAL_Driver/Src/stm32h7xx_hal_adc.o
 .text.LL_ADC_DisableDeepPowerDown
                0x08004ad8       0x24 ./Drivers/STM32H7xx_HAL_Driver/Src/stm32h7xx_hal_adc.o
 .text.LL_ADC_IsDeepPowerDownEnabled
                0x08004afc       0x28 ./Drivers/STM32H7xx_HAL_Driver/Src/stm32h7xx_hal_adc.o
 .text.LL_ADC_EnableInternalRegulator
                0x08004b24       0x28 ./Drivers/STM32H7xx_HAL_Driver/Src/stm32h7xx_hal_adc.o
 .text.LL_ADC_IsInternalRegulatorEnabled
                0x08004b4c       0x28 ./Drivers/STM32H7xx_HAL_Driver/Src/stm32h7xx_hal_adc.o
 .text.LL_ADC_Enable
                0x08004b74       0x28 ./Drivers/STM32H7xx_HAL_Driver/Src/stm32h7xx_hal_adc.o
 .text.LL_ADC_Disable
                0x08004b9c       0x28 ./Drivers/STM32H7xx_HAL_Driver/Src/stm32h7xx_hal_adc.o
 .text.LL_ADC_IsEnabled
                0x08004bc4       0x26 ./Drivers/STM32H7xx_HAL_Driver/Src/stm32h7xx_hal_adc.o
 .text.LL_ADC_IsDisableOngoing
                0x08004bea       0x26 ./Drivers/STM32H7xx_HAL_Driver/Src/stm32h7xx_hal_adc.o
 .text.LL_ADC_REG_StartConversion
                0x08004c10       0x28 ./Drivers/STM32H7xx_HAL_Driver/Src/stm32h7xx_hal_adc.o
 .text.LL_ADC_REG_StopConversion
                0x08004c38       0x28 ./Drivers/STM32H7xx_HAL_Driver/Src/stm32h7xx_hal_adc.o
 .text.LL_ADC_REG_IsConversionOngoing
                0x08004c60       0x26 ./Drivers/STM32H7xx_HAL_Driver/Src/stm32h7xx_hal_adc.o
 *fill*         0x08004c86        0x2 
 .text.LL_ADC_INJ_StopConversion
                0x08004c88       0x28 ./Drivers/STM32H7xx_HAL_Driver/Src/stm32h7xx_hal_adc.o
 .text.LL_ADC_INJ_IsConversionOngoing
                0x08004cb0       0x26 ./Drivers/STM32H7xx_HAL_Driver/Src/stm32h7xx_hal_adc.o
 *fill*         0x08004cd6        0x2 
 .text.HAL_ADC_Init
                0x08004cd8      0x344 ./Drivers/STM32H7xx_HAL_Driver/Src/stm32h7xx_hal_adc.o
                0x08004cd8                HAL_ADC_Init
 .text.HAL_ADC_Start
                0x0800501c      0x194 ./Drivers/STM32H7xx_HAL_Driver/Src/stm32h7xx_hal_adc.o
                0x0800501c                HAL_ADC_Start
 .text.HAL_ADC_Stop
                0x080051b0       0x68 ./Drivers/STM32H7xx_HAL_Driver/Src/stm32h7xx_hal_adc.o
                0x080051b0                HAL_ADC_Stop
 .text.HAL_ADC_PollForConversion
                0x08005218      0x1e8 ./Drivers/STM32H7xx_HAL_Driver/Src/stm32h7xx_hal_adc.o
                0x08005218                HAL_ADC_PollForConversion
 .text.HAL_ADC_GetValue
                0x08005400       0x1a ./Drivers/STM32H7xx_HAL_Driver/Src/stm32h7xx_hal_adc.o
                0x08005400                HAL_ADC_GetValue
 *fill*         0x0800541a        0x2 
 .text.HAL_ADC_ConfigChannel
                0x0800541c      0x5e0 ./Drivers/STM32H7xx_HAL_Driver/Src/stm32h7xx_hal_adc.o
                0x0800541c                HAL_ADC_ConfigChannel
 .text.ADC_ConversionStop
                0x080059fc      0x178 ./Drivers/STM32H7xx_HAL_Driver/Src/stm32h7xx_hal_adc.o
                0x080059fc                ADC_ConversionStop
 .text.ADC_Enable
                0x08005b74      0x114 ./Drivers/STM32H7xx_HAL_Driver/Src/stm32h7xx_hal_adc.o
                0x08005b74                ADC_Enable
 .text.ADC_Disable
                0x08005c88       0xbe ./Drivers/STM32H7xx_HAL_Driver/Src/stm32h7xx_hal_adc.o
                0x08005c88                ADC_Disable
 *fill*         0x08005d46        0x2 
 .text.ADC_ConfigureBoostMode
                0x08005d48      0x218 ./Drivers/STM32H7xx_HAL_Driver/Src/stm32h7xx_hal_adc.o
                0x08005d48                ADC_ConfigureBoostMode
 .text.LL_ADC_StartCalibration
                0x08005f60       0x3c ./Drivers/STM32H7xx_HAL_Driver/Src/stm32h7xx_hal_adc_ex.o
 .text.LL_ADC_IsCalibrationOnGoing
                0x08005f9c       0x28 ./Drivers/STM32H7xx_HAL_Driver/Src/stm32h7xx_hal_adc_ex.o
 .text.HAL_ADCEx_Calibration_Start
                0x08005fc4       0xc8 ./Drivers/STM32H7xx_HAL_Driver/Src/stm32h7xx_hal_adc_ex.o
                0x08005fc4                HAL_ADCEx_Calibration_Start
 .text.__NVIC_SetPriorityGrouping
                0x0800608c       0x48 ./Drivers/STM32H7xx_HAL_Driver/Src/stm32h7xx_hal_cortex.o
 .text.__NVIC_GetPriorityGrouping
                0x080060d4       0x1c ./Drivers/STM32H7xx_HAL_Driver/Src/stm32h7xx_hal_cortex.o
 .text.__NVIC_EnableIRQ
                0x080060f0       0x3c ./Drivers/STM32H7xx_HAL_Driver/Src/stm32h7xx_hal_cortex.o
 .text.__NVIC_SetPriority
                0x0800612c       0x54 ./Drivers/STM32H7xx_HAL_Driver/Src/stm32h7xx_hal_cortex.o
 .text.NVIC_EncodePriority
                0x08006180       0x66 ./Drivers/STM32H7xx_HAL_Driver/Src/stm32h7xx_hal_cortex.o
 *fill*         0x080061e6        0x2 
 .text.SysTick_Config
                0x080061e8       0x44 ./Drivers/STM32H7xx_HAL_Driver/Src/stm32h7xx_hal_cortex.o
 .text.HAL_NVIC_SetPriorityGrouping
                0x0800622c       0x16 ./Drivers/STM32H7xx_HAL_Driver/Src/stm32h7xx_hal_cortex.o
                0x0800622c                HAL_NVIC_SetPriorityGrouping
 .text.HAL_NVIC_SetPriority
                0x08006242       0x34 ./Drivers/STM32H7xx_HAL_Driver/Src/stm32h7xx_hal_cortex.o
                0x08006242                HAL_NVIC_SetPriority
 .text.HAL_NVIC_EnableIRQ
                0x08006276       0x1c ./Drivers/STM32H7xx_HAL_Driver/Src/stm32h7xx_hal_cortex.o
                0x08006276                HAL_NVIC_EnableIRQ
 .text.HAL_SYSTICK_Config
                0x08006292       0x18 ./Drivers/STM32H7xx_HAL_Driver/Src/stm32h7xx_hal_cortex.o
                0x08006292                HAL_SYSTICK_Config
 *fill*         0x080062aa        0x2 
 .text.HAL_MPU_Disable
                0x080062ac       0x30 ./Drivers/STM32H7xx_HAL_Driver/Src/stm32h7xx_hal_cortex.o
                0x080062ac                HAL_MPU_Disable
 .text.HAL_MPU_Enable
                0x080062dc       0x40 ./Drivers/STM32H7xx_HAL_Driver/Src/stm32h7xx_hal_cortex.o
                0x080062dc                HAL_MPU_Enable
 .text.HAL_MPU_ConfigRegion
                0x0800631c       0x80 ./Drivers/STM32H7xx_HAL_Driver/Src/stm32h7xx_hal_cortex.o
                0x0800631c                HAL_MPU_ConfigRegion
 .text.HAL_GPIO_Init
                0x0800639c      0x374 ./Drivers/STM32H7xx_HAL_Driver/Src/stm32h7xx_hal_gpio.o
                0x0800639c                HAL_GPIO_Init
 .text.HAL_GPIO_ReadPin
                0x08006710       0x30 ./Drivers/STM32H7xx_HAL_Driver/Src/stm32h7xx_hal_gpio.o
                0x08006710                HAL_GPIO_ReadPin
 .text.HAL_GPIO_WritePin
                0x08006740       0x32 ./Drivers/STM32H7xx_HAL_Driver/Src/stm32h7xx_hal_gpio.o
                0x08006740                HAL_GPIO_WritePin
 *fill*         0x08006772        0x2 
 .text.HAL_I2C_Init
                0x08006774      0x138 ./Drivers/STM32H7xx_HAL_Driver/Src/stm32h7xx_hal_i2c.o
                0x08006774                HAL_I2C_Init
 .text.HAL_I2C_Master_Transmit
                0x080068ac      0x230 ./Drivers/STM32H7xx_HAL_Driver/Src/stm32h7xx_hal_i2c.o
                0x080068ac                HAL_I2C_Master_Transmit
 .text.HAL_I2C_Master_Receive
                0x08006adc      0x1ec ./Drivers/STM32H7xx_HAL_Driver/Src/stm32h7xx_hal_i2c.o
                0x08006adc                HAL_I2C_Master_Receive
 .text.HAL_I2C_GetState
                0x08006cc8       0x1c ./Drivers/STM32H7xx_HAL_Driver/Src/stm32h7xx_hal_i2c.o
                0x08006cc8                HAL_I2C_GetState
 .text.HAL_I2C_GetError
                0x08006ce4       0x18 ./Drivers/STM32H7xx_HAL_Driver/Src/stm32h7xx_hal_i2c.o
                0x08006ce4                HAL_I2C_GetError
 .text.I2C_Flush_TXDR
                0x08006cfc       0x48 ./Drivers/STM32H7xx_HAL_Driver/Src/stm32h7xx_hal_i2c.o
 .text.I2C_WaitOnFlagUntilTimeout
                0x08006d44       0xb2 ./Drivers/STM32H7xx_HAL_Driver/Src/stm32h7xx_hal_i2c.o
 .text.I2C_WaitOnTXISFlagUntilTimeout
                0x08006df6       0x8e ./Drivers/STM32H7xx_HAL_Driver/Src/stm32h7xx_hal_i2c.o
 .text.I2C_WaitOnSTOPFlagUntilTimeout
                0x08006e84       0x86 ./Drivers/STM32H7xx_HAL_Driver/Src/stm32h7xx_hal_i2c.o
 *fill*         0x08006f0a        0x2 
 .text.I2C_WaitOnRXNEFlagUntilTimeout
                0x08006f0c      0x118 ./Drivers/STM32H7xx_HAL_Driver/Src/stm32h7xx_hal_i2c.o
 .text.I2C_IsErrorOccurred
                0x08007024      0x1c0 ./Drivers/STM32H7xx_HAL_Driver/Src/stm32h7xx_hal_i2c.o
 .text.I2C_TransferConfig
                0x080071e4       0x64 ./Drivers/STM32H7xx_HAL_Driver/Src/stm32h7xx_hal_i2c.o
 .text.HAL_I2CEx_ConfigAnalogFilter
                0x08007248       0x96 ./Drivers/STM32H7xx_HAL_Driver/Src/stm32h7xx_hal_i2c_ex.o
                0x08007248                HAL_I2CEx_ConfigAnalogFilter
 .text.HAL_I2CEx_ConfigDigitalFilter
                0x080072de       0x98 ./Drivers/STM32H7xx_HAL_Driver/Src/stm32h7xx_hal_i2c_ex.o
                0x080072de                HAL_I2CEx_ConfigDigitalFilter
 .text.HAL_PCD_Init
                0x08007376      0x218 ./Drivers/STM32H7xx_HAL_Driver/Src/stm32h7xx_hal_pcd.o
                0x08007376                HAL_PCD_Init
 .text.HAL_PCD_Start
                0x0800758e       0x6a ./Drivers/STM32H7xx_HAL_Driver/Src/stm32h7xx_hal_pcd.o
                0x0800758e                HAL_PCD_Start
 .text.HAL_PCD_IRQHandler
                0x080075f8      0x9d0 ./Drivers/STM32H7xx_HAL_Driver/Src/stm32h7xx_hal_pcd.o
                0x080075f8                HAL_PCD_IRQHandler
 .text.HAL_PCD_SetAddress
                0x08007fc8       0x48 ./Drivers/STM32H7xx_HAL_Driver/Src/stm32h7xx_hal_pcd.o
                0x08007fc8                HAL_PCD_SetAddress
 .text.HAL_PCD_EP_Open
                0x08008010       0xd4 ./Drivers/STM32H7xx_HAL_Driver/Src/stm32h7xx_hal_pcd.o
                0x08008010                HAL_PCD_EP_Open
 .text.HAL_PCD_EP_Close
                0x080080e4       0x94 ./Drivers/STM32H7xx_HAL_Driver/Src/stm32h7xx_hal_pcd.o
                0x080080e4                HAL_PCD_EP_Close
 .text.HAL_PCD_EP_Receive
                0x08008178       0x76 ./Drivers/STM32H7xx_HAL_Driver/Src/stm32h7xx_hal_pcd.o
                0x08008178                HAL_PCD_EP_Receive
 .text.HAL_PCD_EP_GetRxCount
                0x080081ee       0x30 ./Drivers/STM32H7xx_HAL_Driver/Src/stm32h7xx_hal_pcd.o
                0x080081ee                HAL_PCD_EP_GetRxCount
 .text.HAL_PCD_EP_Transmit
                0x0800821e       0x74 ./Drivers/STM32H7xx_HAL_Driver/Src/stm32h7xx_hal_pcd.o
                0x0800821e                HAL_PCD_EP_Transmit
 .text.HAL_PCD_EP_SetStall
                0x08008292       0xc6 ./Drivers/STM32H7xx_HAL_Driver/Src/stm32h7xx_hal_pcd.o
                0x08008292                HAL_PCD_EP_SetStall
 .text.HAL_PCD_EP_ClrStall
                0x08008358       0xac ./Drivers/STM32H7xx_HAL_Driver/Src/stm32h7xx_hal_pcd.o
                0x08008358                HAL_PCD_EP_ClrStall
 .text.HAL_PCD_EP_Abort
                0x08008404       0x62 ./Drivers/STM32H7xx_HAL_Driver/Src/stm32h7xx_hal_pcd.o
                0x08008404                HAL_PCD_EP_Abort
 .text.PCD_WriteEmptyTxFifo
                0x08008466      0x118 ./Drivers/STM32H7xx_HAL_Driver/Src/stm32h7xx_hal_pcd.o
 *fill*         0x0800857e        0x2 
 .text.PCD_EP_OutXfrComplete_int
                0x08008580      0x1d0 ./Drivers/STM32H7xx_HAL_Driver/Src/stm32h7xx_hal_pcd.o
 .text.PCD_EP_OutSetupPacket_int
                0x08008750       0x8c ./Drivers/STM32H7xx_HAL_Driver/Src/stm32h7xx_hal_pcd.o
 .text.HAL_PCDEx_SetTxFiFo
                0x080087dc       0x8e ./Drivers/STM32H7xx_HAL_Driver/Src/stm32h7xx_hal_pcd_ex.o
                0x080087dc                HAL_PCDEx_SetTxFiFo
 .text.HAL_PCDEx_SetRxFiFo
                0x0800886a       0x22 ./Drivers/STM32H7xx_HAL_Driver/Src/stm32h7xx_hal_pcd_ex.o
                0x0800886a                HAL_PCDEx_SetRxFiFo
 .text.HAL_PCDEx_ActivateLPM
                0x0800888c       0x48 ./Drivers/STM32H7xx_HAL_Driver/Src/stm32h7xx_hal_pcd_ex.o
                0x0800888c                HAL_PCDEx_ActivateLPM
 .text.HAL_PCDEx_LPM_Callback
                0x080088d4       0x18 ./Drivers/STM32H7xx_HAL_Driver/Src/stm32h7xx_hal_pcd_ex.o
                0x080088d4                HAL_PCDEx_LPM_Callback
 .text.HAL_PWREx_ConfigSupply
                0x080088ec       0x74 ./Drivers/STM32H7xx_HAL_Driver/Src/stm32h7xx_hal_pwr_ex.o
                0x080088ec                HAL_PWREx_ConfigSupply
 .text.HAL_PWREx_EnableUSBVoltageDetector
                0x08008960       0x20 ./Drivers/STM32H7xx_HAL_Driver/Src/stm32h7xx_hal_pwr_ex.o
                0x08008960                HAL_PWREx_EnableUSBVoltageDetector
 .text.HAL_RCC_OscConfig
                0x08008980      0x8b4 ./Drivers/STM32H7xx_HAL_Driver/Src/stm32h7xx_hal_rcc.o
                0x08008980                HAL_RCC_OscConfig
 .text.HAL_RCC_ClockConfig
                0x08009234      0x36c ./Drivers/STM32H7xx_HAL_Driver/Src/stm32h7xx_hal_rcc.o
                0x08009234                HAL_RCC_ClockConfig
 .text.HAL_RCC_GetSysClockFreq
                0x080095a0      0x2f4 ./Drivers/STM32H7xx_HAL_Driver/Src/stm32h7xx_hal_rcc.o
                0x080095a0                HAL_RCC_GetSysClockFreq
 .text.HAL_RCC_GetHCLKFreq
                0x08009894       0x60 ./Drivers/STM32H7xx_HAL_Driver/Src/stm32h7xx_hal_rcc.o
                0x08009894                HAL_RCC_GetHCLKFreq
 .text.HAL_RCC_GetPCLK1Freq
                0x080098f4       0x2c ./Drivers/STM32H7xx_HAL_Driver/Src/stm32h7xx_hal_rcc.o
                0x080098f4                HAL_RCC_GetPCLK1Freq
 .text.HAL_RCCEx_PeriphCLKConfig
                0x08009920     0x1414 ./Drivers/STM32H7xx_HAL_Driver/Src/stm32h7xx_hal_rcc_ex.o
                0x08009920                HAL_RCCEx_PeriphCLKConfig
 .text.HAL_RCCEx_GetPeriphCLKFreq
                0x0800ad34      0xb00 ./Drivers/STM32H7xx_HAL_Driver/Src/stm32h7xx_hal_rcc_ex.o
                0x0800ad34                HAL_RCCEx_GetPeriphCLKFreq
 .text.HAL_RCCEx_GetD3PCLK1Freq
                0x0800b834       0x2c ./Drivers/STM32H7xx_HAL_Driver/Src/stm32h7xx_hal_rcc_ex.o
                0x0800b834                HAL_RCCEx_GetD3PCLK1Freq
 .text.HAL_RCCEx_GetPLL2ClockFreq
                0x0800b860      0x2a8 ./Drivers/STM32H7xx_HAL_Driver/Src/stm32h7xx_hal_rcc_ex.o
                0x0800b860                HAL_RCCEx_GetPLL2ClockFreq
 .text.HAL_RCCEx_GetPLL3ClockFreq
                0x0800bb08      0x2a8 ./Drivers/STM32H7xx_HAL_Driver/Src/stm32h7xx_hal_rcc_ex.o
                0x0800bb08                HAL_RCCEx_GetPLL3ClockFreq
 .text.HAL_RCCEx_GetPLL1ClockFreq
                0x0800bdb0      0x2a4 ./Drivers/STM32H7xx_HAL_Driver/Src/stm32h7xx_hal_rcc_ex.o
                0x0800bdb0                HAL_RCCEx_GetPLL1ClockFreq
 .text.RCCEx_PLL2_Config
                0x0800c054      0x164 ./Drivers/STM32H7xx_HAL_Driver/Src/stm32h7xx_hal_rcc_ex.o
 .text.RCCEx_PLL3_Config
                0x0800c1b8      0x164 ./Drivers/STM32H7xx_HAL_Driver/Src/stm32h7xx_hal_rcc_ex.o
 .text.HAL_SPI_Init
                0x0800c31c      0x248 ./Drivers/STM32H7xx_HAL_Driver/Src/stm32h7xx_hal_spi.o
                0x0800c31c                HAL_SPI_Init
 .text.HAL_SPI_Transmit
                0x0800c564      0x3dc ./Drivers/STM32H7xx_HAL_Driver/Src/stm32h7xx_hal_spi.o
                0x0800c564                HAL_SPI_Transmit
 .text.HAL_SPI_Receive
                0x0800c940      0x56c ./Drivers/STM32H7xx_HAL_Driver/Src/stm32h7xx_hal_spi.o
                0x0800c940                HAL_SPI_Receive
 .text.SPI_CloseTransfer
                0x0800ceac      0x140 ./Drivers/STM32H7xx_HAL_Driver/Src/stm32h7xx_hal_spi.o
 .text.SPI_WaitOnFlagUntilTimeout
                0x0800cfec       0x5c ./Drivers/STM32H7xx_HAL_Driver/Src/stm32h7xx_hal_spi.o
 .text.SPI_GetPacketSize
                0x0800d048       0x36 ./Drivers/STM32H7xx_HAL_Driver/Src/stm32h7xx_hal_spi.o
 .text.HAL_TIM_Base_Init
                0x0800d07e       0xae ./Drivers/STM32H7xx_HAL_Driver/Src/stm32h7xx_hal_tim.o
                0x0800d07e                HAL_TIM_Base_Init
 .text.HAL_TIM_Base_Start
                0x0800d12c       0xe0 ./Drivers/STM32H7xx_HAL_Driver/Src/stm32h7xx_hal_tim.o
                0x0800d12c                HAL_TIM_Base_Start
 .text.HAL_TIM_PWM_Init
                0x0800d20c       0xae ./Drivers/STM32H7xx_HAL_Driver/Src/stm32h7xx_hal_tim.o
                0x0800d20c                HAL_TIM_PWM_Init
 *fill*         0x0800d2ba        0x2 
 .text.HAL_TIM_PWM_Start
                0x0800d2bc      0x21c ./Drivers/STM32H7xx_HAL_Driver/Src/stm32h7xx_hal_tim.o
                0x0800d2bc                HAL_TIM_PWM_Start
 .text.HAL_TIM_Encoder_Init
                0x0800d4d8      0x14c ./Drivers/STM32H7xx_HAL_Driver/Src/stm32h7xx_hal_tim.o
                0x0800d4d8                HAL_TIM_Encoder_Init
 .text.HAL_TIM_Encoder_Start
                0x0800d624      0x11c ./Drivers/STM32H7xx_HAL_Driver/Src/stm32h7xx_hal_tim.o
                0x0800d624                HAL_TIM_Encoder_Start
 .text.HAL_TIM_PWM_ConfigChannel
                0x0800d740      0x228 ./Drivers/STM32H7xx_HAL_Driver/Src/stm32h7xx_hal_tim.o
                0x0800d740                HAL_TIM_PWM_ConfigChannel
 .text.HAL_TIM_ConfigClockSource
                0x0800d968      0x1f0 ./Drivers/STM32H7xx_HAL_Driver/Src/stm32h7xx_hal_tim.o
                0x0800d968                HAL_TIM_ConfigClockSource
 .text.TIM_Base_SetConfig
                0x0800db58      0x140 ./Drivers/STM32H7xx_HAL_Driver/Src/stm32h7xx_hal_tim.o
                0x0800db58                TIM_Base_SetConfig
 .text.TIM_OC1_SetConfig
                0x0800dc98      0x124 ./Drivers/STM32H7xx_HAL_Driver/Src/stm32h7xx_hal_tim.o
 .text.TIM_OC2_SetConfig
                0x0800ddbc      0x118 ./Drivers/STM32H7xx_HAL_Driver/Src/stm32h7xx_hal_tim.o
                0x0800ddbc                TIM_OC2_SetConfig
 .text.TIM_OC3_SetConfig
                0x0800ded4      0x114 ./Drivers/STM32H7xx_HAL_Driver/Src/stm32h7xx_hal_tim.o
 .text.TIM_OC4_SetConfig
                0x0800dfe8       0xd4 ./Drivers/STM32H7xx_HAL_Driver/Src/stm32h7xx_hal_tim.o
 .text.TIM_OC5_SetConfig
                0x0800e0bc       0xc8 ./Drivers/STM32H7xx_HAL_Driver/Src/stm32h7xx_hal_tim.o
 .text.TIM_OC6_SetConfig
                0x0800e184       0xcc ./Drivers/STM32H7xx_HAL_Driver/Src/stm32h7xx_hal_tim.o
 .text.TIM_TI1_ConfigInputStage
                0x0800e250       0xa8 ./Drivers/STM32H7xx_HAL_Driver/Src/stm32h7xx_hal_tim.o
 .text.TIM_TI2_ConfigInputStage
                0x0800e2f8       0x84 ./Drivers/STM32H7xx_HAL_Driver/Src/stm32h7xx_hal_tim.o
 .text.TIM_ITRx_SetConfig
                0x0800e37c       0x3c ./Drivers/STM32H7xx_HAL_Driver/Src/stm32h7xx_hal_tim.o
 .text.TIM_ETR_SetConfig
                0x0800e3b8       0x40 ./Drivers/STM32H7xx_HAL_Driver/Src/stm32h7xx_hal_tim.o
                0x0800e3b8                TIM_ETR_SetConfig
 .text.TIM_CCxChannelCmd
                0x0800e3f8       0x4a ./Drivers/STM32H7xx_HAL_Driver/Src/stm32h7xx_hal_tim.o
                0x0800e3f8                TIM_CCxChannelCmd
 *fill*         0x0800e442        0x2 
 .text.HAL_TIMEx_PWMN_Start
                0x0800e444      0x184 ./Drivers/STM32H7xx_HAL_Driver/Src/stm32h7xx_hal_tim_ex.o
                0x0800e444                HAL_TIMEx_PWMN_Start
 .text.HAL_TIMEx_MasterConfigSynchronization
                0x0800e5c8      0x11c ./Drivers/STM32H7xx_HAL_Driver/Src/stm32h7xx_hal_tim_ex.o
                0x0800e5c8                HAL_TIMEx_MasterConfigSynchronization
 .text.HAL_TIMEx_ConfigBreakDeadTime
                0x0800e6e4       0xfc ./Drivers/STM32H7xx_HAL_Driver/Src/stm32h7xx_hal_tim_ex.o
                0x0800e6e4                HAL_TIMEx_ConfigBreakDeadTime
 .text.TIM_CCxNChannelCmd
                0x0800e7e0       0x4a ./Drivers/STM32H7xx_HAL_Driver/Src/stm32h7xx_hal_tim_ex.o
 *fill*         0x0800e82a        0x2 
 .text.USB_CoreInit
                0x0800e82c       0xf0 ./Drivers/STM32H7xx_HAL_Driver/Src/stm32h7xx_ll_usb.o
                0x0800e82c                USB_CoreInit
 .text.USB_SetTurnaroundTime
                0x0800e91c      0x144 ./Drivers/STM32H7xx_HAL_Driver/Src/stm32h7xx_ll_usb.o
                0x0800e91c                USB_SetTurnaroundTime
 .text.USB_EnableGlobalInt
                0x0800ea60       0x22 ./Drivers/STM32H7xx_HAL_Driver/Src/stm32h7xx_ll_usb.o
                0x0800ea60                USB_EnableGlobalInt
 .text.USB_DisableGlobalInt
                0x0800ea82       0x22 ./Drivers/STM32H7xx_HAL_Driver/Src/stm32h7xx_ll_usb.o
                0x0800ea82                USB_DisableGlobalInt
 .text.USB_SetCurrentMode
                0x0800eaa4       0x98 ./Drivers/STM32H7xx_HAL_Driver/Src/stm32h7xx_ll_usb.o
                0x0800eaa4                USB_SetCurrentMode
 .text.USB_DevInit
                0x0800eb3c      0x2bc ./Drivers/STM32H7xx_HAL_Driver/Src/stm32h7xx_ll_usb.o
                0x0800eb3c                USB_DevInit
 .text.USB_FlushTxFifo
                0x0800edf8       0x64 ./Drivers/STM32H7xx_HAL_Driver/Src/stm32h7xx_ll_usb.o
                0x0800edf8                USB_FlushTxFifo
 .text.USB_FlushRxFifo
                0x0800ee5c       0x5c ./Drivers/STM32H7xx_HAL_Driver/Src/stm32h7xx_ll_usb.o
                0x0800ee5c                USB_FlushRxFifo
 .text.USB_SetDevSpeed
                0x0800eeb8       0x32 ./Drivers/STM32H7xx_HAL_Driver/Src/stm32h7xx_ll_usb.o
                0x0800eeb8                USB_SetDevSpeed
 .text.USB_GetDevSpeed
                0x0800eeea       0x4a ./Drivers/STM32H7xx_HAL_Driver/Src/stm32h7xx_ll_usb.o
                0x0800eeea                USB_GetDevSpeed
 .text.USB_ActivateEndpoint
                0x0800ef34      0x110 ./Drivers/STM32H7xx_HAL_Driver/Src/stm32h7xx_ll_usb.o
                0x0800ef34                USB_ActivateEndpoint
 .text.USB_DeactivateEndpoint
                0x0800f044      0x1b8 ./Drivers/STM32H7xx_HAL_Driver/Src/stm32h7xx_ll_usb.o
                0x0800f044                USB_DeactivateEndpoint
 .text.USB_EPStartXfer
                0x0800f1fc      0x548 ./Drivers/STM32H7xx_HAL_Driver/Src/stm32h7xx_ll_usb.o
                0x0800f1fc                USB_EPStartXfer
 .text.USB_EPStopXfer
                0x0800f744      0x1fa ./Drivers/STM32H7xx_HAL_Driver/Src/stm32h7xx_ll_usb.o
                0x0800f744                USB_EPStopXfer
 .text.USB_EPSetStall
                0x0800f93e       0xdc ./Drivers/STM32H7xx_HAL_Driver/Src/stm32h7xx_ll_usb.o
                0x0800f93e                USB_EPSetStall
 .text.USB_EPClearStall
                0x0800fa1a       0xcc ./Drivers/STM32H7xx_HAL_Driver/Src/stm32h7xx_ll_usb.o
                0x0800fa1a                USB_EPClearStall
 .text.USB_WritePacket
                0x0800fae6       0x7c ./Drivers/STM32H7xx_HAL_Driver/Src/stm32h7xx_ll_usb.o
                0x0800fae6                USB_WritePacket
 .text.USB_ReadPacket
                0x0800fb62       0xb0 ./Drivers/STM32H7xx_HAL_Driver/Src/stm32h7xx_ll_usb.o
                0x0800fb62                USB_ReadPacket
 .text.USB_SetDevAddress
                0x0800fc12       0x4c ./Drivers/STM32H7xx_HAL_Driver/Src/stm32h7xx_ll_usb.o
                0x0800fc12                USB_SetDevAddress
 .text.USB_DevConnect
                0x0800fc5e       0x42 ./Drivers/STM32H7xx_HAL_Driver/Src/stm32h7xx_ll_usb.o
                0x0800fc5e                USB_DevConnect
 .text.USB_DevDisconnect
                0x0800fca0       0x42 ./Drivers/STM32H7xx_HAL_Driver/Src/stm32h7xx_ll_usb.o
                0x0800fca0                USB_DevDisconnect
 .text.USB_ReadInterrupts
                0x0800fce2       0x26 ./Drivers/STM32H7xx_HAL_Driver/Src/stm32h7xx_ll_usb.o
                0x0800fce2                USB_ReadInterrupts
 .text.USB_ReadDevAllOutEpInterrupt
                0x0800fd08       0x34 ./Drivers/STM32H7xx_HAL_Driver/Src/stm32h7xx_ll_usb.o
                0x0800fd08                USB_ReadDevAllOutEpInterrupt
 .text.USB_ReadDevAllInEpInterrupt
                0x0800fd3c       0x34 ./Drivers/STM32H7xx_HAL_Driver/Src/stm32h7xx_ll_usb.o
                0x0800fd3c                USB_ReadDevAllInEpInterrupt
 .text.USB_ReadDevOutEPInterrupt
                0x0800fd70       0x3c ./Drivers/STM32H7xx_HAL_Driver/Src/stm32h7xx_ll_usb.o
                0x0800fd70                USB_ReadDevOutEPInterrupt
 .text.USB_ReadDevInEPInterrupt
                0x0800fdac       0x5c ./Drivers/STM32H7xx_HAL_Driver/Src/stm32h7xx_ll_usb.o
                0x0800fdac                USB_ReadDevInEPInterrupt
 .text.USB_GetMode
                0x0800fe08       0x1c ./Drivers/STM32H7xx_HAL_Driver/Src/stm32h7xx_ll_usb.o
                0x0800fe08                USB_GetMode
 .text.USB_ActivateSetup
                0x0800fe24       0x48 ./Drivers/STM32H7xx_HAL_Driver/Src/stm32h7xx_ll_usb.o
                0x0800fe24                USB_ActivateSetup
 .text.USB_EP0_OutStart
                0x0800fe6c       0xbc ./Drivers/STM32H7xx_HAL_Driver/Src/stm32h7xx_ll_usb.o
                0x0800fe6c                USB_EP0_OutStart
 .text.USB_CoreReset
                0x0800ff28       0x70 ./Drivers/STM32H7xx_HAL_Driver/Src/stm32h7xx_ll_usb.o
 .text.USBD_CDC_Init
                0x0800ff98      0x1f0 ./Middlewares/ST/STM32_USB_Device_Library/Class/CDC/Src/usbd_cdc.o
 .text.USBD_CDC_DeInit
                0x08010188      0x104 ./Middlewares/ST/STM32_USB_Device_Library/Class/CDC/Src/usbd_cdc.o
 .text.USBD_CDC_Setup
                0x0801028c      0x1b8 ./Middlewares/ST/STM32_USB_Device_Library/Class/CDC/Src/usbd_cdc.o
 .text.USBD_CDC_DataIn
                0x08010444       0xfe ./Middlewares/ST/STM32_USB_Device_Library/Class/CDC/Src/usbd_cdc.o
 .text.USBD_CDC_DataOut
                0x08010542       0x70 ./Middlewares/ST/STM32_USB_Device_Library/Class/CDC/Src/usbd_cdc.o
 .text.USBD_CDC_EP0_RxReady
                0x080105b2       0x74 ./Middlewares/ST/STM32_USB_Device_Library/Class/CDC/Src/usbd_cdc.o
 *fill*         0x08010626        0x2 
 .text.USBD_CDC_GetFSCfgDesc
                0x08010628       0x70 ./Middlewares/ST/STM32_USB_Device_Library/Class/CDC/Src/usbd_cdc.o
 .text.USBD_CDC_GetHSCfgDesc
                0x08010698       0x70 ./Middlewares/ST/STM32_USB_Device_Library/Class/CDC/Src/usbd_cdc.o
 .text.USBD_CDC_GetOtherSpeedCfgDesc
                0x08010708       0x70 ./Middlewares/ST/STM32_USB_Device_Library/Class/CDC/Src/usbd_cdc.o
 .text.USBD_CDC_GetDeviceQualifierDescriptor
                0x08010778       0x20 ./Middlewares/ST/STM32_USB_Device_Library/Class/CDC/Src/usbd_cdc.o
                0x08010778                USBD_CDC_GetDeviceQualifierDescriptor
 .text.USBD_CDC_RegisterInterface
                0x08010798       0x34 ./Middlewares/ST/STM32_USB_Device_Library/Class/CDC/Src/usbd_cdc.o
                0x08010798                USBD_CDC_RegisterInterface
 .text.USBD_CDC_SetTxBuffer
                0x080107cc       0x44 ./Middlewares/ST/STM32_USB_Device_Library/Class/CDC/Src/usbd_cdc.o
                0x080107cc                USBD_CDC_SetTxBuffer
 .text.USBD_CDC_SetRxBuffer
                0x08010810       0x3a ./Middlewares/ST/STM32_USB_Device_Library/Class/CDC/Src/usbd_cdc.o
                0x08010810                USBD_CDC_SetRxBuffer
 *fill*         0x0801084a        0x2 
 .text.USBD_CDC_TransmitPacket
                0x0801084c       0x80 ./Middlewares/ST/STM32_USB_Device_Library/Class/CDC/Src/usbd_cdc.o
                0x0801084c                USBD_CDC_TransmitPacket
 .text.USBD_CDC_ReceivePacket
                0x080108cc       0x6c ./Middlewares/ST/STM32_USB_Device_Library/Class/CDC/Src/usbd_cdc.o
                0x080108cc                USBD_CDC_ReceivePacket
 .text.USBD_Init
                0x08010938       0x60 ./Middlewares/ST/STM32_USB_Device_Library/Core/Src/usbd_core.o
                0x08010938                USBD_Init
 .text.USBD_RegisterClass
                0x08010998       0x6c ./Middlewares/ST/STM32_USB_Device_Library/Core/Src/usbd_core.o
                0x08010998                USBD_RegisterClass
 .text.USBD_Start
                0x08010a04       0x18 ./Middlewares/ST/STM32_USB_Device_Library/Core/Src/usbd_core.o
                0x08010a04                USBD_Start
 .text.USBD_RunTestMode
                0x08010a1c       0x16 ./Middlewares/ST/STM32_USB_Device_Library/Core/Src/usbd_core.o
                0x08010a1c                USBD_RunTestMode
 .text.USBD_SetClassConfig
                0x08010a32       0x38 ./Middlewares/ST/STM32_USB_Device_Library/Core/Src/usbd_core.o
                0x08010a32                USBD_SetClassConfig
 .text.USBD_ClrClassConfig
                0x08010a6a       0x34 ./Middlewares/ST/STM32_USB_Device_Library/Core/Src/usbd_core.o
                0x08010a6a                USBD_ClrClassConfig
 .text.USBD_LL_SetupStage
                0x08010a9e       0xaa ./Middlewares/ST/STM32_USB_Device_Library/Core/Src/usbd_core.o
                0x08010a9e                USBD_LL_SetupStage
 .text.USBD_LL_DataOutStage
                0x08010b48      0x178 ./Middlewares/ST/STM32_USB_Device_Library/Core/Src/usbd_core.o
                0x08010b48                USBD_LL_DataOutStage
 .text.USBD_LL_DataInStage
                0x08010cc0      0x176 ./Middlewares/ST/STM32_USB_Device_Library/Core/Src/usbd_core.o
                0x08010cc0                USBD_LL_DataInStage
 .text.USBD_LL_Reset
                0x08010e36       0xa6 ./Middlewares/ST/STM32_USB_Device_Library/Core/Src/usbd_core.o
                0x08010e36                USBD_LL_Reset
 .text.USBD_LL_SetSpeed
                0x08010edc       0x20 ./Middlewares/ST/STM32_USB_Device_Library/Core/Src/usbd_core.o
                0x08010edc                USBD_LL_SetSpeed
 .text.USBD_LL_Suspend
                0x08010efc       0x38 ./Middlewares/ST/STM32_USB_Device_Library/Core/Src/usbd_core.o
                0x08010efc                USBD_LL_Suspend
 .text.USBD_LL_Resume
                0x08010f34       0x30 ./Middlewares/ST/STM32_USB_Device_Library/Core/Src/usbd_core.o
                0x08010f34                USBD_LL_Resume
 .text.USBD_LL_SOF
                0x08010f64       0x40 ./Middlewares/ST/STM32_USB_Device_Library/Core/Src/usbd_core.o
                0x08010f64                USBD_LL_SOF
 .text.USBD_LL_IsoINIncomplete
                0x08010fa4       0x64 ./Middlewares/ST/STM32_USB_Device_Library/Core/Src/usbd_core.o
                0x08010fa4                USBD_LL_IsoINIncomplete
 .text.USBD_LL_IsoOUTIncomplete
                0x08011008       0x64 ./Middlewares/ST/STM32_USB_Device_Library/Core/Src/usbd_core.o
                0x08011008                USBD_LL_IsoOUTIncomplete
 .text.USBD_LL_DevConnected
                0x0801106c       0x16 ./Middlewares/ST/STM32_USB_Device_Library/Core/Src/usbd_core.o
                0x0801106c                USBD_LL_DevConnected
 .text.USBD_LL_DevDisconnected
                0x08011082       0x46 ./Middlewares/ST/STM32_USB_Device_Library/Core/Src/usbd_core.o
                0x08011082                USBD_LL_DevDisconnected
 .text.USBD_CoreFindIF
                0x080110c8       0x1a ./Middlewares/ST/STM32_USB_Device_Library/Core/Src/usbd_core.o
                0x080110c8                USBD_CoreFindIF
 .text.USBD_CoreFindEP
                0x080110e2       0x1a ./Middlewares/ST/STM32_USB_Device_Library/Core/Src/usbd_core.o
                0x080110e2                USBD_CoreFindEP
 .text.USBD_GetEpDesc
                0x080110fc       0x70 ./Middlewares/ST/STM32_USB_Device_Library/Core/Src/usbd_core.o
                0x080110fc                USBD_GetEpDesc
 .text.USBD_GetNextDesc
                0x0801116c       0x38 ./Middlewares/ST/STM32_USB_Device_Library/Core/Src/usbd_core.o
                0x0801116c                USBD_GetNextDesc
 .text.SWAPBYTE
                0x080111a4       0x3e ./Middlewares/ST/STM32_USB_Device_Library/Core/Src/usbd_ctlreq.o
 *fill*         0x080111e2        0x2 
 .text.USBD_StdDevReq
                0x080111e4       0xe4 ./Middlewares/ST/STM32_USB_Device_Library/Core/Src/usbd_ctlreq.o
                0x080111e4                USBD_StdDevReq
 .text.USBD_StdItfReq
                0x080112c8       0xd8 ./Middlewares/ST/STM32_USB_Device_Library/Core/Src/usbd_ctlreq.o
                0x080112c8                USBD_StdItfReq
 .text.USBD_StdEPReq
                0x080113a0      0x33e ./Middlewares/ST/STM32_USB_Device_Library/Core/Src/usbd_ctlreq.o
                0x080113a0                USBD_StdEPReq
 *fill*         0x080116de        0x2 
 .text.USBD_GetDescriptor
                0x080116e0      0x328 ./Middlewares/ST/STM32_USB_Device_Library/Core/Src/usbd_ctlreq.o
 .text.USBD_SetAddress
                0x08011a08       0x88 ./Middlewares/ST/STM32_USB_Device_Library/Core/Src/usbd_ctlreq.o
 .text.USBD_SetConfig
                0x08011a90      0x154 ./Middlewares/ST/STM32_USB_Device_Library/Core/Src/usbd_ctlreq.o
 .text.USBD_GetConfig
                0x08011be4       0x6c ./Middlewares/ST/STM32_USB_Device_Library/Core/Src/usbd_ctlreq.o
 .text.USBD_GetStatus
                0x08011c50       0x68 ./Middlewares/ST/STM32_USB_Device_Library/Core/Src/usbd_ctlreq.o
 .text.USBD_SetFeature
                0x08011cb8       0x52 ./Middlewares/ST/STM32_USB_Device_Library/Core/Src/usbd_ctlreq.o
 .text.USBD_ClrFeature
                0x08011d0a       0x44 ./Middlewares/ST/STM32_USB_Device_Library/Core/Src/usbd_ctlreq.o
 .text.USBD_ParseSetupRequest
                0x08011d4e       0x74 ./Middlewares/ST/STM32_USB_Device_Library/Core/Src/usbd_ctlreq.o
                0x08011d4e                USBD_ParseSetupRequest
 .text.USBD_CtlError
                0x08011dc2       0x22 ./Middlewares/ST/STM32_USB_Device_Library/Core/Src/usbd_ctlreq.o
                0x08011dc2                USBD_CtlError
 .text.USBD_GetString
                0x08011de4       0xa4 ./Middlewares/ST/STM32_USB_Device_Library/Core/Src/usbd_ctlreq.o
                0x08011de4                USBD_GetString
 .text.USBD_GetLen
                0x08011e88       0x34 ./Middlewares/ST/STM32_USB_Device_Library/Core/Src/usbd_ctlreq.o
 .text.USBD_CtlSendData
                0x08011ebc       0x3c ./Middlewares/ST/STM32_USB_Device_Library/Core/Src/usbd_ioreq.o
                0x08011ebc                USBD_CtlSendData
 .text.USBD_CtlContinueSendData
                0x08011ef8       0x22 ./Middlewares/ST/STM32_USB_Device_Library/Core/Src/usbd_ioreq.o
                0x08011ef8                USBD_CtlContinueSendData
 .text.USBD_CtlPrepareRx
                0x08011f1a       0x42 ./Middlewares/ST/STM32_USB_Device_Library/Core/Src/usbd_ioreq.o
                0x08011f1a                USBD_CtlPrepareRx
 .text.USBD_CtlContinueRx
                0x08011f5c       0x22 ./Middlewares/ST/STM32_USB_Device_Library/Core/Src/usbd_ioreq.o
                0x08011f5c                USBD_CtlContinueRx
 .text.USBD_CtlSendStatus
                0x08011f7e       0x26 ./Middlewares/ST/STM32_USB_Device_Library/Core/Src/usbd_ioreq.o
                0x08011f7e                USBD_CtlSendStatus
 .text.USBD_CtlReceiveStatus
                0x08011fa4       0x26 ./Middlewares/ST/STM32_USB_Device_Library/Core/Src/usbd_ioreq.o
                0x08011fa4                USBD_CtlReceiveStatus
 *fill*         0x08011fca        0x2 
 .text.MX_USB_DEVICE_Init
                0x08011fcc       0x64 ./USB_DEVICE/App/usb_device.o
                0x08011fcc                MX_USB_DEVICE_Init
 .text.CDC_Init_FS
                0x08012030       0x28 ./USB_DEVICE/App/usbd_cdc_if.o
 .text.CDC_DeInit_FS
                0x08012058       0x10 ./USB_DEVICE/App/usbd_cdc_if.o
 .text.CDC_Control_FS
                0x08012068       0xbc ./USB_DEVICE/App/usbd_cdc_if.o
 .text.CDC_Receive_FS
                0x08012124       0x28 ./USB_DEVICE/App/usbd_cdc_if.o
 .text.CDC_Transmit_FS
                0x0801214c       0x4c ./USB_DEVICE/App/usbd_cdc_if.o
                0x0801214c                CDC_Transmit_FS
 .text.CDC_TransmitCplt_FS
                0x08012198       0x22 ./USB_DEVICE/App/usbd_cdc_if.o
 *fill*         0x080121ba        0x2 
 .text.USBD_FS_DeviceDescriptor
                0x080121bc       0x24 ./USB_DEVICE/App/usbd_desc.o
                0x080121bc                USBD_FS_DeviceDescriptor
 .text.USBD_FS_LangIDStrDescriptor
                0x080121e0       0x24 ./USB_DEVICE/App/usbd_desc.o
                0x080121e0                USBD_FS_LangIDStrDescriptor
 .text.USBD_FS_ProductStrDescriptor
                0x08012204       0x3c ./USB_DEVICE/App/usbd_desc.o
                0x08012204                USBD_FS_ProductStrDescriptor
 .text.USBD_FS_ManufacturerStrDescriptor
                0x08012240       0x28 ./USB_DEVICE/App/usbd_desc.o
                0x08012240                USBD_FS_ManufacturerStrDescriptor
 .text.USBD_FS_SerialStrDescriptor
                0x08012268       0x24 ./USB_DEVICE/App/usbd_desc.o
                0x08012268                USBD_FS_SerialStrDescriptor
 .text.USBD_FS_ConfigStrDescriptor
                0x0801228c       0x3c ./USB_DEVICE/App/usbd_desc.o
                0x0801228c                USBD_FS_ConfigStrDescriptor
 .text.USBD_FS_InterfaceStrDescriptor
                0x080122c8       0x3c ./USB_DEVICE/App/usbd_desc.o
                0x080122c8                USBD_FS_InterfaceStrDescriptor
 .text.Get_SerialNum
                0x08012304       0x58 ./USB_DEVICE/App/usbd_desc.o
 .text.IntToUnicode
                0x0801235c       0x7e ./USB_DEVICE/App/usbd_desc.o
 *fill*         0x080123da        0x2 
 .text.HAL_PCD_MspInit
                0x080123dc       0xe8 ./USB_DEVICE/Target/usbd_conf.o
                0x080123dc                HAL_PCD_MspInit
 .text.HAL_PCD_SetupStageCallback
                0x080124c4       0x24 ./USB_DEVICE/Target/usbd_conf.o
                0x080124c4                HAL_PCD_SetupStageCallback
 .text.HAL_PCD_DataOutStageCallback
                0x080124e8       0x36 ./USB_DEVICE/Target/usbd_conf.o
                0x080124e8                HAL_PCD_DataOutStageCallback
 .text.HAL_PCD_DataInStageCallback
                0x0801251e       0x34 ./USB_DEVICE/Target/usbd_conf.o
                0x0801251e                HAL_PCD_DataInStageCallback
 .text.HAL_PCD_SOFCallback
                0x08012552       0x1c ./USB_DEVICE/Target/usbd_conf.o
                0x08012552                HAL_PCD_SOFCallback
 .text.HAL_PCD_ResetCallback
                0x0801256e       0x50 ./USB_DEVICE/Target/usbd_conf.o
                0x0801256e                HAL_PCD_ResetCallback
 *fill*         0x080125be        0x2 
 .text.HAL_PCD_SuspendCallback
                0x080125c0       0x4c ./USB_DEVICE/Target/usbd_conf.o
                0x080125c0                HAL_PCD_SuspendCallback
 .text.HAL_PCD_ResumeCallback
                0x0801260c       0x1c ./USB_DEVICE/Target/usbd_conf.o
                0x0801260c                HAL_PCD_ResumeCallback
 .text.HAL_PCD_ISOOUTIncompleteCallback
                0x08012628       0x24 ./USB_DEVICE/Target/usbd_conf.o
                0x08012628                HAL_PCD_ISOOUTIncompleteCallback
 .text.HAL_PCD_ISOINIncompleteCallback
                0x0801264c       0x24 ./USB_DEVICE/Target/usbd_conf.o
                0x0801264c                HAL_PCD_ISOINIncompleteCallback
 .text.HAL_PCD_ConnectCallback
                0x08012670       0x1c ./USB_DEVICE/Target/usbd_conf.o
                0x08012670                HAL_PCD_ConnectCallback
 .text.HAL_PCD_DisconnectCallback
                0x0801268c       0x1c ./USB_DEVICE/Target/usbd_conf.o
                0x0801268c                HAL_PCD_DisconnectCallback
 .text.USBD_LL_Init
                0x080126a8       0xa0 ./USB_DEVICE/Target/usbd_conf.o
                0x080126a8                USBD_LL_Init
 .text.USBD_LL_Start
                0x08012748       0x36 ./USB_DEVICE/Target/usbd_conf.o
                0x08012748                USBD_LL_Start
 .text.USBD_LL_OpenEP
                0x0801277e       0x4c ./USB_DEVICE/Target/usbd_conf.o
                0x0801277e                USBD_LL_OpenEP
 .text.USBD_LL_CloseEP
                0x080127ca       0x3e ./USB_DEVICE/Target/usbd_conf.o
                0x080127ca                USBD_LL_CloseEP
 .text.USBD_LL_StallEP
                0x08012808       0x3e ./USB_DEVICE/Target/usbd_conf.o
                0x08012808                USBD_LL_StallEP
 .text.USBD_LL_ClearStallEP
                0x08012846       0x3e ./USB_DEVICE/Target/usbd_conf.o
                0x08012846                USBD_LL_ClearStallEP
 .text.USBD_LL_IsStallEP
                0x08012884       0x58 ./USB_DEVICE/Target/usbd_conf.o
                0x08012884                USBD_LL_IsStallEP
 .text.USBD_LL_SetUSBAddress
                0x080128dc       0x3e ./USB_DEVICE/Target/usbd_conf.o
                0x080128dc                USBD_LL_SetUSBAddress
 .text.USBD_LL_Transmit
                0x0801291a       0x42 ./USB_DEVICE/Target/usbd_conf.o
                0x0801291a                USBD_LL_Transmit
 .text.USBD_LL_PrepareReceive
                0x0801295c       0x42 ./USB_DEVICE/Target/usbd_conf.o
                0x0801295c                USBD_LL_PrepareReceive
 .text.USBD_LL_GetRxDataSize
                0x0801299e       0x26 ./USB_DEVICE/Target/usbd_conf.o
                0x0801299e                USBD_LL_GetRxDataSize
 .text.USBD_static_malloc
                0x080129c4       0x1c ./USB_DEVICE/Target/usbd_conf.o
                0x080129c4                USBD_static_malloc
 .text.USBD_static_free
                0x080129e0       0x14 ./USB_DEVICE/Target/usbd_conf.o
                0x080129e0                USBD_static_free
 .text.USBD_Get_USB_Status
                0x080129f4       0x58 ./USB_DEVICE/Target/usbd_conf.o
                0x080129f4                USBD_Get_USB_Status
 .text.__cvt    0x08012a4c       0xa8 /opt/st/stm32cubeide_2.2.0/plugins/com.st.stm32cube.ide.mcu.externaltools.gnu-tools-for-stm32.14.3.rel1.linux64_1.0.100.202602081740/tools/bin/../lib/gcc/arm-none-eabi/14.3.1/../../../../arm-none-eabi/lib/thumb/v7e-m+dp/hard/libc_nano.a(libc_a-nano-vfprintf_float.o)
                0x08012a4c                __cvt
 .text.__exponent
                0x08012af4       0x74 /opt/st/stm32cubeide_2.2.0/plugins/com.st.stm32cube.ide.mcu.externaltools.gnu-tools-for-stm32.14.3.rel1.linux64_1.0.100.202602081740/tools/bin/../lib/gcc/arm-none-eabi/14.3.1/../../../../arm-none-eabi/lib/thumb/v7e-m+dp/hard/libc_nano.a(libc_a-nano-vfprintf_float.o)
                0x08012af4                __exponent
 .text._printf_float
                0x08012b68      0x434 /opt/st/stm32cubeide_2.2.0/plugins/com.st.stm32cube.ide.mcu.externaltools.gnu-tools-for-stm32.14.3.rel1.linux64_1.0.100.202602081740/tools/bin/../lib/gcc/arm-none-eabi/14.3.1/../../../../arm-none-eabi/lib/thumb/v7e-m+dp/hard/libc_nano.a(libc_a-nano-vfprintf_float.o)
                0x08012b68                _printf_float
 .text._printf_common
                0x08012f9c       0xda /opt/st/stm32cubeide_2.2.0/plugins/com.st.stm32cube.ide.mcu.externaltools.gnu-tools-for-stm32.14.3.rel1.linux64_1.0.100.202602081740/tools/bin/../lib/gcc/arm-none-eabi/14.3.1/../../../../arm-none-eabi/lib/thumb/v7e-m+dp/hard/libc_nano.a(libc_a-nano-vfprintf_i.o)
                0x08012f9c                _printf_common
 *fill*         0x08013076        0x2 
 .text._printf_i
                0x08013078      0x24c /opt/st/stm32cubeide_2.2.0/plugins/com.st.stm32cube.ide.mcu.externaltools.gnu-tools-for-stm32.14.3.rel1.linux64_1.0.100.202602081740/tools/bin/../lib/gcc/arm-none-eabi/14.3.1/../../../../arm-none-eabi/lib/thumb/v7e-m+dp/hard/libc_nano.a(libc_a-nano-vfprintf_i.o)
                0x08013078                _printf_i
 .text.std      0x080132c4       0x6c /opt/st/stm32cubeide_2.2.0/plugins/com.st.stm32cube.ide.mcu.externaltools.gnu-tools-for-stm32.14.3.rel1.linux64_1.0.100.202602081740/tools/bin/../lib/gcc/arm-none-eabi/14.3.1/../../../../arm-none-eabi/lib/thumb/v7e-m+dp/hard/libc_nano.a(libc_a-findfp.o)
 .text.stdio_exit_handler
                0x08013330       0x18 /opt/st/stm32cubeide_2.2.0/plugins/com.st.stm32cube.ide.mcu.externaltools.gnu-tools-for-stm32.14.3.rel1.linux64_1.0.100.202602081740/tools/bin/../lib/gcc/arm-none-eabi/14.3.1/../../../../arm-none-eabi/lib/thumb/v7e-m+dp/hard/libc_nano.a(libc_a-findfp.o)
 .text.cleanup_stdio
                0x08013348       0x40 /opt/st/stm32cubeide_2.2.0/plugins/com.st.stm32cube.ide.mcu.externaltools.gnu-tools-for-stm32.14.3.rel1.linux64_1.0.100.202602081740/tools/bin/../lib/gcc/arm-none-eabi/14.3.1/../../../../arm-none-eabi/lib/thumb/v7e-m+dp/hard/libc_nano.a(libc_a-findfp.o)
 .text.global_stdio_init.part.0
                0x08013388       0x40 /opt/st/stm32cubeide_2.2.0/plugins/com.st.stm32cube.ide.mcu.externaltools.gnu-tools-for-stm32.14.3.rel1.linux64_1.0.100.202602081740/tools/bin/../lib/gcc/arm-none-eabi/14.3.1/../../../../arm-none-eabi/lib/thumb/v7e-m+dp/hard/libc_nano.a(libc_a-findfp.o)
 .text.__sfp_lock_acquire
                0x080133c8        0xc /opt/st/stm32cubeide_2.2.0/plugins/com.st.stm32cube.ide.mcu.externaltools.gnu-tools-for-stm32.14.3.rel1.linux64_1.0.100.202602081740/tools/bin/../lib/gcc/arm-none-eabi/14.3.1/../../../../arm-none-eabi/lib/thumb/v7e-m+dp/hard/libc_nano.a(libc_a-findfp.o)
                0x080133c8                __sfp_lock_acquire
 .text.__sfp_lock_release
                0x080133d4        0xc /opt/st/stm32cubeide_2.2.0/plugins/com.st.stm32cube.ide.mcu.externaltools.gnu-tools-for-stm32.14.3.rel1.linux64_1.0.100.202602081740/tools/bin/../lib/gcc/arm-none-eabi/14.3.1/../../../../arm-none-eabi/lib/thumb/v7e-m+dp/hard/libc_nano.a(libc_a-findfp.o)
                0x080133d4                __sfp_lock_release
 .text.__sinit  0x080133e0       0x30 /opt/st/stm32cubeide_2.2.0/plugins/com.st.stm32cube.ide.mcu.externaltools.gnu-tools-for-stm32.14.3.rel1.linux64_1.0.100.202602081740/tools/bin/../lib/gcc/arm-none-eabi/14.3.1/../../../../arm-none-eabi/lib/thumb/v7e-m+dp/hard/libc_nano.a(libc_a-findfp.o)
                0x080133e0                __sinit
 .text._fwalk_sglue
                0x08013410       0x3c /opt/st/stm32cubeide_2.2.0/plugins/com.st.stm32cube.ide.mcu.externaltools.gnu-tools-for-stm32.14.3.rel1.linux64_1.0.100.202602081740/tools/bin/../lib/gcc/arm-none-eabi/14.3.1/../../../../arm-none-eabi/lib/thumb/v7e-m+dp/hard/libc_nano.a(libc_a-fwalk.o)
                0x08013410                _fwalk_sglue
 .text.printf   0x0801344c       0x24 /opt/st/stm32cubeide_2.2.0/plugins/com.st.stm32cube.ide.mcu.externaltools.gnu-tools-for-stm32.14.3.rel1.linux64_1.0.100.202602081740/tools/bin/../lib/gcc/arm-none-eabi/14.3.1/../../../../arm-none-eabi/lib/thumb/v7e-m+dp/hard/libc_nano.a(libc_a-printf.o)
                0x0801344c                printf
                0x0801344c                iprintf
 .text._puts_r  0x08013470       0xaa /opt/st/stm32cubeide_2.2.0/plugins/com.st.stm32cube.ide.mcu.externaltools.gnu-tools-for-stm32.14.3.rel1.linux64_1.0.100.202602081740/tools/bin/../lib/gcc/arm-none-eabi/14.3.1/../../../../arm-none-eabi/lib/thumb/v7e-m+dp/hard/libc_nano.a(libc_a-puts.o)
                0x08013470                _puts_r
 *fill*         0x0801351a        0x2 
 .text.puts     0x0801351c       0x10 /opt/st/stm32cubeide_2.2.0/plugins/com.st.stm32cube.ide.mcu.externaltools.gnu-tools-for-stm32.14.3.rel1.linux64_1.0.100.202602081740/tools/bin/../lib/gcc/arm-none-eabi/14.3.1/../../../../arm-none-eabi/lib/thumb/v7e-m+dp/hard/libc_nano.a(libc_a-puts.o)
                0x0801351c                puts
 .text.sprintf  0x0801352c       0x44 /opt/st/stm32cubeide_2.2.0/plugins/com.st.stm32cube.ide.mcu.externaltools.gnu-tools-for-stm32.14.3.rel1.linux64_1.0.100.202602081740/tools/bin/../lib/gcc/arm-none-eabi/14.3.1/../../../../arm-none-eabi/lib/thumb/v7e-m+dp/hard/libc_nano.a(libc_a-sprintf.o)
                0x0801352c                sprintf
                0x0801352c                siprintf
 .text.__sread  0x08013570       0x22 /opt/st/stm32cubeide_2.2.0/plugins/com.st.stm32cube.ide.mcu.externaltools.gnu-tools-for-stm32.14.3.rel1.linux64_1.0.100.202602081740/tools/bin/../lib/gcc/arm-none-eabi/14.3.1/../../../../arm-none-eabi/lib/thumb/v7e-m+dp/hard/libc_nano.a(libc_a-stdio.o)
                0x08013570                __sread
 .text.__swrite
                0x08013592       0x38 /opt/st/stm32cubeide_2.2.0/plugins/com.st.stm32cube.ide.mcu.externaltools.gnu-tools-for-stm32.14.3.rel1.linux64_1.0.100.202602081740/tools/bin/../lib/gcc/arm-none-eabi/14.3.1/../../../../arm-none-eabi/lib/thumb/v7e-m+dp/hard/libc_nano.a(libc_a-stdio.o)
                0x08013592                __swrite
 .text.__sseek  0x080135ca       0x26 /opt/st/stm32cubeide_2.2.0/plugins/com.st.stm32cube.ide.mcu.externaltools.gnu-tools-for-stm32.14.3.rel1.linux64_1.0.100.202602081740/tools/bin/../lib/gcc/arm-none-eabi/14.3.1/../../../../arm-none-eabi/lib/thumb/v7e-m+dp/hard/libc_nano.a(libc_a-stdio.o)
                0x080135ca                __sseek
 .text.__sclose
                0x080135f0        0x8 /opt/st/stm32cubeide_2.2.0/plugins/com.st.stm32cube.ide.mcu.externaltools.gnu-tools-for-stm32.14.3.rel1.linux64_1.0.100.202602081740/tools/bin/../lib/gcc/arm-none-eabi/14.3.1/../../../../arm-none-eabi/lib/thumb/v7e-m+dp/hard/libc_nano.a(libc_a-stdio.o)
                0x080135f0                __sclose
 .text.__swbuf_r
                0x080135f8       0x7c /opt/st/stm32cubeide_2.2.0/plugins/com.st.stm32cube.ide.mcu.externaltools.gnu-tools-for-stm32.14.3.rel1.linux64_1.0.100.202602081740/tools/bin/../lib/gcc/arm-none-eabi/14.3.1/../../../../arm-none-eabi/lib/thumb/v7e-m+dp/hard/libc_nano.a(libc_a-wbuf.o)
                0x080135f8                __swbuf_r
 .text.__swsetup_r
                0x08013674       0xa8 /opt/st/stm32cubeide_2.2.0/plugins/com.st.stm32cube.ide.mcu.externaltools.gnu-tools-for-stm32.14.3.rel1.linux64_1.0.100.202602081740/tools/bin/../lib/gcc/arm-none-eabi/14.3.1/../../../../arm-none-eabi/lib/thumb/v7e-m+dp/hard/libc_nano.a(libc_a-wsetup.o)
                0x08013674                __swsetup_r
 .text.memset   0x0801371c       0x10 /opt/st/stm32cubeide_2.2.0/plugins/com.st.stm32cube.ide.mcu.externaltools.gnu-tools-for-stm32.14.3.rel1.linux64_1.0.100.202602081740/tools/bin/../lib/gcc/arm-none-eabi/14.3.1/../../../../arm-none-eabi/lib/thumb/v7e-m+dp/hard/libc_nano.a(libc_a-memset.o)
                0x0801371c                memset
 .text._localeconv_r
                0x0801372c        0x8 /opt/st/stm32cubeide_2.2.0/plugins/com.st.stm32cube.ide.mcu.externaltools.gnu-tools-for-stm32.14.3.rel1.linux64_1.0.100.202602081740/tools/bin/../lib/gcc/arm-none-eabi/14.3.1/../../../../arm-none-eabi/lib/thumb/v7e-m+dp/hard/libc_nano.a(libc_a-localeconv.o)
                0x0801372c                _localeconv_r
 .text._close_r
                0x08013734       0x20 /opt/st/stm32cubeide_2.2.0/plugins/com.st.stm32cube.ide.mcu.externaltools.gnu-tools-for-stm32.14.3.rel1.linux64_1.0.100.202602081740/tools/bin/../lib/gcc/arm-none-eabi/14.3.1/../../../../arm-none-eabi/lib/thumb/v7e-m+dp/hard/libc_nano.a(libc_a-closer.o)
                0x08013734                _close_r
 .text._lseek_r
                0x08013754       0x24 /opt/st/stm32cubeide_2.2.0/plugins/com.st.stm32cube.ide.mcu.externaltools.gnu-tools-for-stm32.14.3.rel1.linux64_1.0.100.202602081740/tools/bin/../lib/gcc/arm-none-eabi/14.3.1/../../../../arm-none-eabi/lib/thumb/v7e-m+dp/hard/libc_nano.a(libc_a-lseekr.o)
                0x08013754                _lseek_r
 .text._read_r  0x08013778       0x24 /opt/st/stm32cubeide_2.2.0/plugins/com.st.stm32cube.ide.mcu.externaltools.gnu-tools-for-stm32.14.3.rel1.linux64_1.0.100.202602081740/tools/bin/../lib/gcc/arm-none-eabi/14.3.1/../../../../arm-none-eabi/lib/thumb/v7e-m+dp/hard/libc_nano.a(libc_a-readr.o)
                0x08013778                _read_r
 .text._write_r
                0x0801379c       0x24 /opt/st/stm32cubeide_2.2.0/plugins/com.st.stm32cube.ide.mcu.externaltools.gnu-tools-for-stm32.14.3.rel1.linux64_1.0.100.202602081740/tools/bin/../lib/gcc/arm-none-eabi/14.3.1/../../../../arm-none-eabi/lib/thumb/v7e-m+dp/hard/libc_nano.a(libc_a-writer.o)
                0x0801379c                _write_r
 .text.__errno  0x080137c0        0xc /opt/st/stm32cubeide_2.2.0/plugins/com.st.stm32cube.ide.mcu.externaltools.gnu-tools-for-stm32.14.3.rel1.linux64_1.0.100.202602081740/tools/bin/../lib/gcc/arm-none-eabi/14.3.1/../../../../arm-none-eabi/lib/thumb/v7e-m+dp/hard/libc_nano.a(libc_a-errno.o)
                0x080137c0                __errno
 .text.__libc_init_array
                0x080137cc       0x48 /opt/st/stm32cubeide_2.2.0/plugins/com.st.stm32cube.ide.mcu.externaltools.gnu-tools-for-stm32.14.3.rel1.linux64_1.0.100.202602081740/tools/bin/../lib/gcc/arm-none-eabi/14.3.1/../../../../arm-none-eabi/lib/thumb/v7e-m+dp/hard/libc_nano.a(libc_a-init.o)
                0x080137cc                __libc_init_array
 .text.__retarget_lock_init_recursive
                0x08013814        0x2 /opt/st/stm32cubeide_2.2.0/plugins/com.st.stm32cube.ide.mcu.externaltools.gnu-tools-for-stm32.14.3.rel1.linux64_1.0.100.202602081740/tools/bin/../lib/gcc/arm-none-eabi/14.3.1/../../../../arm-none-eabi/lib/thumb/v7e-m+dp/hard/libc_nano.a(libc_a-lock.o)
                0x08013814                __retarget_lock_init_recursive
 .text.__retarget_lock_acquire_recursive
                0x08013816        0x2 /opt/st/stm32cubeide_2.2.0/plugins/com.st.stm32cube.ide.mcu.externaltools.gnu-tools-for-stm32.14.3.rel1.linux64_1.0.100.202602081740/tools/bin/../lib/gcc/arm-none-eabi/14.3.1/../../../../arm-none-eabi/lib/thumb/v7e-m+dp/hard/libc_nano.a(libc_a-lock.o)
                0x08013816                __retarget_lock_acquire_recursive
 .text.__retarget_lock_release_recursive
                0x08013818        0x2 /opt/st/stm32cubeide_2.2.0/plugins/com.st.stm32cube.ide.mcu.externaltools.gnu-tools-for-stm32.14.3.rel1.linux64_1.0.100.202602081740/tools/bin/../lib/gcc/arm-none-eabi/14.3.1/../../../../arm-none-eabi/lib/thumb/v7e-m+dp/hard/libc_nano.a(libc_a-lock.o)
                0x08013818                __retarget_lock_release_recursive
 .text.memcpy   0x0801381a       0x1c /opt/st/stm32cubeide_2.2.0/plugins/com.st.stm32cube.ide.mcu.externaltools.gnu-tools-for-stm32.14.3.rel1.linux64_1.0.100.202602081740/tools/bin/../lib/gcc/arm-none-eabi/14.3.1/../../../../arm-none-eabi/lib/thumb/v7e-m+dp/hard/libc_nano.a(libc_a-memcpy-stub.o)
                0x0801381a                memcpy
 .text.quorem   0x08013836      0x110 /opt/st/stm32cubeide_2.2.0/plugins/com.st.stm32cube.ide.mcu.externaltools.gnu-tools-for-stm32.14.3.rel1.linux64_1.0.100.202602081740/tools/bin/../lib/gcc/arm-none-eabi/14.3.1/../../../../arm-none-eabi/lib/thumb/v7e-m+dp/hard/libc_nano.a(libc_a-dtoa.o)
 *fill*         0x08013946        0x2 
 .text._dtoa_r  0x08013948      0xa94 /opt/st/stm32cubeide_2.2.0/plugins/com.st.stm32cube.ide.mcu.externaltools.gnu-tools-for-stm32.14.3.rel1.linux64_1.0.100.202602081740/tools/bin/../lib/gcc/arm-none-eabi/14.3.1/../../../../arm-none-eabi/lib/thumb/v7e-m+dp/hard/libc_nano.a(libc_a-dtoa.o)
                0x08013948                _dtoa_r
 .text._free_r  0x080143dc       0x94 /opt/st/stm32cubeide_2.2.0/plugins/com.st.stm32cube.ide.mcu.externaltools.gnu-tools-for-stm32.14.3.rel1.linux64_1.0.100.202602081740/tools/bin/../lib/gcc/arm-none-eabi/14.3.1/../../../../arm-none-eabi/lib/thumb/v7e-m+dp/hard/libc_nano.a(libc_a-freer.o)
                0x080143dc                _free_r
 .text.malloc   0x08014470       0x10 /opt/st/stm32cubeide_2.2.0/plugins/com.st.stm32cube.ide.mcu.externaltools.gnu-tools-for-stm32.14.3.rel1.linux64_1.0.100.202602081740/tools/bin/../lib/gcc/arm-none-eabi/14.3.1/../../../../arm-none-eabi/lib/thumb/v7e-m+dp/hard/libc_nano.a(libc_a-malloc.o)
                0x08014470                malloc
 .text.sbrk_aligned
                0x08014480       0x44 /opt/st/stm32cubeide_2.2.0/plugins/com.st.stm32cube.ide.mcu.externaltools.gnu-tools-for-stm32.14.3.rel1.linux64_1.0.100.202602081740/tools/bin/../lib/gcc/arm-none-eabi/14.3.1/../../../../arm-none-eabi/lib/thumb/v7e-m+dp/hard/libc_nano.a(libc_a-mallocr.o)
 .text._malloc_r
                0x080144c4      0x100 /opt/st/stm32cubeide_2.2.0/plugins/com.st.stm32cube.ide.mcu.externaltools.gnu-tools-for-stm32.14.3.rel1.linux64_1.0.100.202602081740/tools/bin/../lib/gcc/arm-none-eabi/14.3.1/../../../../arm-none-eabi/lib/thumb/v7e-m+dp/hard/libc_nano.a(libc_a-mallocr.o)
                0x080144c4                _malloc_r
 .text.__malloc_lock
                0x080145c4        0xc /opt/st/stm32cubeide_2.2.0/plugins/com.st.stm32cube.ide.mcu.externaltools.gnu-tools-for-stm32.14.3.rel1.linux64_1.0.100.202602081740/tools/bin/../lib/gcc/arm-none-eabi/14.3.1/../../../../arm-none-eabi/lib/thumb/v7e-m+dp/hard/libc_nano.a(libc_a-mlock.o)
                0x080145c4                __malloc_lock
 .text.__malloc_unlock
                0x080145d0        0xc /opt/st/stm32cubeide_2.2.0/plugins/com.st.stm32cube.ide.mcu.externaltools.gnu-tools-for-stm32.14.3.rel1.linux64_1.0.100.202602081740/tools/bin/../lib/gcc/arm-none-eabi/14.3.1/../../../../arm-none-eabi/lib/thumb/v7e-m+dp/hard/libc_nano.a(libc_a-mlock.o)
                0x080145d0                __malloc_unlock
 .text._Balloc  0x080145dc       0x7c /opt/st/stm32cubeide_2.2.0/plugins/com.st.stm32cube.ide.mcu.externaltools.gnu-tools-for-stm32.14.3.rel1.linux64_1.0.100.202602081740/tools/bin/../lib/gcc/arm-none-eabi/14.3.1/../../../../arm-none-eabi/lib/thumb/v7e-m+dp/hard/libc_nano.a(libc_a-mprec.o)
                0x080145dc                _Balloc
 .text._Bfree   0x08014658       0x44 /opt/st/stm32cubeide_2.2.0/plugins/com.st.stm32cube.ide.mcu.externaltools.gnu-tools-for-stm32.14.3.rel1.linux64_1.0.100.202602081740/tools/bin/../lib/gcc/arm-none-eabi/14.3.1/../../../../arm-none-eabi/lib/thumb/v7e-m+dp/hard/libc_nano.a(libc_a-mprec.o)
                0x08014658                _Bfree
 .text.__multadd
                0x0801469c       0x8c /opt/st/stm32cubeide_2.2.0/plugins/com.st.stm32cube.ide.mcu.externaltools.gnu-tools-for-stm32.14.3.rel1.linux64_1.0.100.202602081740/tools/bin/../lib/gcc/arm-none-eabi/14.3.1/../../../../arm-none-eabi/lib/thumb/v7e-m+dp/hard/libc_nano.a(libc_a-mprec.o)
                0x0801469c                __multadd
 .text.__hi0bits
                0x08014728       0x3e /opt/st/stm32cubeide_2.2.0/plugins/com.st.stm32cube.ide.mcu.externaltools.gnu-tools-for-stm32.14.3.rel1.linux64_1.0.100.202602081740/tools/bin/../lib/gcc/arm-none-eabi/14.3.1/../../../../arm-none-eabi/lib/thumb/v7e-m+dp/hard/libc_nano.a(libc_a-mprec.o)
                0x08014728                __hi0bits
 .text.__lo0bits
                0x08014766       0x5a /opt/st/stm32cubeide_2.2.0/plugins/com.st.stm32cube.ide.mcu.externaltools.gnu-tools-for-stm32.14.3.rel1.linux64_1.0.100.202602081740/tools/bin/../lib/gcc/arm-none-eabi/14.3.1/../../../../arm-none-eabi/lib/thumb/v7e-m+dp/hard/libc_nano.a(libc_a-mprec.o)
                0x08014766                __lo0bits
 .text.__i2b    0x080147c0       0x2c /opt/st/stm32cubeide_2.2.0/plugins/com.st.stm32cube.ide.mcu.externaltools.gnu-tools-for-stm32.14.3.rel1.linux64_1.0.100.202602081740/tools/bin/../lib/gcc/arm-none-eabi/14.3.1/../../../../arm-none-eabi/lib/thumb/v7e-m+dp/hard/libc_nano.a(libc_a-mprec.o)
                0x080147c0                __i2b
 .text.__multiply
                0x080147ec      0x154 /opt/st/stm32cubeide_2.2.0/plugins/com.st.stm32cube.ide.mcu.externaltools.gnu-tools-for-stm32.14.3.rel1.linux64_1.0.100.202602081740/tools/bin/../lib/gcc/arm-none-eabi/14.3.1/../../../../arm-none-eabi/lib/thumb/v7e-m+dp/hard/libc_nano.a(libc_a-mprec.o)
                0x080147ec                __multiply
 .text.__pow5mult
                0x08014940       0xb8 /opt/st/stm32cubeide_2.2.0/plugins/com.st.stm32cube.ide.mcu.externaltools.gnu-tools-for-stm32.14.3.rel1.linux64_1.0.100.202602081740/tools/bin/../lib/gcc/arm-none-eabi/14.3.1/../../../../arm-none-eabi/lib/thumb/v7e-m+dp/hard/libc_nano.a(libc_a-mprec.o)
                0x08014940                __pow5mult
 .text.__lshift
                0x080149f8       0xdc /opt/st/stm32cubeide_2.2.0/plugins/com.st.stm32cube.ide.mcu.externaltools.gnu-tools-for-stm32.14.3.rel1.linux64_1.0.100.202602081740/tools/bin/../lib/gcc/arm-none-eabi/14.3.1/../../../../arm-none-eabi/lib/thumb/v7e-m+dp/hard/libc_nano.a(libc_a-mprec.o)
                0x080149f8                __lshift
 .text.__mcmp   0x08014ad4       0x36 /opt/st/stm32cubeide_2.2.0/plugins/com.st.stm32cube.ide.mcu.externaltools.gnu-tools-for-stm32.14.3.rel1.linux64_1.0.100.202602081740/tools/bin/../lib/gcc/arm-none-eabi/14.3.1/../../../../arm-none-eabi/lib/thumb/v7e-m+dp/hard/libc_nano.a(libc_a-mprec.o)
                0x08014ad4                __mcmp
 *fill*         0x08014b0a        0x2 
 .text.__mdiff  0x08014b0c      0x130 /opt/st/stm32cubeide_2.2.0/plugins/com.st.stm32cube.ide.mcu.externaltools.gnu-tools-for-stm32.14.3.rel1.linux64_1.0.100.202602081740/tools/bin/../lib/gcc/arm-none-eabi/14.3.1/../../../../arm-none-eabi/lib/thumb/v7e-m+dp/hard/libc_nano.a(libc_a-mprec.o)
                0x08014b0c                __mdiff
 .text.__d2b    0x08014c3c       0xb0 /opt/st/stm32cubeide_2.2.0/plugins/com.st.stm32cube.ide.mcu.externaltools.gnu-tools-for-stm32.14.3.rel1.linux64_1.0.100.202602081740/tools/bin/../lib/gcc/arm-none-eabi/14.3.1/../../../../arm-none-eabi/lib/thumb/v7e-m+dp/hard/libc_nano.a(libc_a-mprec.o)
                0x08014c3c                __d2b
 .text.__ssputs_r