../Core/Inc/bno055_stm32.h:20:6:bno055_assignI2C	0	static
../Core/Inc/bno055_stm32.h:24:6:bno055_delay	0	static
../Core/Inc/bno055_stm32.h:32:6:bno055_writeData	24	static
../Core/Inc/bno055_stm32.h:96:6:bno055_readData	40	static
../Core/Src/main.c:161:6:LED_Pisca	8	static
../Core/Src/main.c:223:7:computePIDLeft	0	static
../Core/Src/main.c:244:7:computePIDRight	0	static
../Core/Src/main.c:266:7:OmegaSpeedLeft	0	static
../Core/Src/main.c:271:7:OmegaSpeedRight	0	static
../Core/Src/main.c:300:6:Wheel_Commands	40	static
../Core/Src/main.c:572:6:Error_Handler	8	static
../Core/Src/main.c:505:6:SystemClock_Config	128	static
../Core/Src/main.c:347:5:main	272	static,ignoring_inline_asm
