../Core/Src/lcd.c:58:6:LCD_Test	48	static
../Core/Src/lcd.c:109:6:LCD_SetBrightness	16	static
../Core/Src/lcd.c:114:10:LCD_GetBrightness	4	static
../Core/Src/lcd.c:123:6:LCD_Light	48	static
../Core/Src/lcd.c:171:6:LCD_ShowChar	128	dynamic
../Core/Src/lcd.c:255:6:LCD_ShowString	40	static
../Core/Src/lcd.c:270:16:lcd_init	16	static
../Core/Src/lcd.c:277:16:lcd_gettick	8	static
../Core/Src/lcd.c:282:16:lcd_writereg	32	static
../Core/Src/lcd.c:299:16:lcd_readreg	24	static
../Core/Src/lcd.c:316:16:lcd_senddata	24	static
../Core/Src/lcd.c:330:16:lcd_recvdata	24	static
