../Core/Inc/bno055_stm32.h:20:6:bno055_assignI2C	16	static
../Core/Inc/bno055_stm32.h:24:6:bno055_delay	16	static
../Core/Inc/bno055_stm32.h:32:6:bno055_writeData	40	static
../Core/Inc/bno055_stm32.h:96:6:bno055_readData	24	static
../Core/Src/main.c:121:13:MPU_Config	24	static
../Core/Src/main.c:160:13:CPU_CACHE_Enable	24	static,ignoring_inline_asm
../Core/Src/main.c:169:6:LED_Pisca	16	static
../Core/Src/main.c:177:7:calcular_PID	240	static
../Core/Src/main.c:217:7:OmegaSpeedLeft	24	static
../Core/Src/main.c:223:7:OmegaSpeedRight	24	static
../Core/Src/main.c:229:7:Linear2RPM	16	static
../Core/Src/main.c:245:5:main	328	static
../Core/Src/main.c:463:6:SystemClock_Config	120	static
../Core/Src/main.c:526:6:Error_Handler	8	static
