../Core/Inc/bno055_stm32.h:20:6:bno055_assignI2C	1
../Core/Inc/bno055_stm32.h:24:6:bno055_delay	1
../Core/Inc/bno055_stm32.h:32:6:bno055_writeData	21
../Core/Inc/bno055_stm32.h:96:6:bno055_readData	1
../Core/Src/main.c:131:13:MPU_Config	1
../Core/Src/main.c:170:13:CPU_CACHE_Enable	5
../Core/Src/main.c:179:6:LED_Pisca	1
../Core/Src/main.c:243:7:calcular_PID	3
../Core/Src/main.c:283:7:OmegaSpeedLeft	1
../Core/Src/main.c:288:7:OmegaSpeedRight	1
../Core/Src/main.c:348:5:main	8
../Core/Src/main.c:595:6:SystemClock_Config	4
../Core/Src/main.c:658:6:Error_Handler	1
