../Core/Inc/bno055_stm32.h:20:6:bno055_assignI2C	1
../Core/Inc/bno055_stm32.h:24:6:bno055_delay	1
../Core/Inc/bno055_stm32.h:32:6:bno055_writeData	21
../Core/Inc/bno055_stm32.h:96:6:bno055_readData	1
../Core/Src/main.c:129:13:MPU_Config	1
../Core/Src/main.c:168:13:CPU_CACHE_Enable	5
../Core/Src/main.c:177:6:LED_Pisca	1
../Core/Src/main.c:185:7:calcular_PID	3
../Core/Src/main.c:225:7:OmegaSpeedLeft	1
../Core/Src/main.c:231:7:OmegaSpeedRight	1
../Core/Src/main.c:237:7:Linear2RPM	1
../Core/Src/main.c:241:6:CalcularVelAngularRodas	1
../Core/Src/main.c:252:6:ControleReferenciaVariavelPosicao	8
../Core/Src/main.c:292:5:main	8
../Core/Src/main.c:506:6:SystemClock_Config	4
../Core/Src/main.c:569:6:Error_Handler	1
