../Core/Inc/bno055_stm32.h:20:6:bno055_assignI2C	16	static
../Core/Inc/bno055_stm32.h:24:6:bno055_delay	16	static
../Core/Inc/bno055_stm32.h:32:6:bno055_writeData	40	static
../Core/Inc/bno055_stm32.h:96:6:bno055_readData	24	static
../Core/Src/main.c:129:13:MPU_Config	24	static
../Core/Src/main.c:168:13:CPU_CACHE_Enable	24	static,ignoring_inline_asm
../Core/Src/main.c:177:6:LED_Pisca	16	static
../Core/Src/main.c:185:7:calcular_PID	240	static
../Core/Src/main.c:225:7:OmegaSpeedLeft	24	static
../Core/Src/main.c:231:7:OmegaSpeedRight	24	static
../Core/Src/main.c:237:7:Linear2RPM	16	static
../Core/Src/main.c:241:6:CalcularVelAngularRodas	24	static
../Core/Src/main.c:252:6:ControleReferenciaVariavelPosicao	72	static
../Core/Src/main.c:292:5:main	272	static
../Core/Src/main.c:506:6:SystemClock_Config	120	static
../Core/Src/main.c:569:6:Error_Handler	8	static
